<!doctype html public "-//w3c//dtd html 4.0 transitional//en">
<html><head>
<title>Static Call Graph - [..\OBJ\do_detect.axf]</title></head>
<body><HR>
<H1>Static Call Graph for image ..\OBJ\do_detect.axf</H1><HR>
<BR><P>#&#060CALLGRAPH&#062# ARM Linker, 5040049: Last Updated: Sat Apr 22 11:52:48 2017
<BR><P>
<H3>Maximum Stack Usage =        320 bytes + Unknown(Functions without stacksize, Cycles, Untraceable Function Pointers)</H3><H3>
Call chain for Maximum Stack Depth:</H3>
_printf_f &rArr; _printf_fp_dec &rArr; _printf_fp_dec_real &rArr; _fp_digits &rArr; _btod_etento &rArr; _btod_emul &rArr; _e2e
<P>
<H3>
Functions with no stack information
</H3><UL>
 <LI><a href="#[1a7]">__user_initial_stackheap</a>
 <LI><a href="#[140]">OS_CPU_SR_Save</a>
 <LI><a href="#[141]">OS_CPU_SR_Restore</a>
 <LI><a href="#[155]">OSStartHighRdy</a>
 <LI><a href="#[154]">OSCtxSw</a>
 <LI><a href="#[152]">OSIntCtxSw</a>
 <LI><a href="#[c]">PendSV_Handler</a>
</UL>
</UL>
<P>
<H3>
Mutually Recursive functions
</H3> <LI><a href="#[20]">ADC1_2_IRQHandler</a>&nbsp;&nbsp;&nbsp;&rArr;&nbsp;&nbsp;&nbsp;<a href="#[20]">ADC1_2_IRQHandler</a><BR>
</UL>
<P>
<H3>
Function Pointers
</H3><UL>
 <LI><a href="#[20]">ADC1_2_IRQHandler</a> from startup_stm32f10x_md.o(.text) referenced from startup_stm32f10x_md.o(RESET)
 <LI><a href="#[8]">BusFault_Handler</a> from stm32f10x_it.o(.text) referenced from startup_stm32f10x_md.o(RESET)
 <LI><a href="#[23]">CAN1_RX1_IRQHandler</a> from startup_stm32f10x_md.o(.text) referenced from startup_stm32f10x_md.o(RESET)
 <LI><a href="#[24]">CAN1_SCE_IRQHandler</a> from startup_stm32f10x_md.o(.text) referenced from startup_stm32f10x_md.o(RESET)
 <LI><a href="#[19]">DMA1_Channel1_IRQHandler</a> from startup_stm32f10x_md.o(.text) referenced from startup_stm32f10x_md.o(RESET)
 <LI><a href="#[1a]">DMA1_Channel2_IRQHandler</a> from startup_stm32f10x_md.o(.text) referenced from startup_stm32f10x_md.o(RESET)
 <LI><a href="#[1b]">DMA1_Channel3_IRQHandler</a> from startup_stm32f10x_md.o(.text) referenced from startup_stm32f10x_md.o(RESET)
 <LI><a href="#[1c]">DMA1_Channel4_IRQHandler</a> from startup_stm32f10x_md.o(.text) referenced from startup_stm32f10x_md.o(RESET)
 <LI><a href="#[1d]">DMA1_Channel5_IRQHandler</a> from startup_stm32f10x_md.o(.text) referenced from startup_stm32f10x_md.o(RESET)
 <LI><a href="#[1e]">DMA1_Channel6_IRQHandler</a> from startup_stm32f10x_md.o(.text) referenced from startup_stm32f10x_md.o(RESET)
 <LI><a href="#[1f]">DMA1_Channel7_IRQHandler</a> from startup_stm32f10x_md.o(.text) referenced from startup_stm32f10x_md.o(RESET)
 <LI><a href="#[b]">DebugMon_Handler</a> from stm32f10x_it.o(.text) referenced from startup_stm32f10x_md.o(RESET)
 <LI><a href="#[14]">EXTI0_IRQHandler</a> from startup_stm32f10x_md.o(.text) referenced from startup_stm32f10x_md.o(RESET)
 <LI><a href="#[36]">EXTI15_10_IRQHandler</a> from startup_stm32f10x_md.o(.text) referenced from startup_stm32f10x_md.o(RESET)
 <LI><a href="#[15]">EXTI1_IRQHandler</a> from startup_stm32f10x_md.o(.text) referenced from startup_stm32f10x_md.o(RESET)
 <LI><a href="#[16]">EXTI2_IRQHandler</a> from startup_stm32f10x_md.o(.text) referenced from startup_stm32f10x_md.o(RESET)
 <LI><a href="#[17]">EXTI3_IRQHandler</a> from startup_stm32f10x_md.o(.text) referenced from startup_stm32f10x_md.o(RESET)
 <LI><a href="#[18]">EXTI4_IRQHandler</a> from startup_stm32f10x_md.o(.text) referenced from startup_stm32f10x_md.o(RESET)
 <LI><a href="#[25]">EXTI9_5_IRQHandler</a> from startup_stm32f10x_md.o(.text) referenced from startup_stm32f10x_md.o(RESET)
 <LI><a href="#[12]">FLASH_IRQHandler</a> from startup_stm32f10x_md.o(.text) referenced from startup_stm32f10x_md.o(RESET)
 <LI><a href="#[6]">HardFault_Handler</a> from stm32f10x_it.o(.text) referenced from startup_stm32f10x_md.o(RESET)
 <LI><a href="#[2e]">I2C1_ER_IRQHandler</a> from startup_stm32f10x_md.o(.text) referenced from startup_stm32f10x_md.o(RESET)
 <LI><a href="#[2d]">I2C1_EV_IRQHandler</a> from startup_stm32f10x_md.o(.text) referenced from startup_stm32f10x_md.o(RESET)
 <LI><a href="#[30]">I2C2_ER_IRQHandler</a> from startup_stm32f10x_md.o(.text) referenced from startup_stm32f10x_md.o(RESET)
 <LI><a href="#[2f]">I2C2_EV_IRQHandler</a> from startup_stm32f10x_md.o(.text) referenced from startup_stm32f10x_md.o(RESET)
 <LI><a href="#[7]">MemManage_Handler</a> from stm32f10x_it.o(.text) referenced from startup_stm32f10x_md.o(RESET)
 <LI><a href="#[5]">NMI_Handler</a> from stm32f10x_it.o(.text) referenced from startup_stm32f10x_md.o(RESET)
 <LI><a href="#[3d]">OSTaskSwHook</a> from os_cpu_c.o(.text) referenced from os_cpu_a.o(.text)
 <LI><a href="#[145]">OS_TaskIdle</a> from os_core.o(.text) referenced from os_core.o(.text)
 <LI><a href="#[13f]">OS_TaskStat</a> from os_core.o(.text) referenced from os_core.o(.text)
 <LI><a href="#[f]">PVD_IRQHandler</a> from startup_stm32f10x_md.o(.text) referenced from startup_stm32f10x_md.o(RESET)
 <LI><a href="#[c]">PendSV_Handler</a> from os_cpu_a.o(.text) referenced from startup_stm32f10x_md.o(RESET)
 <LI><a href="#[13]">RCC_IRQHandler</a> from startup_stm32f10x_md.o(.text) referenced from startup_stm32f10x_md.o(RESET)
 <LI><a href="#[37]">RTCAlarm_IRQHandler</a> from startup_stm32f10x_md.o(.text) referenced from startup_stm32f10x_md.o(RESET)
 <LI><a href="#[11]">RTC_IRQHandler</a> from startup_stm32f10x_md.o(.text) referenced from startup_stm32f10x_md.o(RESET)
 <LI><a href="#[4]">Reset_Handler</a> from startup_stm32f10x_md.o(.text) referenced from startup_stm32f10x_md.o(RESET)
 <LI><a href="#[31]">SPI1_IRQHandler</a> from startup_stm32f10x_md.o(.text) referenced from startup_stm32f10x_md.o(RESET)
 <LI><a href="#[32]">SPI2_IRQHandler</a> from startup_stm32f10x_md.o(.text) referenced from startup_stm32f10x_md.o(RESET)
 <LI><a href="#[a]">SVC_Handler</a> from stm32f10x_it.o(.text) referenced from startup_stm32f10x_md.o(RESET)
 <LI><a href="#[d]">SysTick_Handler</a> from main.o(.text) referenced from startup_stm32f10x_md.o(RESET)
 <LI><a href="#[3b]">SystemInit</a> from system_stm32f10x.o(.text) referenced from startup_stm32f10x_md.o(.text)
 <LI><a href="#[10]">TAMPER_IRQHandler</a> from startup_stm32f10x_md.o(.text) referenced from startup_stm32f10x_md.o(RESET)
 <LI><a href="#[26]">TIM1_BRK_IRQHandler</a> from startup_stm32f10x_md.o(.text) referenced from startup_stm32f10x_md.o(RESET)
 <LI><a href="#[29]">TIM1_CC_IRQHandler</a> from startup_stm32f10x_md.o(.text) referenced from startup_stm32f10x_md.o(RESET)
 <LI><a href="#[28]">TIM1_TRG_COM_IRQHandler</a> from startup_stm32f10x_md.o(.text) referenced from startup_stm32f10x_md.o(RESET)
 <LI><a href="#[27]">TIM1_UP_IRQHandler</a> from startup_stm32f10x_md.o(.text) referenced from startup_stm32f10x_md.o(RESET)
 <LI><a href="#[2a]">TIM2_IRQHandler</a> from startup_stm32f10x_md.o(.text) referenced from startup_stm32f10x_md.o(RESET)
 <LI><a href="#[2b]">TIM3_IRQHandler</a> from startup_stm32f10x_md.o(.text) referenced from startup_stm32f10x_md.o(RESET)
 <LI><a href="#[2c]">TIM4_IRQHandler</a> from startup_stm32f10x_md.o(.text) referenced from startup_stm32f10x_md.o(RESET)
 <LI><a href="#[33]">USART1_IRQHandler</a> from stm32f10x_it.o(.text) referenced from startup_stm32f10x_md.o(RESET)
 <LI><a href="#[34]">USART2_IRQHandler</a> from startup_stm32f10x_md.o(.text) referenced from startup_stm32f10x_md.o(RESET)
 <LI><a href="#[35]">USART3_IRQHandler</a> from startup_stm32f10x_md.o(.text) referenced from startup_stm32f10x_md.o(RESET)
 <LI><a href="#[38]">USBWakeUp_IRQHandler</a> from startup_stm32f10x_md.o(.text) referenced from startup_stm32f10x_md.o(RESET)
 <LI><a href="#[21]">USB_HP_CAN1_TX_IRQHandler</a> from startup_stm32f10x_md.o(.text) referenced from startup_stm32f10x_md.o(RESET)
 <LI><a href="#[22]">USB_LP_CAN1_RX0_IRQHandler</a> from startup_stm32f10x_md.o(.text) referenced from startup_stm32f10x_md.o(RESET)
 <LI><a href="#[9]">UsageFault_Handler</a> from stm32f10x_it.o(.text) referenced from startup_stm32f10x_md.o(RESET)
 <LI><a href="#[e]">WWDG_IRQHandler</a> from startup_stm32f10x_md.o(.text) referenced from startup_stm32f10x_md.o(RESET)
 <LI><a href="#[45]">__main</a> from __main.o(!!!main) referenced from startup_stm32f10x_md.o(.text)
 <LI><a href="#[44]">_get_lc_ctype</a> from lc_ctype_c.o(locale$$code) referenced from rt_ctype_table.o(.text)
 <LI><a href="#[41]">_printf_input_char</a> from _printf_char_common.o(.text) referenced from _printf_char_common.o(.text)
 <LI><a href="#[40]">_sbackspace</a> from _sgetc.o(.text) referenced from __0sscanf.o(.text)
 <LI><a href="#[42]">_scanf_char_input</a> from scanf_char.o(.text) referenced from scanf_char.o(.text)
 <LI><a href="#[3f]">_sgetc</a> from _sgetc.o(.text) referenced from __0sscanf.o(.text)
 <LI><a href="#[3e]">_sputc</a> from _sputc.o(.text) referenced from noretval__2sprintf.o(.text)
 <LI><a href="#[43]">isspace</a> from isspace.o(.text) referenced from scanf_char.o(.text)
 <LI><a href="#[6a]">task0_start</a> from main.o(.text) referenced from main.o(.text)
 <LI><a href="#[39]">task_general_ctrl</a> from task_general_control.o(.text) referenced from main.o(.text)
 <LI><a href="#[3a]">task_touch_UI</a> from task_touch_ui.o(.text) referenced from main.o(.text)
</UL>
<P>
<H3>
Global Symbols
</H3>
<P><STRONG><a name="[45]"></a>__main</STRONG> (Thumb, 8 bytes, Stack size 0 bytes, __main.o(!!!main))
<BR><BR>[Calls]<UL><LI><a href="#[47]">&gt;&gt;</a>&nbsp;&nbsp;&nbsp;__rt_entry
<LI><a href="#[46]">&gt;&gt;</a>&nbsp;&nbsp;&nbsp;__scatterload
</UL>

<P><STRONG><a name="[46]"></a>__scatterload</STRONG> (Thumb, 0 bytes, Stack size unknown bytes, __scatter.o(!!!scatter))
<BR><BR>[Called By]<UL><LI><a href="#[45]">&gt;&gt;</a>&nbsp;&nbsp;&nbsp;__main
</UL>

<P><STRONG><a name="[48]"></a>__scatterload_rt2</STRONG> (Thumb, 44 bytes, Stack size unknown bytes, __scatter.o(!!!scatter), UNUSED)
<BR><BR>[Calls]<UL><LI><a href="#[47]">&gt;&gt;</a>&nbsp;&nbsp;&nbsp;__rt_entry
</UL>

<P><STRONG><a name="[1c4]"></a>__scatterload_rt2_thumb_only</STRONG> (Thumb, 0 bytes, Stack size unknown bytes, __scatter.o(!!!scatter), UNUSED)

<P><STRONG><a name="[1c5]"></a>__scatterload_null</STRONG> (Thumb, 0 bytes, Stack size unknown bytes, __scatter.o(!!!scatter), UNUSED)

<P><STRONG><a name="[49]"></a>__scatterload_copy</STRONG> (Thumb, 26 bytes, Stack size unknown bytes, __scatter_copy.o(!!handler_copy), UNUSED)
<BR><BR>[Calls]<UL><LI><a href="#[49]">&gt;&gt;</a>&nbsp;&nbsp;&nbsp;__scatterload_copy
</UL>
<BR>[Called By]<UL><LI><a href="#[49]">&gt;&gt;</a>&nbsp;&nbsp;&nbsp;__scatterload_copy
</UL>

<P><STRONG><a name="[1c6]"></a>__scatterload_zeroinit</STRONG> (Thumb, 28 bytes, Stack size unknown bytes, __scatter_zi.o(!!handler_zi), UNUSED)

<P><STRONG><a name="[4a]"></a>_printf_f</STRONG> (Thumb, 0 bytes, Stack size unknown bytes, _printf_f.o(.ARM.Collect$$_printf_percent$$00000003))
<BR><BR>[Stack]<UL><LI>Max Depth = 320 + Unknown Stack Size
<LI>Call Chain = _printf_f &rArr; _printf_fp_dec &rArr; _printf_fp_dec_real &rArr; _fp_digits &rArr; _btod_etento &rArr; _btod_emul &rArr; _e2e
</UL>
<BR>[Calls]<UL><LI><a href="#[4b]">&gt;&gt;</a>&nbsp;&nbsp;&nbsp;_printf_fp_dec
</UL>

<P><STRONG><a name="[192]"></a>_printf_percent</STRONG> (Thumb, 0 bytes, Stack size unknown bytes, _printf_percent.o(.ARM.Collect$$_printf_percent$$00000000))
<BR><BR>[Called By]<UL><LI><a href="#[190]">&gt;&gt;</a>&nbsp;&nbsp;&nbsp;__printf
</UL>

<P><STRONG><a name="[1c7]"></a>_printf_percent_end</STRONG> (Thumb, 0 bytes, Stack size unknown bytes, _printf_percent_end.o(.ARM.Collect$$_printf_percent$$00000017))

<P><STRONG><a name="[54]"></a>__rt_lib_init</STRONG> (Thumb, 0 bytes, Stack size unknown bytes, libinit.o(.ARM.Collect$$libinit$$00000000))
<BR><BR>[Called By]<UL><LI><a href="#[53]">&gt;&gt;</a>&nbsp;&nbsp;&nbsp;__rt_entry_li
</UL>

<P><STRONG><a name="[1c8]"></a>__rt_lib_init_fp_1</STRONG> (Thumb, 0 bytes, Stack size unknown bytes, libinit2.o(.ARM.Collect$$libinit$$00000002))

<P><STRONG><a name="[1c9]"></a>__rt_lib_init_heap_1</STRONG> (Thumb, 0 bytes, Stack size unknown bytes, libinit2.o(.ARM.Collect$$libinit$$00000008))

<P><STRONG><a name="[4c]"></a>__rt_lib_init_lc_common</STRONG> (Thumb, 0 bytes, Stack size unknown bytes, libinit2.o(.ARM.Collect$$libinit$$0000000D))
<BR><BR>[Calls]<UL><LI><a href="#[4d]">&gt;&gt;</a>&nbsp;&nbsp;&nbsp;__rt_locale
</UL>

<P><STRONG><a name="[1ca]"></a>__rt_lib_init_rand_1</STRONG> (Thumb, 0 bytes, Stack size unknown bytes, libinit2.o(.ARM.Collect$$libinit$$0000000C))

<P><STRONG><a name="[1cb]"></a>__rt_lib_init_user_alloc_1</STRONG> (Thumb, 0 bytes, Stack size unknown bytes, libinit2.o(.ARM.Collect$$libinit$$0000000A))

<P><STRONG><a name="[1cc]"></a>__rt_lib_init_lc_collate_1</STRONG> (Thumb, 0 bytes, Stack size unknown bytes, libinit2.o(.ARM.Collect$$libinit$$0000000F))

<P><STRONG><a name="[4e]"></a>__rt_lib_init_lc_ctype_2</STRONG> (Thumb, 0 bytes, Stack size unknown bytes, libinit2.o(.ARM.Collect$$libinit$$00000010))
<BR><BR>[Stack]<UL><LI>Max Depth = 8 + Unknown Stack Size
<LI>Call Chain = __rt_lib_init_lc_ctype_2 &rArr; _get_lc_ctype
</UL>
<BR>[Calls]<UL><LI><a href="#[44]">&gt;&gt;</a>&nbsp;&nbsp;&nbsp;_get_lc_ctype
</UL>

<P><STRONG><a name="[1cd]"></a>__rt_lib_init_lc_ctype_1</STRONG> (Thumb, 0 bytes, Stack size unknown bytes, libinit2.o(.ARM.Collect$$libinit$$00000011))

<P><STRONG><a name="[1ce]"></a>__rt_lib_init_lc_monetary_1</STRONG> (Thumb, 0 bytes, Stack size unknown bytes, libinit2.o(.ARM.Collect$$libinit$$00000013))

<P><STRONG><a name="[4f]"></a>__rt_lib_init_lc_numeric_2</STRONG> (Thumb, 0 bytes, Stack size unknown bytes, libinit2.o(.ARM.Collect$$libinit$$00000014))
<BR><BR>[Stack]<UL><LI>Max Depth = 8 + Unknown Stack Size
<LI>Call Chain = __rt_lib_init_lc_numeric_2 &rArr; _get_lc_numeric
</UL>
<BR>[Calls]<UL><LI><a href="#[50]">&gt;&gt;</a>&nbsp;&nbsp;&nbsp;_get_lc_numeric
</UL>

<P><STRONG><a name="[1cf]"></a>__rt_lib_init_alloca_1</STRONG> (Thumb, 0 bytes, Stack size unknown bytes, libinit2.o(.ARM.Collect$$libinit$$0000002C))

<P><STRONG><a name="[1d0]"></a>__rt_lib_init_argv_1</STRONG> (Thumb, 0 bytes, Stack size unknown bytes, libinit2.o(.ARM.Collect$$libinit$$0000002A))

<P><STRONG><a name="[1d1]"></a>__rt_lib_init_atexit_1</STRONG> (Thumb, 0 bytes, Stack size unknown bytes, libinit2.o(.ARM.Collect$$libinit$$00000019))

<P><STRONG><a name="[1d2]"></a>__rt_lib_init_clock_1</STRONG> (Thumb, 0 bytes, Stack size unknown bytes, libinit2.o(.ARM.Collect$$libinit$$0000001F))

<P><STRONG><a name="[1d3]"></a>__rt_lib_init_cpp_1</STRONG> (Thumb, 0 bytes, Stack size unknown bytes, libinit2.o(.ARM.Collect$$libinit$$00000030))

<P><STRONG><a name="[1d4]"></a>__rt_lib_init_exceptions_1</STRONG> (Thumb, 0 bytes, Stack size unknown bytes, libinit2.o(.ARM.Collect$$libinit$$0000002E))

<P><STRONG><a name="[1d5]"></a>__rt_lib_init_fp_trap_1</STRONG> (Thumb, 0 bytes, Stack size unknown bytes, libinit2.o(.ARM.Collect$$libinit$$0000001D))

<P><STRONG><a name="[1d6]"></a>__rt_lib_init_getenv_1</STRONG> (Thumb, 0 bytes, Stack size unknown bytes, libinit2.o(.ARM.Collect$$libinit$$00000021))

<P><STRONG><a name="[1d7]"></a>__rt_lib_init_lc_numeric_1</STRONG> (Thumb, 0 bytes, Stack size unknown bytes, libinit2.o(.ARM.Collect$$libinit$$00000015))

<P><STRONG><a name="[1d8]"></a>__rt_lib_init_lc_time_1</STRONG> (Thumb, 0 bytes, Stack size unknown bytes, libinit2.o(.ARM.Collect$$libinit$$00000017))

<P><STRONG><a name="[1d9]"></a>__rt_lib_init_return</STRONG> (Thumb, 0 bytes, Stack size unknown bytes, libinit2.o(.ARM.Collect$$libinit$$00000031))

<P><STRONG><a name="[1da]"></a>__rt_lib_init_signal_1</STRONG> (Thumb, 0 bytes, Stack size unknown bytes, libinit2.o(.ARM.Collect$$libinit$$0000001B))

<P><STRONG><a name="[1db]"></a>__rt_lib_init_stdio_1</STRONG> (Thumb, 0 bytes, Stack size unknown bytes, libinit2.o(.ARM.Collect$$libinit$$00000023))

<P><STRONG><a name="[59]"></a>__rt_lib_shutdown</STRONG> (Thumb, 0 bytes, Stack size unknown bytes, libshutdown.o(.ARM.Collect$$libshutdown$$00000000))
<BR><BR>[Called By]<UL><LI><a href="#[58]">&gt;&gt;</a>&nbsp;&nbsp;&nbsp;__rt_exit_ls
</UL>

<P><STRONG><a name="[1dc]"></a>__rt_lib_shutdown_fp_trap_1</STRONG> (Thumb, 0 bytes, Stack size unknown bytes, libshutdown2.o(.ARM.Collect$$libshutdown$$00000006))

<P><STRONG><a name="[1dd]"></a>__rt_lib_shutdown_heap_1</STRONG> (Thumb, 0 bytes, Stack size unknown bytes, libshutdown2.o(.ARM.Collect$$libshutdown$$0000000E))

<P><STRONG><a name="[1de]"></a>__rt_lib_shutdown_return</STRONG> (Thumb, 0 bytes, Stack size unknown bytes, libshutdown2.o(.ARM.Collect$$libshutdown$$0000000F))

<P><STRONG><a name="[1df]"></a>__rt_lib_shutdown_signal_1</STRONG> (Thumb, 0 bytes, Stack size unknown bytes, libshutdown2.o(.ARM.Collect$$libshutdown$$00000009))

<P><STRONG><a name="[1e0]"></a>__rt_lib_shutdown_stdio_1</STRONG> (Thumb, 0 bytes, Stack size unknown bytes, libshutdown2.o(.ARM.Collect$$libshutdown$$00000003))

<P><STRONG><a name="[1e1]"></a>__rt_lib_shutdown_user_alloc_1</STRONG> (Thumb, 0 bytes, Stack size unknown bytes, libshutdown2.o(.ARM.Collect$$libshutdown$$0000000B))

<P><STRONG><a name="[47]"></a>__rt_entry</STRONG> (Thumb, 0 bytes, Stack size unknown bytes, rtentry.o(.ARM.Collect$$rtentry$$00000000))
<BR><BR>[Called By]<UL><LI><a href="#[45]">&gt;&gt;</a>&nbsp;&nbsp;&nbsp;__main
<LI><a href="#[48]">&gt;&gt;</a>&nbsp;&nbsp;&nbsp;__scatterload_rt2
</UL>

<P><STRONG><a name="[1e2]"></a>__rt_entry_presh_1</STRONG> (Thumb, 0 bytes, Stack size unknown bytes, rtentry2.o(.ARM.Collect$$rtentry$$00000002))

<P><STRONG><a name="[51]"></a>__rt_entry_sh</STRONG> (Thumb, 0 bytes, Stack size unknown bytes, rtentry4.o(.ARM.Collect$$rtentry$$00000004))
<BR><BR>[Stack]<UL><LI>Max Depth = 8 + Unknown Stack Size
<LI>Call Chain = __rt_entry_sh &rArr; __user_setup_stackheap
</UL>
<BR>[Calls]<UL><LI><a href="#[52]">&gt;&gt;</a>&nbsp;&nbsp;&nbsp;__user_setup_stackheap
</UL>

<P><STRONG><a name="[53]"></a>__rt_entry_li</STRONG> (Thumb, 0 bytes, Stack size unknown bytes, rtentry2.o(.ARM.Collect$$rtentry$$0000000A))
<BR><BR>[Calls]<UL><LI><a href="#[54]">&gt;&gt;</a>&nbsp;&nbsp;&nbsp;__rt_lib_init
</UL>

<P><STRONG><a name="[1e3]"></a>__rt_entry_postsh_1</STRONG> (Thumb, 0 bytes, Stack size unknown bytes, rtentry2.o(.ARM.Collect$$rtentry$$00000009))

<P><STRONG><a name="[55]"></a>__rt_entry_main</STRONG> (Thumb, 0 bytes, Stack size unknown bytes, rtentry2.o(.ARM.Collect$$rtentry$$0000000D))
<BR><BR>[Stack]<UL><LI>Max Depth = 160 + Unknown Stack Size
<LI>Call Chain = __rt_entry_main &rArr; main &rArr; OSInit &rArr; OS_InitTaskIdle &rArr; OSTaskCreateExt &rArr; OS_TCBInit
</UL>
<BR>[Calls]<UL><LI><a href="#[56]">&gt;&gt;</a>&nbsp;&nbsp;&nbsp;main
<LI><a href="#[57]">&gt;&gt;</a>&nbsp;&nbsp;&nbsp;exit
</UL>

<P><STRONG><a name="[1e4]"></a>__rt_entry_postli_1</STRONG> (Thumb, 0 bytes, Stack size unknown bytes, rtentry2.o(.ARM.Collect$$rtentry$$0000000C))

<P><STRONG><a name="[1a8]"></a>__rt_exit</STRONG> (Thumb, 0 bytes, Stack size unknown bytes, rtexit.o(.ARM.Collect$$rtexit$$00000000))
<BR><BR>[Called By]<UL><LI><a href="#[57]">&gt;&gt;</a>&nbsp;&nbsp;&nbsp;exit
</UL>

<P><STRONG><a name="[58]"></a>__rt_exit_ls</STRONG> (Thumb, 0 bytes, Stack size unknown bytes, rtexit2.o(.ARM.Collect$$rtexit$$00000003))
<BR><BR>[Calls]<UL><LI><a href="#[59]">&gt;&gt;</a>&nbsp;&nbsp;&nbsp;__rt_lib_shutdown
</UL>

<P><STRONG><a name="[1e5]"></a>__rt_exit_prels_1</STRONG> (Thumb, 0 bytes, Stack size unknown bytes, rtexit2.o(.ARM.Collect$$rtexit$$00000002))

<P><STRONG><a name="[5a]"></a>__rt_exit_exit</STRONG> (Thumb, 0 bytes, Stack size unknown bytes, rtexit2.o(.ARM.Collect$$rtexit$$00000004))
<BR><BR>[Calls]<UL><LI><a href="#[5b]">&gt;&gt;</a>&nbsp;&nbsp;&nbsp;_sys_exit
</UL>

<P><STRONG><a name="[5c]"></a>TaskStart_CreateTasks</STRONG> (Thumb, 76 bytes, Stack size 24 bytes, main.o(.text))
<BR><BR>[Stack]<UL><LI>Max Depth = 120 + Unknown Stack Size
<LI>Call Chain = TaskStart_CreateTasks &rArr; OSTaskCreateExt &rArr; OS_TCBInit
</UL>
<BR>[Calls]<UL><LI><a href="#[5d]">&gt;&gt;</a>&nbsp;&nbsp;&nbsp;toggle_wd
<LI><a href="#[5e]">&gt;&gt;</a>&nbsp;&nbsp;&nbsp;OSTaskCreateExt
</UL>
<BR>[Called By]<UL><LI><a href="#[6a]">&gt;&gt;</a>&nbsp;&nbsp;&nbsp;task0_start
</UL>

<P><STRONG><a name="[5f]"></a>system_check</STRONG> (Thumb, 22 bytes, Stack size 8 bytes, main.o(.text))
<BR><BR>[Stack]<UL><LI>Max Depth = 8<LI>Call Chain = system_check
</UL>
<BR>[Calls]<UL><LI><a href="#[5d]">&gt;&gt;</a>&nbsp;&nbsp;&nbsp;toggle_wd
</UL>
<BR>[Called By]<UL><LI><a href="#[6a]">&gt;&gt;</a>&nbsp;&nbsp;&nbsp;task0_start
</UL>

<P><STRONG><a name="[60]"></a>system_init</STRONG> (Thumb, 68 bytes, Stack size 8 bytes, main.o(.text))
<BR><BR>[Stack]<UL><LI>Max Depth = 24 + Unknown Stack Size
<LI>Call Chain = system_init &rArr; OSSemCreate
</UL>
<BR>[Calls]<UL><LI><a href="#[63]">&gt;&gt;</a>&nbsp;&nbsp;&nbsp;queue_reset
<LI><a href="#[62]">&gt;&gt;</a>&nbsp;&nbsp;&nbsp;OSSemCreate
<LI><a href="#[61]">&gt;&gt;</a>&nbsp;&nbsp;&nbsp;__aeabi_memclr4
</UL>
<BR>[Called By]<UL><LI><a href="#[6a]">&gt;&gt;</a>&nbsp;&nbsp;&nbsp;task0_start
</UL>

<P><STRONG><a name="[64]"></a>target_init</STRONG> (Thumb, 28 bytes, Stack size 8 bytes, main.o(.text))
<BR><BR>[Stack]<UL><LI>Max Depth = 108<LI>Call Chain = target_init &rArr; UartInit &rArr; USART_Init &rArr; RCC_GetClocksFreq
</UL>
<BR>[Calls]<UL><LI><a href="#[65]">&gt;&gt;</a>&nbsp;&nbsp;&nbsp;wdt_init
<LI><a href="#[66]">&gt;&gt;</a>&nbsp;&nbsp;&nbsp;led_init
<LI><a href="#[67]">&gt;&gt;</a>&nbsp;&nbsp;&nbsp;UartInit
<LI><a href="#[69]">&gt;&gt;</a>&nbsp;&nbsp;&nbsp;IIC_Init
<LI><a href="#[68]">&gt;&gt;</a>&nbsp;&nbsp;&nbsp;DS18B20_Init
</UL>
<BR>[Called By]<UL><LI><a href="#[6a]">&gt;&gt;</a>&nbsp;&nbsp;&nbsp;task0_start
</UL>

<P><STRONG><a name="[6a]"></a>task0_start</STRONG> (Thumb, 66 bytes, Stack size 0 bytes, main.o(.text))
<BR><BR>[Stack]<UL><LI>Max Depth = 120 + Unknown Stack Size
<LI>Call Chain = task0_start &rArr; TaskStart_CreateTasks &rArr; OSTaskCreateExt &rArr; OS_TCBInit
</UL>
<BR>[Calls]<UL><LI><a href="#[6c]">&gt;&gt;</a>&nbsp;&nbsp;&nbsp;SetLight
<LI><a href="#[6e]">&gt;&gt;</a>&nbsp;&nbsp;&nbsp;OSTaskSuspend
<LI><a href="#[6b]">&gt;&gt;</a>&nbsp;&nbsp;&nbsp;OSStatInit
<LI><a href="#[6d]">&gt;&gt;</a>&nbsp;&nbsp;&nbsp;Beeperr
<LI><a href="#[64]">&gt;&gt;</a>&nbsp;&nbsp;&nbsp;target_init
<LI><a href="#[60]">&gt;&gt;</a>&nbsp;&nbsp;&nbsp;system_init
<LI><a href="#[5f]">&gt;&gt;</a>&nbsp;&nbsp;&nbsp;system_check
<LI><a href="#[5c]">&gt;&gt;</a>&nbsp;&nbsp;&nbsp;TaskStart_CreateTasks
</UL>
<BR>[Address Reference Count : 1]<UL><LI> main.o(.text)
</UL>
<P><STRONG><a name="[6f]"></a>ucosii_timer_init</STRONG> (Thumb, 56 bytes, Stack size 8 bytes, main.o(.text))
<BR><BR>[Stack]<UL><LI>Max Depth = 8<LI>Call Chain = ucosii_timer_init
</UL>
<BR>[Calls]<UL><LI><a href="#[70]">&gt;&gt;</a>&nbsp;&nbsp;&nbsp;SysTick_CLKSourceConfig
</UL>
<BR>[Called By]<UL><LI><a href="#[56]">&gt;&gt;</a>&nbsp;&nbsp;&nbsp;main
</UL>

<P><STRONG><a name="[56]"></a>main</STRONG> (Thumb, 72 bytes, Stack size 24 bytes, main.o(.text))
<BR><BR>[Stack]<UL><LI>Max Depth = 160 + Unknown Stack Size
<LI>Call Chain = main &rArr; OSInit &rArr; OS_InitTaskIdle &rArr; OSTaskCreateExt &rArr; OS_TCBInit
</UL>
<BR>[Calls]<UL><LI><a href="#[5e]">&gt;&gt;</a>&nbsp;&nbsp;&nbsp;OSTaskCreateExt
<LI><a href="#[74]">&gt;&gt;</a>&nbsp;&nbsp;&nbsp;OSStart
<LI><a href="#[73]">&gt;&gt;</a>&nbsp;&nbsp;&nbsp;OSInit
<LI><a href="#[72]">&gt;&gt;</a>&nbsp;&nbsp;&nbsp;NVIC_PriorityGroupConfig
<LI><a href="#[6f]">&gt;&gt;</a>&nbsp;&nbsp;&nbsp;ucosii_timer_init
<LI><a href="#[71]">&gt;&gt;</a>&nbsp;&nbsp;&nbsp;setlocale
</UL>
<BR>[Called By]<UL><LI><a href="#[55]">&gt;&gt;</a>&nbsp;&nbsp;&nbsp;__rt_entry_main
</UL>

<P><STRONG><a name="[d]"></a>SysTick_Handler</STRONG> (Thumb, 16 bytes, Stack size 8 bytes, main.o(.text))
<BR><BR>[Stack]<UL><LI>Max Depth = 24 + Unknown Stack Size
<LI>Call Chain = SysTick_Handler &rArr; OSTimeTick
</UL>
<BR>[Calls]<UL><LI><a href="#[76]">&gt;&gt;</a>&nbsp;&nbsp;&nbsp;OSTimeTick
<LI><a href="#[77]">&gt;&gt;</a>&nbsp;&nbsp;&nbsp;OSIntExit
<LI><a href="#[75]">&gt;&gt;</a>&nbsp;&nbsp;&nbsp;OSIntEnter
</UL>
<BR>[Address Reference Count : 1]<UL><LI> startup_stm32f10x_md.o(RESET)
</UL>
<P><STRONG><a name="[39]"></a>task_general_ctrl</STRONG> (Thumb, 114 bytes, Stack size 0 bytes, task_general_control.o(.text))
<BR><BR>[Stack]<UL><LI>Max Depth = 96 + Unknown Stack Size
<LI>Call Chain = task_general_ctrl &rArr; Get_Adc_Average &rArr; ads1110_read &rArr; IIC_Read_Byte &rArr; IIC_NAck &rArr; SDA_OUT &rArr; GPIO_Init
</UL>
<BR>[Calls]<UL><LI><a href="#[78]">&gt;&gt;</a>&nbsp;&nbsp;&nbsp;set_led
<LI><a href="#[7c]">&gt;&gt;</a>&nbsp;&nbsp;&nbsp;Oxygen
<LI><a href="#[7d]">&gt;&gt;</a>&nbsp;&nbsp;&nbsp;OSTimeDlyHMSM
<LI><a href="#[7a]">&gt;&gt;</a>&nbsp;&nbsp;&nbsp;Get_Adc_Average
<LI><a href="#[79]">&gt;&gt;</a>&nbsp;&nbsp;&nbsp;DS18B20_Get_Temp
<LI><a href="#[5d]">&gt;&gt;</a>&nbsp;&nbsp;&nbsp;toggle_wd
<LI><a href="#[7b]">&gt;&gt;</a>&nbsp;&nbsp;&nbsp;__aeabi_i2f
</UL>
<BR>[Address Reference Count : 1]<UL><LI> main.o(.text)
</UL>
<P><STRONG><a name="[7e]"></a>SaveCardInTime</STRONG> (Thumb, 12 bytes, Stack size 8 bytes, task_general_control.o(.text), UNUSED)
<BR><BR>[Calls]<UL><LI><a href="#[5d]">&gt;&gt;</a>&nbsp;&nbsp;&nbsp;toggle_wd
</UL>

<P><STRONG><a name="[1e6]"></a>CheckPeriodOfValidity</STRONG> (Thumb, 26 bytes, Stack size 0 bytes, task_general_control.o(.text), UNUSED)

<P><STRONG><a name="[3a]"></a>task_touch_UI</STRONG> (Thumb, 70 bytes, Stack size 0 bytes, task_touch_ui.o(.text))
<BR><BR>[Stack]<UL><LI>Max Depth = 288 + Unknown Stack Size
<LI>Call Chain = task_touch_UI &rArr; ProcessMessage &rArr; NotifyText &rArr; StringToInt32 &rArr; __0sscanf &rArr; __vfscanf_char &rArr; __vfscanf &rArr; _scanf_int
</UL>
<BR>[Calls]<UL><LI><a href="#[7f]">&gt;&gt;</a>&nbsp;&nbsp;&nbsp;queue_find_cmd
<LI><a href="#[81]">&gt;&gt;</a>&nbsp;&nbsp;&nbsp;UpdateUI
<LI><a href="#[80]">&gt;&gt;</a>&nbsp;&nbsp;&nbsp;ProcessMessage
<LI><a href="#[7d]">&gt;&gt;</a>&nbsp;&nbsp;&nbsp;OSTimeDlyHMSM
</UL>
<BR>[Address Reference Count : 1]<UL><LI> main.o(.text)
</UL>
<P><STRONG><a name="[1e7]"></a>delay_init</STRONG> (Thumb, 82 bytes, Stack size 8 bytes, delay.o(.text), UNUSED)

<P><STRONG><a name="[82]"></a>delay_us</STRONG> (Thumb, 86 bytes, Stack size 32 bytes, delay.o(.text))
<BR><BR>[Stack]<UL><LI>Max Depth = 48 + Unknown Stack Size
<LI>Call Chain = delay_us &rArr; OSSchedUnlock &rArr; OS_Sched
</UL>
<BR>[Calls]<UL><LI><a href="#[84]">&gt;&gt;</a>&nbsp;&nbsp;&nbsp;OSSchedUnlock
<LI><a href="#[83]">&gt;&gt;</a>&nbsp;&nbsp;&nbsp;OSSchedLock
</UL>
<BR>[Called By]<UL><LI><a href="#[85]">&gt;&gt;</a>&nbsp;&nbsp;&nbsp;delay_ms
</UL>

<P><STRONG><a name="[85]"></a>delay_ms</STRONG> (Thumb, 62 bytes, Stack size 16 bytes, delay.o(.text))
<BR><BR>[Stack]<UL><LI>Max Depth = 64 + Unknown Stack Size
<LI>Call Chain = delay_ms &rArr; delay_us &rArr; OSSchedUnlock &rArr; OS_Sched
</UL>
<BR>[Calls]<UL><LI><a href="#[86]">&gt;&gt;</a>&nbsp;&nbsp;&nbsp;OSTimeDly
<LI><a href="#[82]">&gt;&gt;</a>&nbsp;&nbsp;&nbsp;delay_us
</UL>
<BR>[Called By]<UL><LI><a href="#[7a]">&gt;&gt;</a>&nbsp;&nbsp;&nbsp;Get_Adc_Average
</UL>

<P><STRONG><a name="[3b]"></a>SystemInit</STRONG> (Thumb, 78 bytes, Stack size 8 bytes, system_stm32f10x.o(.text))
<BR><BR>[Stack]<UL><LI>Max Depth = 28<LI>Call Chain = SystemInit &rArr; SetSysClock &rArr; SetSysClockTo72
</UL>
<BR>[Calls]<UL><LI><a href="#[87]">&gt;&gt;</a>&nbsp;&nbsp;&nbsp;SetSysClock
</UL>
<BR>[Address Reference Count : 1]<UL><LI> startup_stm32f10x_md.o(.text)
</UL>
<P><STRONG><a name="[1e8]"></a>SystemCoreClockUpdate</STRONG> (Thumb, 142 bytes, Stack size 8 bytes, system_stm32f10x.o(.text), UNUSED)

<P><STRONG><a name="[6c]"></a>SetLight</STRONG> (Thumb, 96 bytes, Stack size 8 bytes, drv_led.o(.text))
<BR><BR>[Stack]<UL><LI>Max Depth = 8<LI>Call Chain = SetLight
</UL>
<BR>[Calls]<UL><LI><a href="#[8a]">&gt;&gt;</a>&nbsp;&nbsp;&nbsp;GPIO_SetBits
<LI><a href="#[89]">&gt;&gt;</a>&nbsp;&nbsp;&nbsp;GPIO_ResetBits
</UL>
<BR>[Called By]<UL><LI><a href="#[66]">&gt;&gt;</a>&nbsp;&nbsp;&nbsp;led_init
<LI><a href="#[6a]">&gt;&gt;</a>&nbsp;&nbsp;&nbsp;task0_start
</UL>

<P><STRONG><a name="[66]"></a>led_init</STRONG> (Thumb, 94 bytes, Stack size 8 bytes, drv_led.o(.text))
<BR><BR>[Stack]<UL><LI>Max Depth = 32<LI>Call Chain = led_init &rArr; GPIO_Init
</UL>
<BR>[Calls]<UL><LI><a href="#[8b]">&gt;&gt;</a>&nbsp;&nbsp;&nbsp;RCC_APB2PeriphClockCmd
<LI><a href="#[8a]">&gt;&gt;</a>&nbsp;&nbsp;&nbsp;GPIO_SetBits
<LI><a href="#[8c]">&gt;&gt;</a>&nbsp;&nbsp;&nbsp;GPIO_Init
<LI><a href="#[6c]">&gt;&gt;</a>&nbsp;&nbsp;&nbsp;SetLight
</UL>
<BR>[Called By]<UL><LI><a href="#[64]">&gt;&gt;</a>&nbsp;&nbsp;&nbsp;target_init
</UL>

<P><STRONG><a name="[78]"></a>set_led</STRONG> (Thumb, 62 bytes, Stack size 16 bytes, drv_led.o(.text))
<BR><BR>[Stack]<UL><LI>Max Depth = 16<LI>Call Chain = set_led
</UL>
<BR>[Calls]<UL><LI><a href="#[8a]">&gt;&gt;</a>&nbsp;&nbsp;&nbsp;GPIO_SetBits
<LI><a href="#[89]">&gt;&gt;</a>&nbsp;&nbsp;&nbsp;GPIO_ResetBits
</UL>
<BR>[Called By]<UL><LI><a href="#[8d]">&gt;&gt;</a>&nbsp;&nbsp;&nbsp;work_led
<LI><a href="#[39]">&gt;&gt;</a>&nbsp;&nbsp;&nbsp;task_general_ctrl
</UL>

<P><STRONG><a name="[8d]"></a>work_led</STRONG> (Thumb, 36 bytes, Stack size 8 bytes, drv_led.o(.text), UNUSED)
<BR><BR>[Calls]<UL><LI><a href="#[8e]">&gt;&gt;</a>&nbsp;&nbsp;&nbsp;SleepMs
<LI><a href="#[78]">&gt;&gt;</a>&nbsp;&nbsp;&nbsp;set_led
</UL>

<P><STRONG><a name="[8f]"></a>Sleep10us</STRONG> (Thumb, 28 bytes, Stack size 0 bytes, drv_delay.o(.text))
<BR><BR>[Called By]<UL><LI><a href="#[8e]">&gt;&gt;</a>&nbsp;&nbsp;&nbsp;SleepMs
</UL>

<P><STRONG><a name="[8e]"></a>SleepMs</STRONG> (Thumb, 26 bytes, Stack size 12 bytes, drv_delay.o(.text))
<BR><BR>[Stack]<UL><LI>Max Depth = 12<LI>Call Chain = SleepMs
</UL>
<BR>[Calls]<UL><LI><a href="#[8f]">&gt;&gt;</a>&nbsp;&nbsp;&nbsp;Sleep10us
</UL>
<BR>[Called By]<UL><LI><a href="#[91]">&gt;&gt;</a>&nbsp;&nbsp;&nbsp;sleep_ms
<LI><a href="#[8d]">&gt;&gt;</a>&nbsp;&nbsp;&nbsp;work_led
</UL>

<P><STRONG><a name="[90]"></a>SleepMs2</STRONG> (Thumb, 42 bytes, Stack size 16 bytes, drv_delay.o(.text))
<BR><BR>[Stack]<UL><LI>Max Depth = 64 + Unknown Stack Size
<LI>Call Chain = SleepMs2 &rArr; OSTimeDlyHMSM &rArr; OSTimeDly &rArr; OS_Sched
</UL>
<BR>[Calls]<UL><LI><a href="#[7d]">&gt;&gt;</a>&nbsp;&nbsp;&nbsp;OSTimeDlyHMSM
<LI><a href="#[5d]">&gt;&gt;</a>&nbsp;&nbsp;&nbsp;toggle_wd
</UL>
<BR>[Called By]<UL><LI><a href="#[12e]">&gt;&gt;</a>&nbsp;&nbsp;&nbsp;Beep
<LI><a href="#[92]">&gt;&gt;</a>&nbsp;&nbsp;&nbsp;sleep_ms2
<LI><a href="#[6d]">&gt;&gt;</a>&nbsp;&nbsp;&nbsp;Beeperr
</UL>

<P><STRONG><a name="[91]"></a>sleep_ms</STRONG> (Thumb, 12 bytes, Stack size 8 bytes, drv_delay.o(.text))
<BR><BR>[Stack]<UL><LI>Max Depth = 20<LI>Call Chain = sleep_ms &rArr; SleepMs
</UL>
<BR>[Calls]<UL><LI><a href="#[8e]">&gt;&gt;</a>&nbsp;&nbsp;&nbsp;SleepMs
</UL>
<BR>[Called By]<UL><LI><a href="#[79]">&gt;&gt;</a>&nbsp;&nbsp;&nbsp;DS18B20_Get_Temp
</UL>

<P><STRONG><a name="[92]"></a>sleep_ms2</STRONG> (Thumb, 12 bytes, Stack size 8 bytes, drv_delay.o(.text), UNUSED)
<BR><BR>[Calls]<UL><LI><a href="#[90]">&gt;&gt;</a>&nbsp;&nbsp;&nbsp;SleepMs2
</UL>

<P><STRONG><a name="[9c]"></a>sleep_us</STRONG> (Thumb, 28 bytes, Stack size 0 bytes, drv_delay.o(.text))
<BR><BR>[Called By]<UL><LI><a href="#[132]">&gt;&gt;</a>&nbsp;&nbsp;&nbsp;IIC_NAck
<LI><a href="#[131]">&gt;&gt;</a>&nbsp;&nbsp;&nbsp;IIC_Ack
<LI><a href="#[a1]">&gt;&gt;</a>&nbsp;&nbsp;&nbsp;DS18B20_Write_Byte
<LI><a href="#[9f]">&gt;&gt;</a>&nbsp;&nbsp;&nbsp;DS18B20_Read_Bit
<LI><a href="#[9e]">&gt;&gt;</a>&nbsp;&nbsp;&nbsp;DS18B20_Check
<LI><a href="#[9b]">&gt;&gt;</a>&nbsp;&nbsp;&nbsp;DS18B20_Rst
<LI><a href="#[96]">&gt;&gt;</a>&nbsp;&nbsp;&nbsp;IIC_Wait_Ack
<LI><a href="#[98]">&gt;&gt;</a>&nbsp;&nbsp;&nbsp;IIC_Stop
<LI><a href="#[94]">&gt;&gt;</a>&nbsp;&nbsp;&nbsp;IIC_Start
<LI><a href="#[95]">&gt;&gt;</a>&nbsp;&nbsp;&nbsp;IIC_Send_Byte
<LI><a href="#[97]">&gt;&gt;</a>&nbsp;&nbsp;&nbsp;IIC_Read_Byte
</UL>

<P><STRONG><a name="[65]"></a>wdt_init</STRONG> (Thumb, 2 bytes, Stack size 0 bytes, drv_wdt.o(.text))
<BR><BR>[Called By]<UL><LI><a href="#[64]">&gt;&gt;</a>&nbsp;&nbsp;&nbsp;target_init
</UL>

<P><STRONG><a name="[5d]"></a>toggle_wd</STRONG> (Thumb, 2 bytes, Stack size 0 bytes, drv_wdt.o(.text))
<BR><BR>[Called By]<UL><LI><a href="#[12e]">&gt;&gt;</a>&nbsp;&nbsp;&nbsp;Beep
<LI><a href="#[12c]">&gt;&gt;</a>&nbsp;&nbsp;&nbsp;set_bell
<LI><a href="#[93]">&gt;&gt;</a>&nbsp;&nbsp;&nbsp;ads1110_read
<LI><a href="#[90]">&gt;&gt;</a>&nbsp;&nbsp;&nbsp;SleepMs2
<LI><a href="#[7e]">&gt;&gt;</a>&nbsp;&nbsp;&nbsp;SaveCardInTime
<LI><a href="#[39]">&gt;&gt;</a>&nbsp;&nbsp;&nbsp;task_general_ctrl
<LI><a href="#[6d]">&gt;&gt;</a>&nbsp;&nbsp;&nbsp;Beeperr
<LI><a href="#[5f]">&gt;&gt;</a>&nbsp;&nbsp;&nbsp;system_check
<LI><a href="#[5c]">&gt;&gt;</a>&nbsp;&nbsp;&nbsp;TaskStart_CreateTasks
</UL>

<P><STRONG><a name="[1e9]"></a>Get_Adc</STRONG> (Thumb, 4 bytes, Stack size 0 bytes, adc.o(.text), UNUSED)

<P><STRONG><a name="[93]"></a>ads1110_read</STRONG> (Thumb, 80 bytes, Stack size 16 bytes, adc.o(.text))
<BR><BR>[Stack]<UL><LI>Max Depth = 72<LI>Call Chain = ads1110_read &rArr; IIC_Read_Byte &rArr; IIC_NAck &rArr; SDA_OUT &rArr; GPIO_Init
</UL>
<BR>[Calls]<UL><LI><a href="#[96]">&gt;&gt;</a>&nbsp;&nbsp;&nbsp;IIC_Wait_Ack
<LI><a href="#[98]">&gt;&gt;</a>&nbsp;&nbsp;&nbsp;IIC_Stop
<LI><a href="#[94]">&gt;&gt;</a>&nbsp;&nbsp;&nbsp;IIC_Start
<LI><a href="#[95]">&gt;&gt;</a>&nbsp;&nbsp;&nbsp;IIC_Send_Byte
<LI><a href="#[97]">&gt;&gt;</a>&nbsp;&nbsp;&nbsp;IIC_Read_Byte
<LI><a href="#[5d]">&gt;&gt;</a>&nbsp;&nbsp;&nbsp;toggle_wd
</UL>
<BR>[Called By]<UL><LI><a href="#[7a]">&gt;&gt;</a>&nbsp;&nbsp;&nbsp;Get_Adc_Average
</UL>

<P><STRONG><a name="[99]"></a>ads1110_init</STRONG> (Thumb, 28 bytes, Stack size 8 bytes, adc.o(.text), UNUSED)
<BR><BR>[Calls]<UL><LI><a href="#[96]">&gt;&gt;</a>&nbsp;&nbsp;&nbsp;IIC_Wait_Ack
<LI><a href="#[94]">&gt;&gt;</a>&nbsp;&nbsp;&nbsp;IIC_Start
<LI><a href="#[95]">&gt;&gt;</a>&nbsp;&nbsp;&nbsp;IIC_Send_Byte
</UL>

<P><STRONG><a name="[7a]"></a>Get_Adc_Average</STRONG> (Thumb, 58 bytes, Stack size 24 bytes, adc.o(.text))
<BR><BR>[Stack]<UL><LI>Max Depth = 96 + Unknown Stack Size
<LI>Call Chain = Get_Adc_Average &rArr; ads1110_read &rArr; IIC_Read_Byte &rArr; IIC_NAck &rArr; SDA_OUT &rArr; GPIO_Init
</UL>
<BR>[Calls]<UL><LI><a href="#[93]">&gt;&gt;</a>&nbsp;&nbsp;&nbsp;ads1110_read
<LI><a href="#[85]">&gt;&gt;</a>&nbsp;&nbsp;&nbsp;delay_ms
</UL>
<BR>[Called By]<UL><LI><a href="#[39]">&gt;&gt;</a>&nbsp;&nbsp;&nbsp;task_general_ctrl
</UL>

<P><STRONG><a name="[9a]"></a>DS18B20_IO_OUT</STRONG> (Thumb, 38 bytes, Stack size 8 bytes, ds18b20.o(.text))
<BR><BR>[Stack]<UL><LI>Max Depth = 32<LI>Call Chain = DS18B20_IO_OUT &rArr; GPIO_Init
</UL>
<BR>[Calls]<UL><LI><a href="#[8b]">&gt;&gt;</a>&nbsp;&nbsp;&nbsp;RCC_APB2PeriphClockCmd
<LI><a href="#[8c]">&gt;&gt;</a>&nbsp;&nbsp;&nbsp;GPIO_Init
</UL>
<BR>[Called By]<UL><LI><a href="#[a1]">&gt;&gt;</a>&nbsp;&nbsp;&nbsp;DS18B20_Write_Byte
<LI><a href="#[9f]">&gt;&gt;</a>&nbsp;&nbsp;&nbsp;DS18B20_Read_Bit
<LI><a href="#[9b]">&gt;&gt;</a>&nbsp;&nbsp;&nbsp;DS18B20_Rst
</UL>

<P><STRONG><a name="[9b]"></a>DS18B20_Rst</STRONG> (Thumb, 36 bytes, Stack size 8 bytes, ds18b20.o(.text))
<BR><BR>[Stack]<UL><LI>Max Depth = 40<LI>Call Chain = DS18B20_Rst &rArr; DS18B20_IO_OUT &rArr; GPIO_Init
</UL>
<BR>[Calls]<UL><LI><a href="#[9a]">&gt;&gt;</a>&nbsp;&nbsp;&nbsp;DS18B20_IO_OUT
<LI><a href="#[9c]">&gt;&gt;</a>&nbsp;&nbsp;&nbsp;sleep_us
</UL>
<BR>[Called By]<UL><LI><a href="#[a2]">&gt;&gt;</a>&nbsp;&nbsp;&nbsp;DS18B20_Start
<LI><a href="#[79]">&gt;&gt;</a>&nbsp;&nbsp;&nbsp;DS18B20_Get_Temp
<LI><a href="#[68]">&gt;&gt;</a>&nbsp;&nbsp;&nbsp;DS18B20_Init
</UL>

<P><STRONG><a name="[9d]"></a>DS18B20_IO_IN</STRONG> (Thumb, 32 bytes, Stack size 8 bytes, ds18b20.o(.text))
<BR><BR>[Stack]<UL><LI>Max Depth = 32<LI>Call Chain = DS18B20_IO_IN &rArr; GPIO_Init
</UL>
<BR>[Calls]<UL><LI><a href="#[8b]">&gt;&gt;</a>&nbsp;&nbsp;&nbsp;RCC_APB2PeriphClockCmd
<LI><a href="#[8c]">&gt;&gt;</a>&nbsp;&nbsp;&nbsp;GPIO_Init
</UL>
<BR>[Called By]<UL><LI><a href="#[9f]">&gt;&gt;</a>&nbsp;&nbsp;&nbsp;DS18B20_Read_Bit
<LI><a href="#[9e]">&gt;&gt;</a>&nbsp;&nbsp;&nbsp;DS18B20_Check
</UL>

<P><STRONG><a name="[9e]"></a>DS18B20_Check</STRONG> (Thumb, 78 bytes, Stack size 8 bytes, ds18b20.o(.text))
<BR><BR>[Stack]<UL><LI>Max Depth = 40<LI>Call Chain = DS18B20_Check &rArr; DS18B20_IO_IN &rArr; GPIO_Init
</UL>
<BR>[Calls]<UL><LI><a href="#[9d]">&gt;&gt;</a>&nbsp;&nbsp;&nbsp;DS18B20_IO_IN
<LI><a href="#[9c]">&gt;&gt;</a>&nbsp;&nbsp;&nbsp;sleep_us
</UL>
<BR>[Called By]<UL><LI><a href="#[a2]">&gt;&gt;</a>&nbsp;&nbsp;&nbsp;DS18B20_Start
<LI><a href="#[79]">&gt;&gt;</a>&nbsp;&nbsp;&nbsp;DS18B20_Get_Temp
<LI><a href="#[68]">&gt;&gt;</a>&nbsp;&nbsp;&nbsp;DS18B20_Init
</UL>

<P><STRONG><a name="[9f]"></a>DS18B20_Read_Bit</STRONG> (Thumb, 60 bytes, Stack size 8 bytes, ds18b20.o(.text))
<BR><BR>[Stack]<UL><LI>Max Depth = 40<LI>Call Chain = DS18B20_Read_Bit &rArr; DS18B20_IO_IN &rArr; GPIO_Init
</UL>
<BR>[Calls]<UL><LI><a href="#[9d]">&gt;&gt;</a>&nbsp;&nbsp;&nbsp;DS18B20_IO_IN
<LI><a href="#[9a]">&gt;&gt;</a>&nbsp;&nbsp;&nbsp;DS18B20_IO_OUT
<LI><a href="#[9c]">&gt;&gt;</a>&nbsp;&nbsp;&nbsp;sleep_us
</UL>
<BR>[Called By]<UL><LI><a href="#[a0]">&gt;&gt;</a>&nbsp;&nbsp;&nbsp;DS18B20_Read_Byte
</UL>

<P><STRONG><a name="[a0]"></a>DS18B20_Read_Byte</STRONG> (Thumb, 34 bytes, Stack size 16 bytes, ds18b20.o(.text))
<BR><BR>[Stack]<UL><LI>Max Depth = 56<LI>Call Chain = DS18B20_Read_Byte &rArr; DS18B20_Read_Bit &rArr; DS18B20_IO_IN &rArr; GPIO_Init
</UL>
<BR>[Calls]<UL><LI><a href="#[9f]">&gt;&gt;</a>&nbsp;&nbsp;&nbsp;DS18B20_Read_Bit
</UL>
<BR>[Called By]<UL><LI><a href="#[79]">&gt;&gt;</a>&nbsp;&nbsp;&nbsp;DS18B20_Get_Temp
</UL>

<P><STRONG><a name="[a1]"></a>DS18B20_Write_Byte</STRONG> (Thumb, 84 bytes, Stack size 16 bytes, ds18b20.o(.text))
<BR><BR>[Stack]<UL><LI>Max Depth = 48<LI>Call Chain = DS18B20_Write_Byte &rArr; DS18B20_IO_OUT &rArr; GPIO_Init
</UL>
<BR>[Calls]<UL><LI><a href="#[9a]">&gt;&gt;</a>&nbsp;&nbsp;&nbsp;DS18B20_IO_OUT
<LI><a href="#[9c]">&gt;&gt;</a>&nbsp;&nbsp;&nbsp;sleep_us
</UL>
<BR>[Called By]<UL><LI><a href="#[a2]">&gt;&gt;</a>&nbsp;&nbsp;&nbsp;DS18B20_Start
<LI><a href="#[79]">&gt;&gt;</a>&nbsp;&nbsp;&nbsp;DS18B20_Get_Temp
</UL>

<P><STRONG><a name="[a2]"></a>DS18B20_Start</STRONG> (Thumb, 24 bytes, Stack size 8 bytes, ds18b20.o(.text))
<BR><BR>[Stack]<UL><LI>Max Depth = 56<LI>Call Chain = DS18B20_Start &rArr; DS18B20_Write_Byte &rArr; DS18B20_IO_OUT &rArr; GPIO_Init
</UL>
<BR>[Calls]<UL><LI><a href="#[a1]">&gt;&gt;</a>&nbsp;&nbsp;&nbsp;DS18B20_Write_Byte
<LI><a href="#[9e]">&gt;&gt;</a>&nbsp;&nbsp;&nbsp;DS18B20_Check
<LI><a href="#[9b]">&gt;&gt;</a>&nbsp;&nbsp;&nbsp;DS18B20_Rst
</UL>
<BR>[Called By]<UL><LI><a href="#[79]">&gt;&gt;</a>&nbsp;&nbsp;&nbsp;DS18B20_Get_Temp
</UL>

<P><STRONG><a name="[68]"></a>DS18B20_Init</STRONG> (Thumb, 54 bytes, Stack size 8 bytes, ds18b20.o(.text))
<BR><BR>[Stack]<UL><LI>Max Depth = 48<LI>Call Chain = DS18B20_Init &rArr; DS18B20_Check &rArr; DS18B20_IO_IN &rArr; GPIO_Init
</UL>
<BR>[Calls]<UL><LI><a href="#[9e]">&gt;&gt;</a>&nbsp;&nbsp;&nbsp;DS18B20_Check
<LI><a href="#[9b]">&gt;&gt;</a>&nbsp;&nbsp;&nbsp;DS18B20_Rst
<LI><a href="#[8b]">&gt;&gt;</a>&nbsp;&nbsp;&nbsp;RCC_APB2PeriphClockCmd
<LI><a href="#[8a]">&gt;&gt;</a>&nbsp;&nbsp;&nbsp;GPIO_SetBits
<LI><a href="#[8c]">&gt;&gt;</a>&nbsp;&nbsp;&nbsp;GPIO_Init
</UL>
<BR>[Called By]<UL><LI><a href="#[64]">&gt;&gt;</a>&nbsp;&nbsp;&nbsp;target_init
</UL>

<P><STRONG><a name="[79]"></a>DS18B20_Get_Temp</STRONG> (Thumb, 144 bytes, Stack size 40 bytes, ds18b20.o(.text))
<BR><BR>[Stack]<UL><LI>Max Depth = 96<LI>Call Chain = DS18B20_Get_Temp &rArr; DS18B20_Start &rArr; DS18B20_Write_Byte &rArr; DS18B20_IO_OUT &rArr; GPIO_Init
</UL>
<BR>[Calls]<UL><LI><a href="#[a2]">&gt;&gt;</a>&nbsp;&nbsp;&nbsp;DS18B20_Start
<LI><a href="#[a1]">&gt;&gt;</a>&nbsp;&nbsp;&nbsp;DS18B20_Write_Byte
<LI><a href="#[a0]">&gt;&gt;</a>&nbsp;&nbsp;&nbsp;DS18B20_Read_Byte
<LI><a href="#[9e]">&gt;&gt;</a>&nbsp;&nbsp;&nbsp;DS18B20_Check
<LI><a href="#[9b]">&gt;&gt;</a>&nbsp;&nbsp;&nbsp;DS18B20_Rst
<LI><a href="#[91]">&gt;&gt;</a>&nbsp;&nbsp;&nbsp;sleep_ms
<LI><a href="#[7b]">&gt;&gt;</a>&nbsp;&nbsp;&nbsp;__aeabi_i2f
<LI><a href="#[a3]">&gt;&gt;</a>&nbsp;&nbsp;&nbsp;__aeabi_f2d
<LI><a href="#[a4]">&gt;&gt;</a>&nbsp;&nbsp;&nbsp;__aeabi_dmul
<LI><a href="#[a5]">&gt;&gt;</a>&nbsp;&nbsp;&nbsp;__aeabi_d2iz
</UL>
<BR>[Called By]<UL><LI><a href="#[39]">&gt;&gt;</a>&nbsp;&nbsp;&nbsp;task_general_ctrl
</UL>

<P><STRONG><a name="[b3]"></a>NotifyTimer</STRONG> (Thumb, 2 bytes, Stack size 0 bytes, cmd_process.o(.text))
<BR><BR>[Called By]<UL><LI><a href="#[80]">&gt;&gt;</a>&nbsp;&nbsp;&nbsp;ProcessMessage
</UL>

<P><STRONG><a name="[b2]"></a>NotifySelector</STRONG> (Thumb, 2 bytes, Stack size 0 bytes, cmd_process.o(.text))
<BR><BR>[Called By]<UL><LI><a href="#[80]">&gt;&gt;</a>&nbsp;&nbsp;&nbsp;ProcessMessage
</UL>

<P><STRONG><a name="[b1]"></a>NotifyMenu</STRONG> (Thumb, 2 bytes, Stack size 0 bytes, cmd_process.o(.text))
<BR><BR>[Called By]<UL><LI><a href="#[80]">&gt;&gt;</a>&nbsp;&nbsp;&nbsp;ProcessMessage
</UL>

<P><STRONG><a name="[b0]"></a>NotifyMeter</STRONG> (Thumb, 2 bytes, Stack size 0 bytes, cmd_process.o(.text))
<BR><BR>[Called By]<UL><LI><a href="#[80]">&gt;&gt;</a>&nbsp;&nbsp;&nbsp;ProcessMessage
</UL>

<P><STRONG><a name="[af]"></a>NotifySlider</STRONG> (Thumb, 14 bytes, Stack size 8 bytes, cmd_process.o(.text))
<BR><BR>[Stack]<UL><LI>Max Depth = 8<LI>Call Chain = NotifySlider
</UL>
<BR>[Called By]<UL><LI><a href="#[80]">&gt;&gt;</a>&nbsp;&nbsp;&nbsp;ProcessMessage
</UL>

<P><STRONG><a name="[ae]"></a>NotifyProgress</STRONG> (Thumb, 2 bytes, Stack size 0 bytes, cmd_process.o(.text))
<BR><BR>[Called By]<UL><LI><a href="#[80]">&gt;&gt;</a>&nbsp;&nbsp;&nbsp;ProcessMessage
</UL>

<P><STRONG><a name="[a6]"></a>StringToInt32</STRONG> (Thumb, 22 bytes, Stack size 16 bytes, cmd_process.o(.text))
<BR><BR>[Stack]<UL><LI>Max Depth = 240<LI>Call Chain = StringToInt32 &rArr; __0sscanf &rArr; __vfscanf_char &rArr; __vfscanf &rArr; _scanf_int
</UL>
<BR>[Calls]<UL><LI><a href="#[a7]">&gt;&gt;</a>&nbsp;&nbsp;&nbsp;__0sscanf
</UL>
<BR>[Called By]<UL><LI><a href="#[a8]">&gt;&gt;</a>&nbsp;&nbsp;&nbsp;NotifyText
</UL>

<P><STRONG><a name="[a8]"></a>NotifyText</STRONG> (Thumb, 52 bytes, Stack size 16 bytes, cmd_process.o(.text))
<BR><BR>[Stack]<UL><LI>Max Depth = 256<LI>Call Chain = NotifyText &rArr; StringToInt32 &rArr; __0sscanf &rArr; __vfscanf_char &rArr; __vfscanf &rArr; _scanf_int
</UL>
<BR>[Calls]<UL><LI><a href="#[a6]">&gt;&gt;</a>&nbsp;&nbsp;&nbsp;StringToInt32
</UL>
<BR>[Called By]<UL><LI><a href="#[80]">&gt;&gt;</a>&nbsp;&nbsp;&nbsp;ProcessMessage
</UL>

<P><STRONG><a name="[ad]"></a>NotifyButton</STRONG> (Thumb, 58 bytes, Stack size 8 bytes, cmd_process.o(.text))
<BR><BR>[Stack]<UL><LI>Max Depth = 8<LI>Call Chain = NotifyButton
</UL>
<BR>[Called By]<UL><LI><a href="#[80]">&gt;&gt;</a>&nbsp;&nbsp;&nbsp;ProcessMessage
</UL>

<P><STRONG><a name="[ac]"></a>NotifyReadFlash</STRONG> (Thumb, 2 bytes, Stack size 0 bytes, cmd_process.o(.text))
<BR><BR>[Called By]<UL><LI><a href="#[80]">&gt;&gt;</a>&nbsp;&nbsp;&nbsp;ProcessMessage
</UL>

<P><STRONG><a name="[ab]"></a>NotifyWriteFlash</STRONG> (Thumb, 2 bytes, Stack size 0 bytes, cmd_process.o(.text))
<BR><BR>[Called By]<UL><LI><a href="#[80]">&gt;&gt;</a>&nbsp;&nbsp;&nbsp;ProcessMessage
</UL>

<P><STRONG><a name="[aa]"></a>NotifyTouchXY</STRONG> (Thumb, 2 bytes, Stack size 0 bytes, cmd_process.o(.text))
<BR><BR>[Called By]<UL><LI><a href="#[80]">&gt;&gt;</a>&nbsp;&nbsp;&nbsp;ProcessMessage
</UL>

<P><STRONG><a name="[a9]"></a>NotifyScreen</STRONG> (Thumb, 2 bytes, Stack size 0 bytes, cmd_process.o(.text))
<BR><BR>[Called By]<UL><LI><a href="#[80]">&gt;&gt;</a>&nbsp;&nbsp;&nbsp;ProcessMessage
</UL>

<P><STRONG><a name="[80]"></a>ProcessMessage</STRONG> (Thumb, 320 bytes, Stack size 32 bytes, cmd_process.o(.text))
<BR><BR>[Stack]<UL><LI>Max Depth = 288<LI>Call Chain = ProcessMessage &rArr; NotifyText &rArr; StringToInt32 &rArr; __0sscanf &rArr; __vfscanf_char &rArr; __vfscanf &rArr; _scanf_int
</UL>
<BR>[Calls]<UL><LI><a href="#[a9]">&gt;&gt;</a>&nbsp;&nbsp;&nbsp;NotifyScreen
<LI><a href="#[aa]">&gt;&gt;</a>&nbsp;&nbsp;&nbsp;NotifyTouchXY
<LI><a href="#[ab]">&gt;&gt;</a>&nbsp;&nbsp;&nbsp;NotifyWriteFlash
<LI><a href="#[ac]">&gt;&gt;</a>&nbsp;&nbsp;&nbsp;NotifyReadFlash
<LI><a href="#[ad]">&gt;&gt;</a>&nbsp;&nbsp;&nbsp;NotifyButton
<LI><a href="#[a8]">&gt;&gt;</a>&nbsp;&nbsp;&nbsp;NotifyText
<LI><a href="#[ae]">&gt;&gt;</a>&nbsp;&nbsp;&nbsp;NotifyProgress
<LI><a href="#[af]">&gt;&gt;</a>&nbsp;&nbsp;&nbsp;NotifySlider
<LI><a href="#[b0]">&gt;&gt;</a>&nbsp;&nbsp;&nbsp;NotifyMeter
<LI><a href="#[b1]">&gt;&gt;</a>&nbsp;&nbsp;&nbsp;NotifyMenu
<LI><a href="#[b2]">&gt;&gt;</a>&nbsp;&nbsp;&nbsp;NotifySelector
<LI><a href="#[b3]">&gt;&gt;</a>&nbsp;&nbsp;&nbsp;NotifyTimer
</UL>
<BR>[Called By]<UL><LI><a href="#[3a]">&gt;&gt;</a>&nbsp;&nbsp;&nbsp;task_touch_UI
</UL>

<P><STRONG><a name="[b4]"></a>SetTextValueInt32</STRONG> (Thumb, 68 bytes, Stack size 48 bytes, cmd_process.o(.text))
<BR><BR>[Stack]<UL><LI>Max Depth = 176 + Unknown Stack Size
<LI>Call Chain = SetTextValueInt32 &rArr; __2sprintf &rArr; _printf_char_common &rArr; __printf
</UL>
<BR>[Calls]<UL><LI><a href="#[b7]">&gt;&gt;</a>&nbsp;&nbsp;&nbsp;SetTextValue
<LI><a href="#[7b]">&gt;&gt;</a>&nbsp;&nbsp;&nbsp;__aeabi_i2f
<LI><a href="#[a3]">&gt;&gt;</a>&nbsp;&nbsp;&nbsp;__aeabi_f2d
<LI><a href="#[b5]">&gt;&gt;</a>&nbsp;&nbsp;&nbsp;__aeabi_ddiv
<LI><a href="#[b6]">&gt;&gt;</a>&nbsp;&nbsp;&nbsp;__2sprintf
</UL>
<BR>[Called By]<UL><LI><a href="#[81]">&gt;&gt;</a>&nbsp;&nbsp;&nbsp;UpdateUI
</UL>

<P><STRONG><a name="[81]"></a>UpdateUI</STRONG> (Thumb, 72 bytes, Stack size 8 bytes, cmd_process.o(.text))
<BR><BR>[Stack]<UL><LI>Max Depth = 184 + Unknown Stack Size
<LI>Call Chain = UpdateUI &rArr; SetTextValueInt32 &rArr; __2sprintf &rArr; _printf_char_common &rArr; __printf
</UL>
<BR>[Calls]<UL><LI><a href="#[b9]">&gt;&gt;</a>&nbsp;&nbsp;&nbsp;SetMeterValue
<LI><a href="#[b4]">&gt;&gt;</a>&nbsp;&nbsp;&nbsp;SetTextValueInt32
<LI><a href="#[b8]">&gt;&gt;</a>&nbsp;&nbsp;&nbsp;__aeabi_f2uiz
<LI><a href="#[ba]">&gt;&gt;</a>&nbsp;&nbsp;&nbsp;__aeabi_f2iz
</UL>
<BR>[Called By]<UL><LI><a href="#[3a]">&gt;&gt;</a>&nbsp;&nbsp;&nbsp;task_touch_UI
</UL>

<P><STRONG><a name="[63]"></a>queue_reset</STRONG> (Thumb, 18 bytes, Stack size 0 bytes, cmd_queue.o(.text))
<BR><BR>[Called By]<UL><LI><a href="#[60]">&gt;&gt;</a>&nbsp;&nbsp;&nbsp;system_init
</UL>

<P><STRONG><a name="[13c]"></a>queue_push</STRONG> (Thumb, 42 bytes, Stack size 8 bytes, cmd_queue.o(.text))
<BR><BR>[Stack]<UL><LI>Max Depth = 8<LI>Call Chain = queue_push
</UL>
<BR>[Called By]<UL><LI><a href="#[33]">&gt;&gt;</a>&nbsp;&nbsp;&nbsp;USART1_IRQHandler
</UL>

<P><STRONG><a name="[7f]"></a>queue_find_cmd</STRONG> (Thumb, 224 bytes, Stack size 24 bytes, cmd_queue.o(.text))
<BR><BR>[Stack]<UL><LI>Max Depth = 68<LI>Call Chain = queue_find_cmd &rArr; CheckCRC16 &rArr; AddCRC16
</UL>
<BR>[Calls]<UL><LI><a href="#[bc]">&gt;&gt;</a>&nbsp;&nbsp;&nbsp;CheckCRC16
<LI><a href="#[bd]">&gt;&gt;</a>&nbsp;&nbsp;&nbsp;queue_size
<LI><a href="#[bb]">&gt;&gt;</a>&nbsp;&nbsp;&nbsp;queue_pop
</UL>
<BR>[Called By]<UL><LI><a href="#[3a]">&gt;&gt;</a>&nbsp;&nbsp;&nbsp;task_touch_UI
</UL>

<P><STRONG><a name="[bc]"></a>CheckCRC16</STRONG> (Thumb, 58 bytes, Stack size 24 bytes, hmi_driver.o(.text))
<BR><BR>[Stack]<UL><LI>Max Depth = 44<LI>Call Chain = CheckCRC16 &rArr; AddCRC16
</UL>
<BR>[Calls]<UL><LI><a href="#[be]">&gt;&gt;</a>&nbsp;&nbsp;&nbsp;AddCRC16
</UL>
<BR>[Called By]<UL><LI><a href="#[7f]">&gt;&gt;</a>&nbsp;&nbsp;&nbsp;queue_find_cmd
</UL>

<P><STRONG><a name="[bf]"></a>SEND_DATA</STRONG> (Thumb, 22 bytes, Stack size 8 bytes, hmi_driver.o(.text))
<BR><BR>[Stack]<UL><LI>Max Depth = 28<LI>Call Chain = SEND_DATA &rArr; AddCRC16
</UL>
<BR>[Calls]<UL><LI><a href="#[c0]">&gt;&gt;</a>&nbsp;&nbsp;&nbsp;SendChar
<LI><a href="#[be]">&gt;&gt;</a>&nbsp;&nbsp;&nbsp;AddCRC16
</UL>
<BR>[Called By]<UL><LI><a href="#[11a]">&gt;&gt;</a>&nbsp;&nbsp;&nbsp;ShowKeyboard
<LI><a href="#[119]">&gt;&gt;</a>&nbsp;&nbsp;&nbsp;ShowPopupMenu
<LI><a href="#[118]">&gt;&gt;</a>&nbsp;&nbsp;&nbsp;SetControlForeColor
<LI><a href="#[117]">&gt;&gt;</a>&nbsp;&nbsp;&nbsp;SetControlBackColor
<LI><a href="#[116]">&gt;&gt;</a>&nbsp;&nbsp;&nbsp;PauseTimer
<LI><a href="#[115]">&gt;&gt;</a>&nbsp;&nbsp;&nbsp;StopTimer
<LI><a href="#[114]">&gt;&gt;</a>&nbsp;&nbsp;&nbsp;StartTimer
<LI><a href="#[113]">&gt;&gt;</a>&nbsp;&nbsp;&nbsp;SeTimer
<LI><a href="#[111]">&gt;&gt;</a>&nbsp;&nbsp;&nbsp;BatchSetFrame
<LI><a href="#[10f]">&gt;&gt;</a>&nbsp;&nbsp;&nbsp;BatchSetText
<LI><a href="#[10e]">&gt;&gt;</a>&nbsp;&nbsp;&nbsp;BatchSetMeterValue
<LI><a href="#[10d]">&gt;&gt;</a>&nbsp;&nbsp;&nbsp;BatchSetSliderValue
<LI><a href="#[10c]">&gt;&gt;</a>&nbsp;&nbsp;&nbsp;BatchSetProgressValue
<LI><a href="#[10b]">&gt;&gt;</a>&nbsp;&nbsp;&nbsp;BatchSetButtonValue
<LI><a href="#[10a]">&gt;&gt;</a>&nbsp;&nbsp;&nbsp;BatchBegin
<LI><a href="#[109]">&gt;&gt;</a>&nbsp;&nbsp;&nbsp;GraphSetViewport
<LI><a href="#[108]">&gt;&gt;</a>&nbsp;&nbsp;&nbsp;GraphChannelDataClear
<LI><a href="#[107]">&gt;&gt;</a>&nbsp;&nbsp;&nbsp;GraphChannelDataAdd
<LI><a href="#[106]">&gt;&gt;</a>&nbsp;&nbsp;&nbsp;GraphChannelDel
<LI><a href="#[105]">&gt;&gt;</a>&nbsp;&nbsp;&nbsp;GraphChannelAdd
<LI><a href="#[104]">&gt;&gt;</a>&nbsp;&nbsp;&nbsp;AnimationPlayNext
<LI><a href="#[103]">&gt;&gt;</a>&nbsp;&nbsp;&nbsp;AnimationPlayPrev
<LI><a href="#[102]">&gt;&gt;</a>&nbsp;&nbsp;&nbsp;AnimationPlayFrame
<LI><a href="#[101]">&gt;&gt;</a>&nbsp;&nbsp;&nbsp;AnimationPause
<LI><a href="#[100]">&gt;&gt;</a>&nbsp;&nbsp;&nbsp;AnimationStop
<LI><a href="#[ff]">&gt;&gt;</a>&nbsp;&nbsp;&nbsp;AnimationStart
<LI><a href="#[fe]">&gt;&gt;</a>&nbsp;&nbsp;&nbsp;GetControlValue
<LI><a href="#[fd]">&gt;&gt;</a>&nbsp;&nbsp;&nbsp;SetSelectorValue
<LI><a href="#[fc]">&gt;&gt;</a>&nbsp;&nbsp;&nbsp;SetSliderValue
<LI><a href="#[fb]">&gt;&gt;</a>&nbsp;&nbsp;&nbsp;SetProgressValue
<LI><a href="#[fa]">&gt;&gt;</a>&nbsp;&nbsp;&nbsp;SetButtonValue
<LI><a href="#[f9]">&gt;&gt;</a>&nbsp;&nbsp;&nbsp;SetControlEnable
<LI><a href="#[f8]">&gt;&gt;</a>&nbsp;&nbsp;&nbsp;SetControlVisiable
<LI><a href="#[f7]">&gt;&gt;</a>&nbsp;&nbsp;&nbsp;SetControlFocus
<LI><a href="#[f6]">&gt;&gt;</a>&nbsp;&nbsp;&nbsp;SetScreenUpdateEnable
<LI><a href="#[f5]">&gt;&gt;</a>&nbsp;&nbsp;&nbsp;SetScreen
<LI><a href="#[f4]">&gt;&gt;</a>&nbsp;&nbsp;&nbsp;GetScreen
<LI><a href="#[f3]">&gt;&gt;</a>&nbsp;&nbsp;&nbsp;ReadUserFlash
<LI><a href="#[f2]">&gt;&gt;</a>&nbsp;&nbsp;&nbsp;WriteUserFlash
<LI><a href="#[f1]">&gt;&gt;</a>&nbsp;&nbsp;&nbsp;GUI_DispRTC
<LI><a href="#[f0]">&gt;&gt;</a>&nbsp;&nbsp;&nbsp;ClearLayer
<LI><a href="#[ef]">&gt;&gt;</a>&nbsp;&nbsp;&nbsp;CopyLayer
<LI><a href="#[ee]">&gt;&gt;</a>&nbsp;&nbsp;&nbsp;DisplyLayer
<LI><a href="#[ed]">&gt;&gt;</a>&nbsp;&nbsp;&nbsp;WriteLayer
<LI><a href="#[ec]">&gt;&gt;</a>&nbsp;&nbsp;&nbsp;SetCommBps
<LI><a href="#[eb]">&gt;&gt;</a>&nbsp;&nbsp;&nbsp;UnlockDeviceConfig
<LI><a href="#[ea]">&gt;&gt;</a>&nbsp;&nbsp;&nbsp;LockDeviceConfig
<LI><a href="#[e9]">&gt;&gt;</a>&nbsp;&nbsp;&nbsp;TestTouchPane
<LI><a href="#[e8]">&gt;&gt;</a>&nbsp;&nbsp;&nbsp;CalibrateTouchPane
<LI><a href="#[e7]">&gt;&gt;</a>&nbsp;&nbsp;&nbsp;SetTouchPaneOption
<LI><a href="#[e6]">&gt;&gt;</a>&nbsp;&nbsp;&nbsp;GUI_AreaInycolor
<LI><a href="#[e5]">&gt;&gt;</a>&nbsp;&nbsp;&nbsp;SetBuzzer
<LI><a href="#[e4]">&gt;&gt;</a>&nbsp;&nbsp;&nbsp;SetBackLight
<LI><a href="#[e3]">&gt;&gt;</a>&nbsp;&nbsp;&nbsp;GUI_EllipseFill
<LI><a href="#[e2]">&gt;&gt;</a>&nbsp;&nbsp;&nbsp;GUI_Ellipse
<LI><a href="#[e1]">&gt;&gt;</a>&nbsp;&nbsp;&nbsp;GUI_RectangleFill
<LI><a href="#[e0]">&gt;&gt;</a>&nbsp;&nbsp;&nbsp;GUI_Rectangle
<LI><a href="#[df]">&gt;&gt;</a>&nbsp;&nbsp;&nbsp;GUI_Arc
<LI><a href="#[de]">&gt;&gt;</a>&nbsp;&nbsp;&nbsp;GUI_CircleFill
<LI><a href="#[dd]">&gt;&gt;</a>&nbsp;&nbsp;&nbsp;GUI_Circle
<LI><a href="#[dc]">&gt;&gt;</a>&nbsp;&nbsp;&nbsp;GUI_BcolorConDots
<LI><a href="#[db]">&gt;&gt;</a>&nbsp;&nbsp;&nbsp;GUI_FcolorConDots
<LI><a href="#[da]">&gt;&gt;</a>&nbsp;&nbsp;&nbsp;SetPowerSaving
<LI><a href="#[d9]">&gt;&gt;</a>&nbsp;&nbsp;&nbsp;GUI_BcolorConOffsetDots
<LI><a href="#[d8]">&gt;&gt;</a>&nbsp;&nbsp;&nbsp;GUI_FcolorConOffsetDots
<LI><a href="#[d7]">&gt;&gt;</a>&nbsp;&nbsp;&nbsp;GUI_ConSpaceDots
<LI><a href="#[d6]">&gt;&gt;</a>&nbsp;&nbsp;&nbsp;GUI_ConDots
<LI><a href="#[d5]">&gt;&gt;</a>&nbsp;&nbsp;&nbsp;GUI_Line
<LI><a href="#[d4]">&gt;&gt;</a>&nbsp;&nbsp;&nbsp;GUI_Dot
<LI><a href="#[d3]">&gt;&gt;</a>&nbsp;&nbsp;&nbsp;DisFlashImage
<LI><a href="#[d2]">&gt;&gt;</a>&nbsp;&nbsp;&nbsp;DisCut_Image
<LI><a href="#[d1]">&gt;&gt;</a>&nbsp;&nbsp;&nbsp;DisArea_Image
<LI><a href="#[d0]">&gt;&gt;</a>&nbsp;&nbsp;&nbsp;DisFull_Image
<LI><a href="#[cf]">&gt;&gt;</a>&nbsp;&nbsp;&nbsp;DisCursor
<LI><a href="#[ce]">&gt;&gt;</a>&nbsp;&nbsp;&nbsp;DisText
<LI><a href="#[cd]">&gt;&gt;</a>&nbsp;&nbsp;&nbsp;SetFilterColor
<LI><a href="#[cc]">&gt;&gt;</a>&nbsp;&nbsp;&nbsp;SetFont_Region
<LI><a href="#[cb]">&gt;&gt;</a>&nbsp;&nbsp;&nbsp;SetTextSpace
<LI><a href="#[ca]">&gt;&gt;</a>&nbsp;&nbsp;&nbsp;GUI_CleanScreen
<LI><a href="#[c9]">&gt;&gt;</a>&nbsp;&nbsp;&nbsp;ColorPicker
<LI><a href="#[c8]">&gt;&gt;</a>&nbsp;&nbsp;&nbsp;SetBcolor
<LI><a href="#[c7]">&gt;&gt;</a>&nbsp;&nbsp;&nbsp;SetFcolor
<LI><a href="#[c6]">&gt;&gt;</a>&nbsp;&nbsp;&nbsp;SetHandShake
<LI><a href="#[c5]">&gt;&gt;</a>&nbsp;&nbsp;&nbsp;SendNU16
<LI><a href="#[c4]">&gt;&gt;</a>&nbsp;&nbsp;&nbsp;SendNU8
<LI><a href="#[c3]">&gt;&gt;</a>&nbsp;&nbsp;&nbsp;SendStrings
<LI><a href="#[c2]">&gt;&gt;</a>&nbsp;&nbsp;&nbsp;END_CMD
<LI><a href="#[c1]">&gt;&gt;</a>&nbsp;&nbsp;&nbsp;BEGIN_CMD
<LI><a href="#[b7]">&gt;&gt;</a>&nbsp;&nbsp;&nbsp;SetTextValue
<LI><a href="#[b9]">&gt;&gt;</a>&nbsp;&nbsp;&nbsp;SetMeterValue
</UL>

<P><STRONG><a name="[c1]"></a>BEGIN_CMD</STRONG> (Thumb, 18 bytes, Stack size 8 bytes, hmi_driver.o(.text))
<BR><BR>[Stack]<UL><LI>Max Depth = 36<LI>Call Chain = BEGIN_CMD &rArr; SEND_DATA &rArr; AddCRC16
</UL>
<BR>[Calls]<UL><LI><a href="#[bf]">&gt;&gt;</a>&nbsp;&nbsp;&nbsp;SEND_DATA
</UL>
<BR>[Called By]<UL><LI><a href="#[11a]">&gt;&gt;</a>&nbsp;&nbsp;&nbsp;ShowKeyboard
<LI><a href="#[119]">&gt;&gt;</a>&nbsp;&nbsp;&nbsp;ShowPopupMenu
<LI><a href="#[118]">&gt;&gt;</a>&nbsp;&nbsp;&nbsp;SetControlForeColor
<LI><a href="#[117]">&gt;&gt;</a>&nbsp;&nbsp;&nbsp;SetControlBackColor
<LI><a href="#[116]">&gt;&gt;</a>&nbsp;&nbsp;&nbsp;PauseTimer
<LI><a href="#[115]">&gt;&gt;</a>&nbsp;&nbsp;&nbsp;StopTimer
<LI><a href="#[114]">&gt;&gt;</a>&nbsp;&nbsp;&nbsp;StartTimer
<LI><a href="#[113]">&gt;&gt;</a>&nbsp;&nbsp;&nbsp;SeTimer
<LI><a href="#[10a]">&gt;&gt;</a>&nbsp;&nbsp;&nbsp;BatchBegin
<LI><a href="#[109]">&gt;&gt;</a>&nbsp;&nbsp;&nbsp;GraphSetViewport
<LI><a href="#[108]">&gt;&gt;</a>&nbsp;&nbsp;&nbsp;GraphChannelDataClear
<LI><a href="#[107]">&gt;&gt;</a>&nbsp;&nbsp;&nbsp;GraphChannelDataAdd
<LI><a href="#[106]">&gt;&gt;</a>&nbsp;&nbsp;&nbsp;GraphChannelDel
<LI><a href="#[105]">&gt;&gt;</a>&nbsp;&nbsp;&nbsp;GraphChannelAdd
<LI><a href="#[104]">&gt;&gt;</a>&nbsp;&nbsp;&nbsp;AnimationPlayNext
<LI><a href="#[103]">&gt;&gt;</a>&nbsp;&nbsp;&nbsp;AnimationPlayPrev
<LI><a href="#[102]">&gt;&gt;</a>&nbsp;&nbsp;&nbsp;AnimationPlayFrame
<LI><a href="#[101]">&gt;&gt;</a>&nbsp;&nbsp;&nbsp;AnimationPause
<LI><a href="#[100]">&gt;&gt;</a>&nbsp;&nbsp;&nbsp;AnimationStop
<LI><a href="#[ff]">&gt;&gt;</a>&nbsp;&nbsp;&nbsp;AnimationStart
<LI><a href="#[fe]">&gt;&gt;</a>&nbsp;&nbsp;&nbsp;GetControlValue
<LI><a href="#[fd]">&gt;&gt;</a>&nbsp;&nbsp;&nbsp;SetSelectorValue
<LI><a href="#[fc]">&gt;&gt;</a>&nbsp;&nbsp;&nbsp;SetSliderValue
<LI><a href="#[fb]">&gt;&gt;</a>&nbsp;&nbsp;&nbsp;SetProgressValue
<LI><a href="#[fa]">&gt;&gt;</a>&nbsp;&nbsp;&nbsp;SetButtonValue
<LI><a href="#[f9]">&gt;&gt;</a>&nbsp;&nbsp;&nbsp;SetControlEnable
<LI><a href="#[f8]">&gt;&gt;</a>&nbsp;&nbsp;&nbsp;SetControlVisiable
<LI><a href="#[f7]">&gt;&gt;</a>&nbsp;&nbsp;&nbsp;SetControlFocus
<LI><a href="#[f6]">&gt;&gt;</a>&nbsp;&nbsp;&nbsp;SetScreenUpdateEnable
<LI><a href="#[f5]">&gt;&gt;</a>&nbsp;&nbsp;&nbsp;SetScreen
<LI><a href="#[f4]">&gt;&gt;</a>&nbsp;&nbsp;&nbsp;GetScreen
<LI><a href="#[f3]">&gt;&gt;</a>&nbsp;&nbsp;&nbsp;ReadUserFlash
<LI><a href="#[f2]">&gt;&gt;</a>&nbsp;&nbsp;&nbsp;WriteUserFlash
<LI><a href="#[f1]">&gt;&gt;</a>&nbsp;&nbsp;&nbsp;GUI_DispRTC
<LI><a href="#[f0]">&gt;&gt;</a>&nbsp;&nbsp;&nbsp;ClearLayer
<LI><a href="#[ef]">&gt;&gt;</a>&nbsp;&nbsp;&nbsp;CopyLayer
<LI><a href="#[ee]">&gt;&gt;</a>&nbsp;&nbsp;&nbsp;DisplyLayer
<LI><a href="#[ed]">&gt;&gt;</a>&nbsp;&nbsp;&nbsp;WriteLayer
<LI><a href="#[ec]">&gt;&gt;</a>&nbsp;&nbsp;&nbsp;SetCommBps
<LI><a href="#[eb]">&gt;&gt;</a>&nbsp;&nbsp;&nbsp;UnlockDeviceConfig
<LI><a href="#[ea]">&gt;&gt;</a>&nbsp;&nbsp;&nbsp;LockDeviceConfig
<LI><a href="#[e9]">&gt;&gt;</a>&nbsp;&nbsp;&nbsp;TestTouchPane
<LI><a href="#[e8]">&gt;&gt;</a>&nbsp;&nbsp;&nbsp;CalibrateTouchPane
<LI><a href="#[e7]">&gt;&gt;</a>&nbsp;&nbsp;&nbsp;SetTouchPaneOption
<LI><a href="#[e6]">&gt;&gt;</a>&nbsp;&nbsp;&nbsp;GUI_AreaInycolor
<LI><a href="#[e5]">&gt;&gt;</a>&nbsp;&nbsp;&nbsp;SetBuzzer
<LI><a href="#[e4]">&gt;&gt;</a>&nbsp;&nbsp;&nbsp;SetBackLight
<LI><a href="#[e3]">&gt;&gt;</a>&nbsp;&nbsp;&nbsp;GUI_EllipseFill
<LI><a href="#[e2]">&gt;&gt;</a>&nbsp;&nbsp;&nbsp;GUI_Ellipse
<LI><a href="#[e1]">&gt;&gt;</a>&nbsp;&nbsp;&nbsp;GUI_RectangleFill
<LI><a href="#[e0]">&gt;&gt;</a>&nbsp;&nbsp;&nbsp;GUI_Rectangle
<LI><a href="#[df]">&gt;&gt;</a>&nbsp;&nbsp;&nbsp;GUI_Arc
<LI><a href="#[de]">&gt;&gt;</a>&nbsp;&nbsp;&nbsp;GUI_CircleFill
<LI><a href="#[dd]">&gt;&gt;</a>&nbsp;&nbsp;&nbsp;GUI_Circle
<LI><a href="#[dc]">&gt;&gt;</a>&nbsp;&nbsp;&nbsp;GUI_BcolorConDots
<LI><a href="#[db]">&gt;&gt;</a>&nbsp;&nbsp;&nbsp;GUI_FcolorConDots
<LI><a href="#[da]">&gt;&gt;</a>&nbsp;&nbsp;&nbsp;SetPowerSaving
<LI><a href="#[d9]">&gt;&gt;</a>&nbsp;&nbsp;&nbsp;GUI_BcolorConOffsetDots
<LI><a href="#[d8]">&gt;&gt;</a>&nbsp;&nbsp;&nbsp;GUI_FcolorConOffsetDots
<LI><a href="#[d7]">&gt;&gt;</a>&nbsp;&nbsp;&nbsp;GUI_ConSpaceDots
<LI><a href="#[d6]">&gt;&gt;</a>&nbsp;&nbsp;&nbsp;GUI_ConDots
<LI><a href="#[d5]">&gt;&gt;</a>&nbsp;&nbsp;&nbsp;GUI_Line
<LI><a href="#[d4]">&gt;&gt;</a>&nbsp;&nbsp;&nbsp;GUI_Dot
<LI><a href="#[d3]">&gt;&gt;</a>&nbsp;&nbsp;&nbsp;DisFlashImage
<LI><a href="#[d2]">&gt;&gt;</a>&nbsp;&nbsp;&nbsp;DisCut_Image
<LI><a href="#[d1]">&gt;&gt;</a>&nbsp;&nbsp;&nbsp;DisArea_Image
<LI><a href="#[d0]">&gt;&gt;</a>&nbsp;&nbsp;&nbsp;DisFull_Image
<LI><a href="#[cf]">&gt;&gt;</a>&nbsp;&nbsp;&nbsp;DisCursor
<LI><a href="#[ce]">&gt;&gt;</a>&nbsp;&nbsp;&nbsp;DisText
<LI><a href="#[cd]">&gt;&gt;</a>&nbsp;&nbsp;&nbsp;SetFilterColor
<LI><a href="#[cc]">&gt;&gt;</a>&nbsp;&nbsp;&nbsp;SetFont_Region
<LI><a href="#[cb]">&gt;&gt;</a>&nbsp;&nbsp;&nbsp;SetTextSpace
<LI><a href="#[ca]">&gt;&gt;</a>&nbsp;&nbsp;&nbsp;GUI_CleanScreen
<LI><a href="#[c9]">&gt;&gt;</a>&nbsp;&nbsp;&nbsp;ColorPicker
<LI><a href="#[c8]">&gt;&gt;</a>&nbsp;&nbsp;&nbsp;SetBcolor
<LI><a href="#[c7]">&gt;&gt;</a>&nbsp;&nbsp;&nbsp;SetFcolor
<LI><a href="#[c6]">&gt;&gt;</a>&nbsp;&nbsp;&nbsp;SetHandShake
<LI><a href="#[b7]">&gt;&gt;</a>&nbsp;&nbsp;&nbsp;SetTextValue
<LI><a href="#[b9]">&gt;&gt;</a>&nbsp;&nbsp;&nbsp;SetMeterValue
</UL>

<P><STRONG><a name="[c2]"></a>END_CMD</STRONG> (Thumb, 44 bytes, Stack size 8 bytes, hmi_driver.o(.text))
<BR><BR>[Stack]<UL><LI>Max Depth = 36<LI>Call Chain = END_CMD &rArr; SEND_DATA &rArr; AddCRC16
</UL>
<BR>[Calls]<UL><LI><a href="#[bf]">&gt;&gt;</a>&nbsp;&nbsp;&nbsp;SEND_DATA
</UL>
<BR>[Called By]<UL><LI><a href="#[11a]">&gt;&gt;</a>&nbsp;&nbsp;&nbsp;ShowKeyboard
<LI><a href="#[119]">&gt;&gt;</a>&nbsp;&nbsp;&nbsp;ShowPopupMenu
<LI><a href="#[118]">&gt;&gt;</a>&nbsp;&nbsp;&nbsp;SetControlForeColor
<LI><a href="#[117]">&gt;&gt;</a>&nbsp;&nbsp;&nbsp;SetControlBackColor
<LI><a href="#[116]">&gt;&gt;</a>&nbsp;&nbsp;&nbsp;PauseTimer
<LI><a href="#[115]">&gt;&gt;</a>&nbsp;&nbsp;&nbsp;StopTimer
<LI><a href="#[114]">&gt;&gt;</a>&nbsp;&nbsp;&nbsp;StartTimer
<LI><a href="#[113]">&gt;&gt;</a>&nbsp;&nbsp;&nbsp;SeTimer
<LI><a href="#[112]">&gt;&gt;</a>&nbsp;&nbsp;&nbsp;BatchEnd
<LI><a href="#[109]">&gt;&gt;</a>&nbsp;&nbsp;&nbsp;GraphSetViewport
<LI><a href="#[108]">&gt;&gt;</a>&nbsp;&nbsp;&nbsp;GraphChannelDataClear
<LI><a href="#[107]">&gt;&gt;</a>&nbsp;&nbsp;&nbsp;GraphChannelDataAdd
<LI><a href="#[106]">&gt;&gt;</a>&nbsp;&nbsp;&nbsp;GraphChannelDel
<LI><a href="#[105]">&gt;&gt;</a>&nbsp;&nbsp;&nbsp;GraphChannelAdd
<LI><a href="#[104]">&gt;&gt;</a>&nbsp;&nbsp;&nbsp;AnimationPlayNext
<LI><a href="#[103]">&gt;&gt;</a>&nbsp;&nbsp;&nbsp;AnimationPlayPrev
<LI><a href="#[102]">&gt;&gt;</a>&nbsp;&nbsp;&nbsp;AnimationPlayFrame
<LI><a href="#[101]">&gt;&gt;</a>&nbsp;&nbsp;&nbsp;AnimationPause
<LI><a href="#[100]">&gt;&gt;</a>&nbsp;&nbsp;&nbsp;AnimationStop
<LI><a href="#[ff]">&gt;&gt;</a>&nbsp;&nbsp;&nbsp;AnimationStart
<LI><a href="#[fe]">&gt;&gt;</a>&nbsp;&nbsp;&nbsp;GetControlValue
<LI><a href="#[fd]">&gt;&gt;</a>&nbsp;&nbsp;&nbsp;SetSelectorValue
<LI><a href="#[fc]">&gt;&gt;</a>&nbsp;&nbsp;&nbsp;SetSliderValue
<LI><a href="#[fb]">&gt;&gt;</a>&nbsp;&nbsp;&nbsp;SetProgressValue
<LI><a href="#[fa]">&gt;&gt;</a>&nbsp;&nbsp;&nbsp;SetButtonValue
<LI><a href="#[f9]">&gt;&gt;</a>&nbsp;&nbsp;&nbsp;SetControlEnable
<LI><a href="#[f8]">&gt;&gt;</a>&nbsp;&nbsp;&nbsp;SetControlVisiable
<LI><a href="#[f7]">&gt;&gt;</a>&nbsp;&nbsp;&nbsp;SetControlFocus
<LI><a href="#[f6]">&gt;&gt;</a>&nbsp;&nbsp;&nbsp;SetScreenUpdateEnable
<LI><a href="#[f5]">&gt;&gt;</a>&nbsp;&nbsp;&nbsp;SetScreen
<LI><a href="#[f4]">&gt;&gt;</a>&nbsp;&nbsp;&nbsp;GetScreen
<LI><a href="#[f3]">&gt;&gt;</a>&nbsp;&nbsp;&nbsp;ReadUserFlash
<LI><a href="#[f2]">&gt;&gt;</a>&nbsp;&nbsp;&nbsp;WriteUserFlash
<LI><a href="#[f1]">&gt;&gt;</a>&nbsp;&nbsp;&nbsp;GUI_DispRTC
<LI><a href="#[f0]">&gt;&gt;</a>&nbsp;&nbsp;&nbsp;ClearLayer
<LI><a href="#[ef]">&gt;&gt;</a>&nbsp;&nbsp;&nbsp;CopyLayer
<LI><a href="#[ee]">&gt;&gt;</a>&nbsp;&nbsp;&nbsp;DisplyLayer
<LI><a href="#[ed]">&gt;&gt;</a>&nbsp;&nbsp;&nbsp;WriteLayer
<LI><a href="#[ec]">&gt;&gt;</a>&nbsp;&nbsp;&nbsp;SetCommBps
<LI><a href="#[eb]">&gt;&gt;</a>&nbsp;&nbsp;&nbsp;UnlockDeviceConfig
<LI><a href="#[ea]">&gt;&gt;</a>&nbsp;&nbsp;&nbsp;LockDeviceConfig
<LI><a href="#[e9]">&gt;&gt;</a>&nbsp;&nbsp;&nbsp;TestTouchPane
<LI><a href="#[e8]">&gt;&gt;</a>&nbsp;&nbsp;&nbsp;CalibrateTouchPane
<LI><a href="#[e7]">&gt;&gt;</a>&nbsp;&nbsp;&nbsp;SetTouchPaneOption
<LI><a href="#[e6]">&gt;&gt;</a>&nbsp;&nbsp;&nbsp;GUI_AreaInycolor
<LI><a href="#[e5]">&gt;&gt;</a>&nbsp;&nbsp;&nbsp;SetBuzzer
<LI><a href="#[e4]">&gt;&gt;</a>&nbsp;&nbsp;&nbsp;SetBackLight
<LI><a href="#[e3]">&gt;&gt;</a>&nbsp;&nbsp;&nbsp;GUI_EllipseFill
<LI><a href="#[e2]">&gt;&gt;</a>&nbsp;&nbsp;&nbsp;GUI_Ellipse
<LI><a href="#[e1]">&gt;&gt;</a>&nbsp;&nbsp;&nbsp;GUI_RectangleFill
<LI><a href="#[e0]">&gt;&gt;</a>&nbsp;&nbsp;&nbsp;GUI_Rectangle
<LI><a href="#[df]">&gt;&gt;</a>&nbsp;&nbsp;&nbsp;GUI_Arc
<LI><a href="#[de]">&gt;&gt;</a>&nbsp;&nbsp;&nbsp;GUI_CircleFill
<LI><a href="#[dd]">&gt;&gt;</a>&nbsp;&nbsp;&nbsp;GUI_Circle
<LI><a href="#[dc]">&gt;&gt;</a>&nbsp;&nbsp;&nbsp;GUI_BcolorConDots
<LI><a href="#[db]">&gt;&gt;</a>&nbsp;&nbsp;&nbsp;GUI_FcolorConDots
<LI><a href="#[da]">&gt;&gt;</a>&nbsp;&nbsp;&nbsp;SetPowerSaving
<LI><a href="#[d9]">&gt;&gt;</a>&nbsp;&nbsp;&nbsp;GUI_BcolorConOffsetDots
<LI><a href="#[d8]">&gt;&gt;</a>&nbsp;&nbsp;&nbsp;GUI_FcolorConOffsetDots
<LI><a href="#[d7]">&gt;&gt;</a>&nbsp;&nbsp;&nbsp;GUI_ConSpaceDots
<LI><a href="#[d6]">&gt;&gt;</a>&nbsp;&nbsp;&nbsp;GUI_ConDots
<LI><a href="#[d5]">&gt;&gt;</a>&nbsp;&nbsp;&nbsp;GUI_Line
<LI><a href="#[d4]">&gt;&gt;</a>&nbsp;&nbsp;&nbsp;GUI_Dot
<LI><a href="#[d3]">&gt;&gt;</a>&nbsp;&nbsp;&nbsp;DisFlashImage
<LI><a href="#[d2]">&gt;&gt;</a>&nbsp;&nbsp;&nbsp;DisCut_Image
<LI><a href="#[d1]">&gt;&gt;</a>&nbsp;&nbsp;&nbsp;DisArea_Image
<LI><a href="#[d0]">&gt;&gt;</a>&nbsp;&nbsp;&nbsp;DisFull_Image
<LI><a href="#[cf]">&gt;&gt;</a>&nbsp;&nbsp;&nbsp;DisCursor
<LI><a href="#[ce]">&gt;&gt;</a>&nbsp;&nbsp;&nbsp;DisText
<LI><a href="#[cd]">&gt;&gt;</a>&nbsp;&nbsp;&nbsp;SetFilterColor
<LI><a href="#[cc]">&gt;&gt;</a>&nbsp;&nbsp;&nbsp;SetFont_Region
<LI><a href="#[cb]">&gt;&gt;</a>&nbsp;&nbsp;&nbsp;SetTextSpace
<LI><a href="#[ca]">&gt;&gt;</a>&nbsp;&nbsp;&nbsp;GUI_CleanScreen
<LI><a href="#[c9]">&gt;&gt;</a>&nbsp;&nbsp;&nbsp;ColorPicker
<LI><a href="#[c8]">&gt;&gt;</a>&nbsp;&nbsp;&nbsp;SetBcolor
<LI><a href="#[c7]">&gt;&gt;</a>&nbsp;&nbsp;&nbsp;SetFcolor
<LI><a href="#[c6]">&gt;&gt;</a>&nbsp;&nbsp;&nbsp;SetHandShake
<LI><a href="#[b7]">&gt;&gt;</a>&nbsp;&nbsp;&nbsp;SetTextValue
<LI><a href="#[b9]">&gt;&gt;</a>&nbsp;&nbsp;&nbsp;SetMeterValue
</UL>

<P><STRONG><a name="[1ea]"></a>DelayMS</STRONG> (Thumb, 24 bytes, Stack size 0 bytes, hmi_driver.o(.text), UNUSED)

<P><STRONG><a name="[c3]"></a>SendStrings</STRONG> (Thumb, 22 bytes, Stack size 8 bytes, hmi_driver.o(.text))
<BR><BR>[Stack]<UL><LI>Max Depth = 36<LI>Call Chain = SendStrings &rArr; SEND_DATA &rArr; AddCRC16
</UL>
<BR>[Calls]<UL><LI><a href="#[bf]">&gt;&gt;</a>&nbsp;&nbsp;&nbsp;SEND_DATA
</UL>
<BR>[Called By]<UL><LI><a href="#[10f]">&gt;&gt;</a>&nbsp;&nbsp;&nbsp;BatchSetText
<LI><a href="#[ce]">&gt;&gt;</a>&nbsp;&nbsp;&nbsp;DisText
<LI><a href="#[b7]">&gt;&gt;</a>&nbsp;&nbsp;&nbsp;SetTextValue
</UL>

<P><STRONG><a name="[c4]"></a>SendNU8</STRONG> (Thumb, 26 bytes, Stack size 16 bytes, hmi_driver.o(.text), UNUSED)
<BR><BR>[Calls]<UL><LI><a href="#[bf]">&gt;&gt;</a>&nbsp;&nbsp;&nbsp;SEND_DATA
</UL>
<BR>[Called By]<UL><LI><a href="#[107]">&gt;&gt;</a>&nbsp;&nbsp;&nbsp;GraphChannelDataAdd
<LI><a href="#[f2]">&gt;&gt;</a>&nbsp;&nbsp;&nbsp;WriteUserFlash
</UL>

<P><STRONG><a name="[c5]"></a>SendNU16</STRONG> (Thumb, 38 bytes, Stack size 16 bytes, hmi_driver.o(.text), UNUSED)
<BR><BR>[Calls]<UL><LI><a href="#[bf]">&gt;&gt;</a>&nbsp;&nbsp;&nbsp;SEND_DATA
</UL>
<BR>[Called By]<UL><LI><a href="#[dc]">&gt;&gt;</a>&nbsp;&nbsp;&nbsp;GUI_BcolorConDots
<LI><a href="#[db]">&gt;&gt;</a>&nbsp;&nbsp;&nbsp;GUI_FcolorConDots
<LI><a href="#[d9]">&gt;&gt;</a>&nbsp;&nbsp;&nbsp;GUI_BcolorConOffsetDots
<LI><a href="#[d8]">&gt;&gt;</a>&nbsp;&nbsp;&nbsp;GUI_FcolorConOffsetDots
<LI><a href="#[d7]">&gt;&gt;</a>&nbsp;&nbsp;&nbsp;GUI_ConSpaceDots
<LI><a href="#[d6]">&gt;&gt;</a>&nbsp;&nbsp;&nbsp;GUI_ConDots
</UL>

<P><STRONG><a name="[c6]"></a>SetHandShake</STRONG> (Thumb, 18 bytes, Stack size 8 bytes, hmi_driver.o(.text), UNUSED)
<BR><BR>[Calls]<UL><LI><a href="#[c2]">&gt;&gt;</a>&nbsp;&nbsp;&nbsp;END_CMD
<LI><a href="#[c1]">&gt;&gt;</a>&nbsp;&nbsp;&nbsp;BEGIN_CMD
<LI><a href="#[bf]">&gt;&gt;</a>&nbsp;&nbsp;&nbsp;SEND_DATA
</UL>

<P><STRONG><a name="[c7]"></a>SetFcolor</STRONG> (Thumb, 32 bytes, Stack size 8 bytes, hmi_driver.o(.text), UNUSED)
<BR><BR>[Calls]<UL><LI><a href="#[c2]">&gt;&gt;</a>&nbsp;&nbsp;&nbsp;END_CMD
<LI><a href="#[c1]">&gt;&gt;</a>&nbsp;&nbsp;&nbsp;BEGIN_CMD
<LI><a href="#[bf]">&gt;&gt;</a>&nbsp;&nbsp;&nbsp;SEND_DATA
</UL>

<P><STRONG><a name="[c8]"></a>SetBcolor</STRONG> (Thumb, 32 bytes, Stack size 8 bytes, hmi_driver.o(.text), UNUSED)
<BR><BR>[Calls]<UL><LI><a href="#[c2]">&gt;&gt;</a>&nbsp;&nbsp;&nbsp;END_CMD
<LI><a href="#[c1]">&gt;&gt;</a>&nbsp;&nbsp;&nbsp;BEGIN_CMD
<LI><a href="#[bf]">&gt;&gt;</a>&nbsp;&nbsp;&nbsp;SEND_DATA
</UL>

<P><STRONG><a name="[c9]"></a>ColorPicker</STRONG> (Thumb, 54 bytes, Stack size 16 bytes, hmi_driver.o(.text), UNUSED)
<BR><BR>[Calls]<UL><LI><a href="#[c2]">&gt;&gt;</a>&nbsp;&nbsp;&nbsp;END_CMD
<LI><a href="#[c1]">&gt;&gt;</a>&nbsp;&nbsp;&nbsp;BEGIN_CMD
<LI><a href="#[bf]">&gt;&gt;</a>&nbsp;&nbsp;&nbsp;SEND_DATA
</UL>

<P><STRONG><a name="[ca]"></a>GUI_CleanScreen</STRONG> (Thumb, 18 bytes, Stack size 8 bytes, hmi_driver.o(.text), UNUSED)
<BR><BR>[Calls]<UL><LI><a href="#[c2]">&gt;&gt;</a>&nbsp;&nbsp;&nbsp;END_CMD
<LI><a href="#[c1]">&gt;&gt;</a>&nbsp;&nbsp;&nbsp;BEGIN_CMD
<LI><a href="#[bf]">&gt;&gt;</a>&nbsp;&nbsp;&nbsp;SEND_DATA
</UL>

<P><STRONG><a name="[cb]"></a>SetTextSpace</STRONG> (Thumb, 34 bytes, Stack size 16 bytes, hmi_driver.o(.text), UNUSED)
<BR><BR>[Calls]<UL><LI><a href="#[c2]">&gt;&gt;</a>&nbsp;&nbsp;&nbsp;END_CMD
<LI><a href="#[c1]">&gt;&gt;</a>&nbsp;&nbsp;&nbsp;BEGIN_CMD
<LI><a href="#[bf]">&gt;&gt;</a>&nbsp;&nbsp;&nbsp;SEND_DATA
</UL>

<P><STRONG><a name="[cc]"></a>SetFont_Region</STRONG> (Thumb, 54 bytes, Stack size 16 bytes, hmi_driver.o(.text), UNUSED)
<BR><BR>[Calls]<UL><LI><a href="#[c2]">&gt;&gt;</a>&nbsp;&nbsp;&nbsp;END_CMD
<LI><a href="#[c1]">&gt;&gt;</a>&nbsp;&nbsp;&nbsp;BEGIN_CMD
<LI><a href="#[bf]">&gt;&gt;</a>&nbsp;&nbsp;&nbsp;SEND_DATA
</UL>

<P><STRONG><a name="[cd]"></a>SetFilterColor</STRONG> (Thumb, 46 bytes, Stack size 16 bytes, hmi_driver.o(.text), UNUSED)
<BR><BR>[Calls]<UL><LI><a href="#[c2]">&gt;&gt;</a>&nbsp;&nbsp;&nbsp;END_CMD
<LI><a href="#[c1]">&gt;&gt;</a>&nbsp;&nbsp;&nbsp;BEGIN_CMD
<LI><a href="#[bf]">&gt;&gt;</a>&nbsp;&nbsp;&nbsp;SEND_DATA
</UL>

<P><STRONG><a name="[ce]"></a>DisText</STRONG> (Thumb, 76 bytes, Stack size 24 bytes, hmi_driver.o(.text), UNUSED)
<BR><BR>[Calls]<UL><LI><a href="#[c3]">&gt;&gt;</a>&nbsp;&nbsp;&nbsp;SendStrings
<LI><a href="#[c2]">&gt;&gt;</a>&nbsp;&nbsp;&nbsp;END_CMD
<LI><a href="#[c1]">&gt;&gt;</a>&nbsp;&nbsp;&nbsp;BEGIN_CMD
<LI><a href="#[bf]">&gt;&gt;</a>&nbsp;&nbsp;&nbsp;SEND_DATA
</UL>

<P><STRONG><a name="[cf]"></a>DisCursor</STRONG> (Thumb, 78 bytes, Stack size 24 bytes, hmi_driver.o(.text), UNUSED)
<BR><BR>[Calls]<UL><LI><a href="#[c2]">&gt;&gt;</a>&nbsp;&nbsp;&nbsp;END_CMD
<LI><a href="#[c1]">&gt;&gt;</a>&nbsp;&nbsp;&nbsp;BEGIN_CMD
<LI><a href="#[bf]">&gt;&gt;</a>&nbsp;&nbsp;&nbsp;SEND_DATA
</UL>

<P><STRONG><a name="[d0]"></a>DisFull_Image</STRONG> (Thumb, 40 bytes, Stack size 16 bytes, hmi_driver.o(.text), UNUSED)
<BR><BR>[Calls]<UL><LI><a href="#[c2]">&gt;&gt;</a>&nbsp;&nbsp;&nbsp;END_CMD
<LI><a href="#[c1]">&gt;&gt;</a>&nbsp;&nbsp;&nbsp;BEGIN_CMD
<LI><a href="#[bf]">&gt;&gt;</a>&nbsp;&nbsp;&nbsp;SEND_DATA
</UL>

<P><STRONG><a name="[d1]"></a>DisArea_Image</STRONG> (Thumb, 72 bytes, Stack size 24 bytes, hmi_driver.o(.text), UNUSED)
<BR><BR>[Calls]<UL><LI><a href="#[c2]">&gt;&gt;</a>&nbsp;&nbsp;&nbsp;END_CMD
<LI><a href="#[c1]">&gt;&gt;</a>&nbsp;&nbsp;&nbsp;BEGIN_CMD
<LI><a href="#[bf]">&gt;&gt;</a>&nbsp;&nbsp;&nbsp;SEND_DATA
</UL>

<P><STRONG><a name="[d2]"></a>DisCut_Image</STRONG> (Thumb, 142 bytes, Stack size 40 bytes, hmi_driver.o(.text), UNUSED)
<BR><BR>[Calls]<UL><LI><a href="#[c2]">&gt;&gt;</a>&nbsp;&nbsp;&nbsp;END_CMD
<LI><a href="#[c1]">&gt;&gt;</a>&nbsp;&nbsp;&nbsp;BEGIN_CMD
<LI><a href="#[bf]">&gt;&gt;</a>&nbsp;&nbsp;&nbsp;SEND_DATA
</UL>

<P><STRONG><a name="[d3]"></a>DisFlashImage</STRONG> (Thumb, 84 bytes, Stack size 24 bytes, hmi_driver.o(.text), UNUSED)
<BR><BR>[Calls]<UL><LI><a href="#[c2]">&gt;&gt;</a>&nbsp;&nbsp;&nbsp;END_CMD
<LI><a href="#[c1]">&gt;&gt;</a>&nbsp;&nbsp;&nbsp;BEGIN_CMD
<LI><a href="#[bf]">&gt;&gt;</a>&nbsp;&nbsp;&nbsp;SEND_DATA
</UL>

<P><STRONG><a name="[d4]"></a>GUI_Dot</STRONG> (Thumb, 52 bytes, Stack size 16 bytes, hmi_driver.o(.text), UNUSED)
<BR><BR>[Calls]<UL><LI><a href="#[c2]">&gt;&gt;</a>&nbsp;&nbsp;&nbsp;END_CMD
<LI><a href="#[c1]">&gt;&gt;</a>&nbsp;&nbsp;&nbsp;BEGIN_CMD
<LI><a href="#[bf]">&gt;&gt;</a>&nbsp;&nbsp;&nbsp;SEND_DATA
</UL>

<P><STRONG><a name="[d5]"></a>GUI_Line</STRONG> (Thumb, 78 bytes, Stack size 24 bytes, hmi_driver.o(.text), UNUSED)
<BR><BR>[Calls]<UL><LI><a href="#[c2]">&gt;&gt;</a>&nbsp;&nbsp;&nbsp;END_CMD
<LI><a href="#[c1]">&gt;&gt;</a>&nbsp;&nbsp;&nbsp;BEGIN_CMD
<LI><a href="#[bf]">&gt;&gt;</a>&nbsp;&nbsp;&nbsp;SEND_DATA
</UL>

<P><STRONG><a name="[d6]"></a>GUI_ConDots</STRONG> (Thumb, 44 bytes, Stack size 16 bytes, hmi_driver.o(.text), UNUSED)
<BR><BR>[Calls]<UL><LI><a href="#[c5]">&gt;&gt;</a>&nbsp;&nbsp;&nbsp;SendNU16
<LI><a href="#[c2]">&gt;&gt;</a>&nbsp;&nbsp;&nbsp;END_CMD
<LI><a href="#[c1]">&gt;&gt;</a>&nbsp;&nbsp;&nbsp;BEGIN_CMD
<LI><a href="#[bf]">&gt;&gt;</a>&nbsp;&nbsp;&nbsp;SEND_DATA
</UL>

<P><STRONG><a name="[d7]"></a>GUI_ConSpaceDots</STRONG> (Thumb, 62 bytes, Stack size 24 bytes, hmi_driver.o(.text), UNUSED)
<BR><BR>[Calls]<UL><LI><a href="#[c5]">&gt;&gt;</a>&nbsp;&nbsp;&nbsp;SendNU16
<LI><a href="#[c2]">&gt;&gt;</a>&nbsp;&nbsp;&nbsp;END_CMD
<LI><a href="#[c1]">&gt;&gt;</a>&nbsp;&nbsp;&nbsp;BEGIN_CMD
<LI><a href="#[bf]">&gt;&gt;</a>&nbsp;&nbsp;&nbsp;SEND_DATA
</UL>

<P><STRONG><a name="[d8]"></a>GUI_FcolorConOffsetDots</STRONG> (Thumb, 62 bytes, Stack size 24 bytes, hmi_driver.o(.text), UNUSED)
<BR><BR>[Calls]<UL><LI><a href="#[c5]">&gt;&gt;</a>&nbsp;&nbsp;&nbsp;SendNU16
<LI><a href="#[c2]">&gt;&gt;</a>&nbsp;&nbsp;&nbsp;END_CMD
<LI><a href="#[c1]">&gt;&gt;</a>&nbsp;&nbsp;&nbsp;BEGIN_CMD
<LI><a href="#[bf]">&gt;&gt;</a>&nbsp;&nbsp;&nbsp;SEND_DATA
</UL>

<P><STRONG><a name="[d9]"></a>GUI_BcolorConOffsetDots</STRONG> (Thumb, 62 bytes, Stack size 24 bytes, hmi_driver.o(.text), UNUSED)
<BR><BR>[Calls]<UL><LI><a href="#[c5]">&gt;&gt;</a>&nbsp;&nbsp;&nbsp;SendNU16
<LI><a href="#[c2]">&gt;&gt;</a>&nbsp;&nbsp;&nbsp;END_CMD
<LI><a href="#[c1]">&gt;&gt;</a>&nbsp;&nbsp;&nbsp;BEGIN_CMD
<LI><a href="#[bf]">&gt;&gt;</a>&nbsp;&nbsp;&nbsp;SEND_DATA
</UL>

<P><STRONG><a name="[da]"></a>SetPowerSaving</STRONG> (Thumb, 54 bytes, Stack size 24 bytes, hmi_driver.o(.text), UNUSED)
<BR><BR>[Calls]<UL><LI><a href="#[c2]">&gt;&gt;</a>&nbsp;&nbsp;&nbsp;END_CMD
<LI><a href="#[c1]">&gt;&gt;</a>&nbsp;&nbsp;&nbsp;BEGIN_CMD
<LI><a href="#[bf]">&gt;&gt;</a>&nbsp;&nbsp;&nbsp;SEND_DATA
</UL>

<P><STRONG><a name="[db]"></a>GUI_FcolorConDots</STRONG> (Thumb, 36 bytes, Stack size 16 bytes, hmi_driver.o(.text), UNUSED)
<BR><BR>[Calls]<UL><LI><a href="#[c5]">&gt;&gt;</a>&nbsp;&nbsp;&nbsp;SendNU16
<LI><a href="#[c2]">&gt;&gt;</a>&nbsp;&nbsp;&nbsp;END_CMD
<LI><a href="#[c1]">&gt;&gt;</a>&nbsp;&nbsp;&nbsp;BEGIN_CMD
<LI><a href="#[bf]">&gt;&gt;</a>&nbsp;&nbsp;&nbsp;SEND_DATA
</UL>

<P><STRONG><a name="[dc]"></a>GUI_BcolorConDots</STRONG> (Thumb, 36 bytes, Stack size 16 bytes, hmi_driver.o(.text), UNUSED)
<BR><BR>[Calls]<UL><LI><a href="#[c5]">&gt;&gt;</a>&nbsp;&nbsp;&nbsp;SendNU16
<LI><a href="#[c2]">&gt;&gt;</a>&nbsp;&nbsp;&nbsp;END_CMD
<LI><a href="#[c1]">&gt;&gt;</a>&nbsp;&nbsp;&nbsp;BEGIN_CMD
<LI><a href="#[bf]">&gt;&gt;</a>&nbsp;&nbsp;&nbsp;SEND_DATA
</UL>

<P><STRONG><a name="[dd]"></a>GUI_Circle</STRONG> (Thumb, 60 bytes, Stack size 16 bytes, hmi_driver.o(.text), UNUSED)
<BR><BR>[Calls]<UL><LI><a href="#[c2]">&gt;&gt;</a>&nbsp;&nbsp;&nbsp;END_CMD
<LI><a href="#[c1]">&gt;&gt;</a>&nbsp;&nbsp;&nbsp;BEGIN_CMD
<LI><a href="#[bf]">&gt;&gt;</a>&nbsp;&nbsp;&nbsp;SEND_DATA
</UL>

<P><STRONG><a name="[de]"></a>GUI_CircleFill</STRONG> (Thumb, 60 bytes, Stack size 16 bytes, hmi_driver.o(.text), UNUSED)
<BR><BR>[Calls]<UL><LI><a href="#[c2]">&gt;&gt;</a>&nbsp;&nbsp;&nbsp;END_CMD
<LI><a href="#[c1]">&gt;&gt;</a>&nbsp;&nbsp;&nbsp;BEGIN_CMD
<LI><a href="#[bf]">&gt;&gt;</a>&nbsp;&nbsp;&nbsp;SEND_DATA
</UL>

<P><STRONG><a name="[df]"></a>GUI_Arc</STRONG> (Thumb, 98 bytes, Stack size 24 bytes, hmi_driver.o(.text), UNUSED)
<BR><BR>[Calls]<UL><LI><a href="#[c2]">&gt;&gt;</a>&nbsp;&nbsp;&nbsp;END_CMD
<LI><a href="#[c1]">&gt;&gt;</a>&nbsp;&nbsp;&nbsp;BEGIN_CMD
<LI><a href="#[bf]">&gt;&gt;</a>&nbsp;&nbsp;&nbsp;SEND_DATA
</UL>

<P><STRONG><a name="[e0]"></a>GUI_Rectangle</STRONG> (Thumb, 78 bytes, Stack size 24 bytes, hmi_driver.o(.text), UNUSED)
<BR><BR>[Calls]<UL><LI><a href="#[c2]">&gt;&gt;</a>&nbsp;&nbsp;&nbsp;END_CMD
<LI><a href="#[c1]">&gt;&gt;</a>&nbsp;&nbsp;&nbsp;BEGIN_CMD
<LI><a href="#[bf]">&gt;&gt;</a>&nbsp;&nbsp;&nbsp;SEND_DATA
</UL>

<P><STRONG><a name="[e1]"></a>GUI_RectangleFill</STRONG> (Thumb, 78 bytes, Stack size 24 bytes, hmi_driver.o(.text), UNUSED)
<BR><BR>[Calls]<UL><LI><a href="#[c2]">&gt;&gt;</a>&nbsp;&nbsp;&nbsp;END_CMD
<LI><a href="#[c1]">&gt;&gt;</a>&nbsp;&nbsp;&nbsp;BEGIN_CMD
<LI><a href="#[bf]">&gt;&gt;</a>&nbsp;&nbsp;&nbsp;SEND_DATA
</UL>

<P><STRONG><a name="[e2]"></a>GUI_Ellipse</STRONG> (Thumb, 78 bytes, Stack size 24 bytes, hmi_driver.o(.text), UNUSED)
<BR><BR>[Calls]<UL><LI><a href="#[c2]">&gt;&gt;</a>&nbsp;&nbsp;&nbsp;END_CMD
<LI><a href="#[c1]">&gt;&gt;</a>&nbsp;&nbsp;&nbsp;BEGIN_CMD
<LI><a href="#[bf]">&gt;&gt;</a>&nbsp;&nbsp;&nbsp;SEND_DATA
</UL>

<P><STRONG><a name="[e3]"></a>GUI_EllipseFill</STRONG> (Thumb, 78 bytes, Stack size 24 bytes, hmi_driver.o(.text), UNUSED)
<BR><BR>[Calls]<UL><LI><a href="#[c2]">&gt;&gt;</a>&nbsp;&nbsp;&nbsp;END_CMD
<LI><a href="#[c1]">&gt;&gt;</a>&nbsp;&nbsp;&nbsp;BEGIN_CMD
<LI><a href="#[bf]">&gt;&gt;</a>&nbsp;&nbsp;&nbsp;SEND_DATA
</UL>

<P><STRONG><a name="[e4]"></a>SetBackLight</STRONG> (Thumb, 26 bytes, Stack size 8 bytes, hmi_driver.o(.text), UNUSED)
<BR><BR>[Calls]<UL><LI><a href="#[c2]">&gt;&gt;</a>&nbsp;&nbsp;&nbsp;END_CMD
<LI><a href="#[c1]">&gt;&gt;</a>&nbsp;&nbsp;&nbsp;BEGIN_CMD
<LI><a href="#[bf]">&gt;&gt;</a>&nbsp;&nbsp;&nbsp;SEND_DATA
</UL>

<P><STRONG><a name="[e5]"></a>SetBuzzer</STRONG> (Thumb, 26 bytes, Stack size 8 bytes, hmi_driver.o(.text), UNUSED)
<BR><BR>[Calls]<UL><LI><a href="#[c2]">&gt;&gt;</a>&nbsp;&nbsp;&nbsp;END_CMD
<LI><a href="#[c1]">&gt;&gt;</a>&nbsp;&nbsp;&nbsp;BEGIN_CMD
<LI><a href="#[bf]">&gt;&gt;</a>&nbsp;&nbsp;&nbsp;SEND_DATA
</UL>

<P><STRONG><a name="[e6]"></a>GUI_AreaInycolor</STRONG> (Thumb, 78 bytes, Stack size 24 bytes, hmi_driver.o(.text), UNUSED)
<BR><BR>[Calls]<UL><LI><a href="#[c2]">&gt;&gt;</a>&nbsp;&nbsp;&nbsp;END_CMD
<LI><a href="#[c1]">&gt;&gt;</a>&nbsp;&nbsp;&nbsp;BEGIN_CMD
<LI><a href="#[bf]">&gt;&gt;</a>&nbsp;&nbsp;&nbsp;SEND_DATA
</UL>

<P><STRONG><a name="[e7]"></a>SetTouchPaneOption</STRONG> (Thumb, 70 bytes, Stack size 24 bytes, hmi_driver.o(.text), UNUSED)
<BR><BR>[Calls]<UL><LI><a href="#[c2]">&gt;&gt;</a>&nbsp;&nbsp;&nbsp;END_CMD
<LI><a href="#[c1]">&gt;&gt;</a>&nbsp;&nbsp;&nbsp;BEGIN_CMD
<LI><a href="#[bf]">&gt;&gt;</a>&nbsp;&nbsp;&nbsp;SEND_DATA
</UL>

<P><STRONG><a name="[e8]"></a>CalibrateTouchPane</STRONG> (Thumb, 18 bytes, Stack size 8 bytes, hmi_driver.o(.text), UNUSED)
<BR><BR>[Calls]<UL><LI><a href="#[c2]">&gt;&gt;</a>&nbsp;&nbsp;&nbsp;END_CMD
<LI><a href="#[c1]">&gt;&gt;</a>&nbsp;&nbsp;&nbsp;BEGIN_CMD
<LI><a href="#[bf]">&gt;&gt;</a>&nbsp;&nbsp;&nbsp;SEND_DATA
</UL>

<P><STRONG><a name="[e9]"></a>TestTouchPane</STRONG> (Thumb, 18 bytes, Stack size 8 bytes, hmi_driver.o(.text), UNUSED)
<BR><BR>[Calls]<UL><LI><a href="#[c2]">&gt;&gt;</a>&nbsp;&nbsp;&nbsp;END_CMD
<LI><a href="#[c1]">&gt;&gt;</a>&nbsp;&nbsp;&nbsp;BEGIN_CMD
<LI><a href="#[bf]">&gt;&gt;</a>&nbsp;&nbsp;&nbsp;SEND_DATA
</UL>

<P><STRONG><a name="[ea]"></a>LockDeviceConfig</STRONG> (Thumb, 42 bytes, Stack size 8 bytes, hmi_driver.o(.text), UNUSED)
[...]
</UL>

<P><STRONG><a name="[19b]"></a>_btod_emul</STRONG> (Thumb, 40 bytes, Stack size 24 bytes, btod.o(CL$$btod_emul))
<BR><BR>[Stack]<UL><LI>Max Depth = 48<LI>Call Chain = _btod_emul &rArr; _e2e
</UL>
<BR>[Calls]<UL><LI><a href="#[1ad]">&gt;&gt;</a>&nbsp;&nbsp;&nbsp;__btod_mult_common
<LI><a href="#[1ac]">&gt;&gt;</a>&nbsp;&nbsp;&nbsp;_e2e
</UL>
<BR>[Called By]<UL><LI><a href="#[198]">&gt;&gt;</a>&nbsp;&nbsp;&nbsp;_btod_etento
<LI><a href="#[197]">&gt;&gt;</a>&nbsp;&nbsp;&nbsp;_fp_digits
</UL>

<P><STRONG><a name="[1ad]"></a>__btod_mult_common</STRONG> (Thumb, 580 bytes, Stack size 16 bytes, btod.o(CL$$btod_mult_common))
<BR><BR>[Stack]<UL><LI>Max Depth = 16<LI>Call Chain = __btod_mult_common
</UL>
<BR>[Called By]<UL><LI><a href="#[19b]">&gt;&gt;</a>&nbsp;&nbsp;&nbsp;_btod_emul
</UL>

<P><STRONG><a name="[19e]"></a>__ARM_fpclassify</STRONG> (Thumb, 40 bytes, Stack size 0 bytes, fpclassify.o(i.__ARM_fpclassify))
<BR><BR>[Called By]<UL><LI><a href="#[19d]">&gt;&gt;</a>&nbsp;&nbsp;&nbsp;_printf_fp_dec_real
</UL>

<P><STRONG><a name="[191]"></a>_is_digit</STRONG> (Thumb, 14 bytes, Stack size 0 bytes, __printf_wp.o(i._is_digit))
<BR><BR>[Called By]<UL><LI><a href="#[190]">&gt;&gt;</a>&nbsp;&nbsp;&nbsp;__printf
</UL>

<P><STRONG><a name="[50]"></a>_get_lc_numeric</STRONG> (Thumb, 44 bytes, Stack size 8 bytes, lc_numeric_c.o(locale$$code))
<BR><BR>[Stack]<UL><LI>Max Depth = 8<LI>Call Chain = _get_lc_numeric
</UL>
<BR>[Calls]<UL><LI><a href="#[1ae]">&gt;&gt;</a>&nbsp;&nbsp;&nbsp;strcmp
</UL>
<BR>[Called By]<UL><LI><a href="#[4f]">&gt;&gt;</a>&nbsp;&nbsp;&nbsp;__rt_lib_init_lc_numeric_2
<LI><a href="#[1a4]">&gt;&gt;</a>&nbsp;&nbsp;&nbsp;_set_locale_byname
</UL>

<P><STRONG><a name="[44]"></a>_get_lc_ctype</STRONG> (Thumb, 44 bytes, Stack size 8 bytes, lc_ctype_c.o(locale$$code))
<BR><BR>[Stack]<UL><LI>Max Depth = 8<LI>Call Chain = _get_lc_ctype
</UL>
<BR>[Calls]<UL><LI><a href="#[1ae]">&gt;&gt;</a>&nbsp;&nbsp;&nbsp;strcmp
</UL>
<BR>[Called By]<UL><LI><a href="#[4e]">&gt;&gt;</a>&nbsp;&nbsp;&nbsp;__rt_lib_init_lc_ctype_2
<LI><a href="#[1a4]">&gt;&gt;</a>&nbsp;&nbsp;&nbsp;_set_locale_byname
</UL>
<BR>[Address Reference Count : 1]<UL><LI> rt_ctype_table.o(.text)
</UL>
<P><STRONG><a name="[126]"></a>__aeabi_d2f</STRONG> (Thumb, 0 bytes, Stack size 32 bytes, d2f.o(x$fpl$d2f), UNUSED)
<BR><BR>[Called By]<UL><LI><a href="#[128]">&gt;&gt;</a>&nbsp;&nbsp;&nbsp;Solid
<LI><a href="#[127]">&gt;&gt;</a>&nbsp;&nbsp;&nbsp;DOreal
<LI><a href="#[123]">&gt;&gt;</a>&nbsp;&nbsp;&nbsp;DO
</UL>

<P><STRONG><a name="[1af]"></a>_d2f</STRONG> (Thumb, 98 bytes, Stack size 32 bytes, d2f.o(x$fpl$d2f), UNUSED)
<BR><BR>[Calls]<UL><LI><a href="#[1b0]">&gt;&gt;</a>&nbsp;&nbsp;&nbsp;__fpl_fretinf
<LI><a href="#[1b1]">&gt;&gt;</a>&nbsp;&nbsp;&nbsp;__fpl_dnaninf
</UL>

<P><STRONG><a name="[125]"></a>__aeabi_dadd</STRONG> (Thumb, 0 bytes, Stack size 16 bytes, daddsub_clz.o(x$fpl$dadd), UNUSED)
<BR><BR>[Called By]<UL><LI><a href="#[128]">&gt;&gt;</a>&nbsp;&nbsp;&nbsp;Solid
<LI><a href="#[127]">&gt;&gt;</a>&nbsp;&nbsp;&nbsp;DOreal
<LI><a href="#[123]">&gt;&gt;</a>&nbsp;&nbsp;&nbsp;DO
</UL>

<P><STRONG><a name="[1b2]"></a>_dadd</STRONG> (Thumb, 332 bytes, Stack size 16 bytes, daddsub_clz.o(x$fpl$dadd), UNUSED)
<BR><BR>[Calls]<UL><LI><a href="#[1b4]">&gt;&gt;</a>&nbsp;&nbsp;&nbsp;__fpl_dretinf
<LI><a href="#[1b1]">&gt;&gt;</a>&nbsp;&nbsp;&nbsp;__fpl_dnaninf
<LI><a href="#[1b3]">&gt;&gt;</a>&nbsp;&nbsp;&nbsp;_dsub1
</UL>

<P><STRONG><a name="[b5]"></a>__aeabi_ddiv</STRONG> (Thumb, 0 bytes, Stack size 32 bytes, ddiv.o(x$fpl$ddiv))
<BR><BR>[Stack]<UL><LI>Max Depth = 32<LI>Call Chain = __aeabi_ddiv
</UL>
<BR>[Called By]<UL><LI><a href="#[b4]">&gt;&gt;</a>&nbsp;&nbsp;&nbsp;SetTextValueInt32
</UL>

<P><STRONG><a name="[1b5]"></a>_ddiv</STRONG> (Thumb, 552 bytes, Stack size 32 bytes, ddiv.o(x$fpl$ddiv), UNUSED)
<BR><BR>[Calls]<UL><LI><a href="#[1b4]">&gt;&gt;</a>&nbsp;&nbsp;&nbsp;__fpl_dretinf
<LI><a href="#[1b1]">&gt;&gt;</a>&nbsp;&nbsp;&nbsp;__fpl_dnaninf
</UL>

<P><STRONG><a name="[a5]"></a>__aeabi_d2iz</STRONG> (Thumb, 0 bytes, Stack size 32 bytes, dfix.o(x$fpl$dfix))
<BR><BR>[Stack]<UL><LI>Max Depth = 32<LI>Call Chain = __aeabi_d2iz
</UL>
<BR>[Called By]<UL><LI><a href="#[79]">&gt;&gt;</a>&nbsp;&nbsp;&nbsp;DS18B20_Get_Temp
</UL>

<P><STRONG><a name="[1b6]"></a>_dfix</STRONG> (Thumb, 94 bytes, Stack size 32 bytes, dfix.o(x$fpl$dfix), UNUSED)
<BR><BR>[Calls]<UL><LI><a href="#[1b1]">&gt;&gt;</a>&nbsp;&nbsp;&nbsp;__fpl_dnaninf
</UL>

<P><STRONG><a name="[a4]"></a>__aeabi_dmul</STRONG> (Thumb, 0 bytes, Stack size 32 bytes, dmul.o(x$fpl$dmul))
<BR><BR>[Stack]<UL><LI>Max Depth = 32<LI>Call Chain = __aeabi_dmul
</UL>
<BR>[Called By]<UL><LI><a href="#[128]">&gt;&gt;</a>&nbsp;&nbsp;&nbsp;Solid
<LI><a href="#[127]">&gt;&gt;</a>&nbsp;&nbsp;&nbsp;DOreal
<LI><a href="#[123]">&gt;&gt;</a>&nbsp;&nbsp;&nbsp;DO
<LI><a href="#[79]">&gt;&gt;</a>&nbsp;&nbsp;&nbsp;DS18B20_Get_Temp
</UL>

<P><STRONG><a name="[1b7]"></a>_dmul</STRONG> (Thumb, 332 bytes, Stack size 32 bytes, dmul.o(x$fpl$dmul), UNUSED)
<BR><BR>[Calls]<UL><LI><a href="#[1b4]">&gt;&gt;</a>&nbsp;&nbsp;&nbsp;__fpl_dretinf
<LI><a href="#[1b1]">&gt;&gt;</a>&nbsp;&nbsp;&nbsp;__fpl_dnaninf
</UL>

<P><STRONG><a name="[1b1]"></a>__fpl_dnaninf</STRONG> (Thumb, 156 bytes, Stack size 16 bytes, dnaninf.o(x$fpl$dnaninf), UNUSED)
<BR><BR>[Called By]<UL><LI><a href="#[1b7]">&gt;&gt;</a>&nbsp;&nbsp;&nbsp;_dmul
<LI><a href="#[1b6]">&gt;&gt;</a>&nbsp;&nbsp;&nbsp;_dfix
<LI><a href="#[1b5]">&gt;&gt;</a>&nbsp;&nbsp;&nbsp;_ddiv
<LI><a href="#[1b8]">&gt;&gt;</a>&nbsp;&nbsp;&nbsp;_dsub
<LI><a href="#[1b2]">&gt;&gt;</a>&nbsp;&nbsp;&nbsp;_dadd
<LI><a href="#[1af]">&gt;&gt;</a>&nbsp;&nbsp;&nbsp;_d2f
</UL>

<P><STRONG><a name="[1b4]"></a>__fpl_dretinf</STRONG> (Thumb, 12 bytes, Stack size 0 bytes, dretinf.o(x$fpl$dretinf), UNUSED)
<BR><BR>[Called By]<UL><LI><a href="#[1ba]">&gt;&gt;</a>&nbsp;&nbsp;&nbsp;_f2d
<LI><a href="#[1b7]">&gt;&gt;</a>&nbsp;&nbsp;&nbsp;_dmul
<LI><a href="#[1b5]">&gt;&gt;</a>&nbsp;&nbsp;&nbsp;_ddiv
<LI><a href="#[1b2]">&gt;&gt;</a>&nbsp;&nbsp;&nbsp;_dadd
</UL>

<P><STRONG><a name="[124]"></a>__aeabi_dsub</STRONG> (Thumb, 0 bytes, Stack size 32 bytes, daddsub_clz.o(x$fpl$dsub), UNUSED)
<BR><BR>[Called By]<UL><LI><a href="#[128]">&gt;&gt;</a>&nbsp;&nbsp;&nbsp;Solid
<LI><a href="#[123]">&gt;&gt;</a>&nbsp;&nbsp;&nbsp;DO
</UL>

<P><STRONG><a name="[1b8]"></a>_dsub</STRONG> (Thumb, 464 bytes, Stack size 32 bytes, daddsub_clz.o(x$fpl$dsub), UNUSED)
<BR><BR>[Calls]<UL><LI><a href="#[1b1]">&gt;&gt;</a>&nbsp;&nbsp;&nbsp;__fpl_dnaninf
<LI><a href="#[1b9]">&gt;&gt;</a>&nbsp;&nbsp;&nbsp;_dadd1
</UL>

<P><STRONG><a name="[a3]"></a>__aeabi_f2d</STRONG> (Thumb, 0 bytes, Stack size 16 bytes, f2d.o(x$fpl$f2d))
<BR><BR>[Stack]<UL><LI>Max Depth = 16<LI>Call Chain = __aeabi_f2d
</UL>
<BR>[Called By]<UL><LI><a href="#[128]">&gt;&gt;</a>&nbsp;&nbsp;&nbsp;Solid
<LI><a href="#[127]">&gt;&gt;</a>&nbsp;&nbsp;&nbsp;DOreal
<LI><a href="#[123]">&gt;&gt;</a>&nbsp;&nbsp;&nbsp;DO
<LI><a href="#[b4]">&gt;&gt;</a>&nbsp;&nbsp;&nbsp;SetTextValueInt32
<LI><a href="#[79]">&gt;&gt;</a>&nbsp;&nbsp;&nbsp;DS18B20_Get_Temp
</UL>

<P><STRONG><a name="[1ba]"></a>_f2d</STRONG> (Thumb, 86 bytes, Stack size 16 bytes, f2d.o(x$fpl$f2d), UNUSED)
<BR><BR>[Calls]<UL><LI><a href="#[1bb]">&gt;&gt;</a>&nbsp;&nbsp;&nbsp;__fpl_fnaninf
<LI><a href="#[1b4]">&gt;&gt;</a>&nbsp;&nbsp;&nbsp;__fpl_dretinf
</UL>

<P><STRONG><a name="[236]"></a>__aeabi_fadd</STRONG> (Thumb, 0 bytes, Stack size 16 bytes, faddsub_clz.o(x$fpl$fadd), UNUSED)

<P><STRONG><a name="[1bc]"></a>_fadd</STRONG> (Thumb, 196 bytes, Stack size 16 bytes, faddsub_clz.o(x$fpl$fadd), UNUSED)
<BR><BR>[Calls]<UL><LI><a href="#[1b0]">&gt;&gt;</a>&nbsp;&nbsp;&nbsp;__fpl_fretinf
<LI><a href="#[1bb]">&gt;&gt;</a>&nbsp;&nbsp;&nbsp;__fpl_fnaninf
<LI><a href="#[1bd]">&gt;&gt;</a>&nbsp;&nbsp;&nbsp;_fsub1
</UL>

<P><STRONG><a name="[12a]"></a>__aeabi_fdiv</STRONG> (Thumb, 0 bytes, Stack size 16 bytes, fdiv.o(x$fpl$fdiv), UNUSED)
<BR><BR>[Called By]<UL><LI><a href="#[129]">&gt;&gt;</a>&nbsp;&nbsp;&nbsp;DO_shiji
</UL>

<P><STRONG><a name="[1be]"></a>_fdiv</STRONG> (Thumb, 384 bytes, Stack size 16 bytes, fdiv.o(x$fpl$fdiv), UNUSED)
<BR><BR>[Calls]<UL><LI><a href="#[1b0]">&gt;&gt;</a>&nbsp;&nbsp;&nbsp;__fpl_fretinf
<LI><a href="#[1bb]">&gt;&gt;</a>&nbsp;&nbsp;&nbsp;__fpl_fnaninf
</UL>

<P><STRONG><a name="[ba]"></a>__aeabi_f2iz</STRONG> (Thumb, 0 bytes, Stack size 16 bytes, ffix.o(x$fpl$ffix))
<BR><BR>[Stack]<UL><LI>Max Depth = 16<LI>Call Chain = __aeabi_f2iz
</UL>
<BR>[Called By]<UL><LI><a href="#[81]">&gt;&gt;</a>&nbsp;&nbsp;&nbsp;UpdateUI
</UL>

<P><STRONG><a name="[1bf]"></a>_ffix</STRONG> (Thumb, 54 bytes, Stack size 16 bytes, ffix.o(x$fpl$ffix), UNUSED)
<BR><BR>[Calls]<UL><LI><a href="#[1bb]">&gt;&gt;</a>&nbsp;&nbsp;&nbsp;__fpl_fnaninf
</UL>

<P><STRONG><a name="[b8]"></a>__aeabi_f2uiz</STRONG> (Thumb, 0 bytes, Stack size 16 bytes, ffixu.o(x$fpl$ffixu))
<BR><BR>[Stack]<UL><LI>Max Depth = 16<LI>Call Chain = __aeabi_f2uiz
</UL>
<BR>[Called By]<UL><LI><a href="#[81]">&gt;&gt;</a>&nbsp;&nbsp;&nbsp;UpdateUI
</UL>

<P><STRONG><a name="[1c0]"></a>_ffixu</STRONG> (Thumb, 62 bytes, Stack size 16 bytes, ffixu.o(x$fpl$ffixu), UNUSED)
<BR><BR>[Calls]<UL><LI><a href="#[1bb]">&gt;&gt;</a>&nbsp;&nbsp;&nbsp;__fpl_fnaninf
</UL>

<P><STRONG><a name="[7b]"></a>__aeabi_i2f</STRONG> (Thumb, 0 bytes, Stack size 0 bytes, fflt_clz.o(x$fpl$fflt))
<BR><BR>[Called By]<UL><LI><a href="#[b4]">&gt;&gt;</a>&nbsp;&nbsp;&nbsp;SetTextValueInt32
<LI><a href="#[79]">&gt;&gt;</a>&nbsp;&nbsp;&nbsp;DS18B20_Get_Temp
<LI><a href="#[39]">&gt;&gt;</a>&nbsp;&nbsp;&nbsp;task_general_ctrl
</UL>

<P><STRONG><a name="[237]"></a>_fflt</STRONG> (Thumb, 48 bytes, Stack size 0 bytes, fflt_clz.o(x$fpl$fflt), UNUSED)

<P><STRONG><a name="[122]"></a>__aeabi_fmul</STRONG> (Thumb, 0 bytes, Stack size 16 bytes, fmul.o(x$fpl$fmul))
<BR><BR>[Stack]<UL><LI>Max Depth = 16<LI>Call Chain = __aeabi_fmul
</UL>
<BR>[Called By]<UL><LI><a href="#[129]">&gt;&gt;</a>&nbsp;&nbsp;&nbsp;DO_shiji
<LI><a href="#[7c]">&gt;&gt;</a>&nbsp;&nbsp;&nbsp;Oxygen
</UL>

<P><STRONG><a name="[1c1]"></a>_fmul</STRONG> (Thumb, 258 bytes, Stack size 16 bytes, fmul.o(x$fpl$fmul), UNUSED)
<BR><BR>[Calls]<UL><LI><a href="#[1b0]">&gt;&gt;</a>&nbsp;&nbsp;&nbsp;__fpl_fretinf
<LI><a href="#[1bb]">&gt;&gt;</a>&nbsp;&nbsp;&nbsp;__fpl_fnaninf
</UL>

<P><STRONG><a name="[1bb]"></a>__fpl_fnaninf</STRONG> (Thumb, 140 bytes, Stack size 8 bytes, fnaninf.o(x$fpl$fnaninf), UNUSED)
<BR><BR>[Called By]<UL><LI><a href="#[1c1]">&gt;&gt;</a>&nbsp;&nbsp;&nbsp;_fmul
<LI><a href="#[1c0]">&gt;&gt;</a>&nbsp;&nbsp;&nbsp;_ffixu
<LI><a href="#[1bf]">&gt;&gt;</a>&nbsp;&nbsp;&nbsp;_ffix
<LI><a href="#[1be]">&gt;&gt;</a>&nbsp;&nbsp;&nbsp;_fdiv
<LI><a href="#[1c2]">&gt;&gt;</a>&nbsp;&nbsp;&nbsp;_fsub
<LI><a href="#[1bc]">&gt;&gt;</a>&nbsp;&nbsp;&nbsp;_fadd
<LI><a href="#[1ba]">&gt;&gt;</a>&nbsp;&nbsp;&nbsp;_f2d
</UL>

<P><STRONG><a name="[1b0]"></a>__fpl_fretinf</STRONG> (Thumb, 10 bytes, Stack size 0 bytes, fretinf.o(x$fpl$fretinf), UNUSED)
<BR><BR>[Called By]<UL><LI><a href="#[1c1]">&gt;&gt;</a>&nbsp;&nbsp;&nbsp;_fmul
<LI><a href="#[1be]">&gt;&gt;</a>&nbsp;&nbsp;&nbsp;_fdiv
<LI><a href="#[1bc]">&gt;&gt;</a>&nbsp;&nbsp;&nbsp;_fadd
<LI><a href="#[1af]">&gt;&gt;</a>&nbsp;&nbsp;&nbsp;_d2f
</UL>

<P><STRONG><a name="[12b]"></a>__aeabi_fsub</STRONG> (Thumb, 0 bytes, Stack size 16 bytes, faddsub_clz.o(x$fpl$fsub), UNUSED)
<BR><BR>[Called By]<UL><LI><a href="#[129]">&gt;&gt;</a>&nbsp;&nbsp;&nbsp;DO_shiji
</UL>

<P><STRONG><a name="[1c2]"></a>_fsub</STRONG> (Thumb, 234 bytes, Stack size 16 bytes, faddsub_clz.o(x$fpl$fsub), UNUSED)
<BR><BR>[Calls]<UL><LI><a href="#[1bb]">&gt;&gt;</a>&nbsp;&nbsp;&nbsp;__fpl_fnaninf
<LI><a href="#[1c3]">&gt;&gt;</a>&nbsp;&nbsp;&nbsp;_fadd1
</UL>

<P><STRONG><a name="[4b]"></a>_printf_fp_dec</STRONG> (Thumb, 4 bytes, Stack size 0 bytes, printf1.o(x$fpl$printf1))
<BR><BR>[Stack]<UL><LI>Max Depth = 320<LI>Call Chain = _printf_fp_dec &rArr; _printf_fp_dec_real &rArr; _fp_digits &rArr; _btod_etento &rArr; _btod_emul &rArr; _e2e
</UL>
<BR>[Calls]<UL><LI><a href="#[19d]">&gt;&gt;</a>&nbsp;&nbsp;&nbsp;_printf_fp_dec_real
</UL>
<BR>[Called By]<UL><LI><a href="#[4a]">&gt;&gt;</a>&nbsp;&nbsp;&nbsp;_printf_f
</UL>
<P>
<H3>
Local Symbols
</H3>
<P><STRONG><a name="[88]"></a>SetSysClockTo72</STRONG> (Thumb, 214 bytes, Stack size 12 bytes, system_stm32f10x.o(.text))
<BR><BR>[Stack]<UL><LI>Max Depth = 12<LI>Call Chain = SetSysClockTo72
</UL>
<BR>[Called By]<UL><LI><a href="#[87]">&gt;&gt;</a>&nbsp;&nbsp;&nbsp;SetSysClock
</UL>

<P><STRONG><a name="[87]"></a>SetSysClock</STRONG> (Thumb, 8 bytes, Stack size 8 bytes, system_stm32f10x.o(.text))
<BR><BR>[Stack]<UL><LI>Max Depth = 20<LI>Call Chain = SetSysClock &rArr; SetSysClockTo72
</UL>
<BR>[Calls]<UL><LI><a href="#[88]">&gt;&gt;</a>&nbsp;&nbsp;&nbsp;SetSysClockTo72
</UL>
<BR>[Called By]<UL><LI><a href="#[3b]">&gt;&gt;</a>&nbsp;&nbsp;&nbsp;SystemInit
</UL>

<P><STRONG><a name="[bb]"></a>queue_pop</STRONG> (Thumb, 44 bytes, Stack size 0 bytes, cmd_queue.o(.text))
<BR><BR>[Called By]<UL><LI><a href="#[7f]">&gt;&gt;</a>&nbsp;&nbsp;&nbsp;queue_find_cmd
</UL>

<P><STRONG><a name="[bd]"></a>queue_size</STRONG> (Thumb, 26 bytes, Stack size 0 bytes, cmd_queue.o(.text))
<BR><BR>[Called By]<UL><LI><a href="#[7f]">&gt;&gt;</a>&nbsp;&nbsp;&nbsp;queue_find_cmd
</UL>

<P><STRONG><a name="[be]"></a>AddCRC16</STRONG> (Thumb, 68 bytes, Stack size 20 bytes, hmi_driver.o(.text))
<BR><BR>[Stack]<UL><LI>Max Depth = 20<LI>Call Chain = AddCRC16
</UL>
<BR>[Called By]<UL><LI><a href="#[bf]">&gt;&gt;</a>&nbsp;&nbsp;&nbsp;SEND_DATA
<LI><a href="#[bc]">&gt;&gt;</a>&nbsp;&nbsp;&nbsp;CheckCRC16
</UL>

<P><STRONG><a name="[143]"></a>OS_InitTaskStat</STRONG> (Thumb, 52 bytes, Stack size 32 bytes, os_core.o(.text))
<BR><BR>[Stack]<UL><LI>Max Depth = 128 + Unknown Stack Size
<LI>Call Chain = OS_InitTaskStat &rArr; OSTaskCreateExt &rArr; OS_TCBInit
</UL>
<BR>[Calls]<UL><LI><a href="#[5e]">&gt;&gt;</a>&nbsp;&nbsp;&nbsp;OSTaskCreateExt
<LI><a href="#[144]">&gt;&gt;</a>&nbsp;&nbsp;&nbsp;OSTaskNameSet
</UL>
<BR>[Called By]<UL><LI><a href="#[73]">&gt;&gt;</a>&nbsp;&nbsp;&nbsp;OSInit
</UL>

<P><STRONG><a name="[147]"></a>OS_InitTaskIdle</STRONG> (Thumb, 52 bytes, Stack size 32 bytes, os_core.o(.text))
<BR><BR>[Stack]<UL><LI>Max Depth = 128 + Unknown Stack Size
<LI>Call Chain = OS_InitTaskIdle &rArr; OSTaskCreateExt &rArr; OS_TCBInit
</UL>
<BR>[Calls]<UL><LI><a href="#[5e]">&gt;&gt;</a>&nbsp;&nbsp;&nbsp;OSTaskCreateExt
<LI><a href="#[144]">&gt;&gt;</a>&nbsp;&nbsp;&nbsp;OSTaskNameSet
</UL>
<BR>[Called By]<UL><LI><a href="#[73]">&gt;&gt;</a>&nbsp;&nbsp;&nbsp;OSInit
</UL>

<P><STRONG><a name="[148]"></a>OS_InitEventList</STRONG> (Thumb, 74 bytes, Stack size 16 bytes, os_core.o(.text))
<BR><BR>[Stack]<UL><LI>Max Depth = 16<LI>Call Chain = OS_InitEventList
</UL>
<BR>[Calls]<UL><LI><a href="#[149]">&gt;&gt;</a>&nbsp;&nbsp;&nbsp;OS_MemClr
</UL>
<BR>[Called By]<UL><LI><a href="#[73]">&gt;&gt;</a>&nbsp;&nbsp;&nbsp;OSInit
</UL>

<P><STRONG><a name="[14a]"></a>OS_InitTCBList</STRONG> (Thumb, 106 bytes, Stack size 16 bytes, os_core.o(.text))
<BR><BR>[Stack]<UL><LI>Max Depth = 16<LI>Call Chain = OS_InitTCBList
</UL>
<BR>[Calls]<UL><LI><a href="#[149]">&gt;&gt;</a>&nbsp;&nbsp;&nbsp;OS_MemClr
</UL>
<BR>[Called By]<UL><LI><a href="#[73]">&gt;&gt;</a>&nbsp;&nbsp;&nbsp;OSInit
</UL>

<P><STRONG><a name="[14d]"></a>OS_InitRdyList</STRONG> (Thumb, 44 bytes, Stack size 0 bytes, os_core.o(.text))
<BR><BR>[Called By]<UL><LI><a href="#[73]">&gt;&gt;</a>&nbsp;&nbsp;&nbsp;OSInit
</UL>

<P><STRONG><a name="[14c]"></a>OS_InitMisc</STRONG> (Thumb, 44 bytes, Stack size 0 bytes, os_core.o(.text))
<BR><BR>[Called By]<UL><LI><a href="#[73]">&gt;&gt;</a>&nbsp;&nbsp;&nbsp;OSInit
</UL>

<P><STRONG><a name="[151]"></a>OS_SchedNew</STRONG> (Thumb, 26 bytes, Stack size 0 bytes, os_core.o(.text))
<BR><BR>[Called By]<UL><LI><a href="#[74]">&gt;&gt;</a>&nbsp;&nbsp;&nbsp;OSStart
<LI><a href="#[77]">&gt;&gt;</a>&nbsp;&nbsp;&nbsp;OSIntExit
<LI><a href="#[153]">&gt;&gt;</a>&nbsp;&nbsp;&nbsp;OS_Sched
</UL>

<P><STRONG><a name="[15e]"></a>OS_FlagTaskRdy</STRONG> (Thumb, 82 bytes, Stack size 20 bytes, os_flag.o(.text), UNUSED)
<BR><BR>[Calls]<UL><LI><a href="#[15f]">&gt;&gt;</a>&nbsp;&nbsp;&nbsp;OS_FlagUnlink
</UL>
<BR>[Called By]<UL><LI><a href="#[167]">&gt;&gt;</a>&nbsp;&nbsp;&nbsp;OSFlagPost
<LI><a href="#[160]">&gt;&gt;</a>&nbsp;&nbsp;&nbsp;OSFlagDel
</UL>

<P><STRONG><a name="[165]"></a>OS_FlagBlock</STRONG> (Thumb, 152 bytes, Stack size 20 bytes, os_flag.o(.text), UNUSED)
<BR><BR>[Called By]<UL><LI><a href="#[164]">&gt;&gt;</a>&nbsp;&nbsp;&nbsp;OSFlagPend
</UL>

<P><STRONG><a name="[1b9]"></a>_dadd1</STRONG> (Thumb, 0 bytes, Stack size unknown bytes, daddsub_clz.o(x$fpl$dadd), UNUSED)
<BR><BR>[Called By]<UL><LI><a href="#[1b8]">&gt;&gt;</a>&nbsp;&nbsp;&nbsp;_dsub
</UL>

<P><STRONG><a name="[1b3]"></a>_dsub1</STRONG> (Thumb, 0 bytes, Stack size unknown bytes, daddsub_clz.o(x$fpl$dsub), UNUSED)
<BR><BR>[Called By]<UL><LI><a href="#[1b2]">&gt;&gt;</a>&nbsp;&nbsp;&nbsp;_dadd
</UL>

<P><STRONG><a name="[1c3]"></a>_fadd1</STRONG> (Thumb, 0 bytes, Stack size unknown bytes, faddsub_clz.o(x$fpl$fadd), UNUSED)
<BR><BR>[Called By]<UL><LI><a href="#[1c2]">&gt;&gt;</a>&nbsp;&nbsp;&nbsp;_fsub
</UL>

<P><STRONG><a name="[1bd]"></a>_fsub1</STRONG> (Thumb, 0 bytes, Stack size unknown bytes, faddsub_clz.o(x$fpl$fsub), UNUSED)
<BR><BR>[Called By]<UL><LI><a href="#[1bc]">&gt;&gt;</a>&nbsp;&nbsp;&nbsp;_fadd
</UL>

<P><STRONG><a name="[197]"></a>_fp_digits</STRONG> (Thumb, 428 bytes, Stack size 96 bytes, _printf_fp_dec.o(.text))
<BR><BR>[Stack]<UL><LI>Max Depth = 216<LI>Call Chain = _fp_digits &rArr; _btod_etento &rArr; _btod_emul &rArr; _e2e
</UL>
<BR>[Calls]<UL><LI><a href="#[19b]">&gt;&gt;</a>&nbsp;&nbsp;&nbsp;_btod_emul
<LI><a href="#[19a]">&gt;&gt;</a>&nbsp;&nbsp;&nbsp;_btod_ediv
<LI><a href="#[199]">&gt;&gt;</a>&nbsp;&nbsp;&nbsp;_btod_d2e
<LI><a href="#[198]">&gt;&gt;</a>&nbsp;&nbsp;&nbsp;_btod_etento
<LI><a href="#[19c]">&gt;&gt;</a>&nbsp;&nbsp;&nbsp;_ll_udiv10
</UL>
<BR>[Called By]<UL><LI><a href="#[19d]">&gt;&gt;</a>&nbsp;&nbsp;&nbsp;_printf_fp_dec_real
</UL>

<P><STRONG><a name="[41]"></a>_printf_input_char</STRONG> (Thumb, 10 bytes, Stack size 0 bytes, _printf_char_common.o(.text))
<BR>[Address Reference Count : 1]<UL><LI> _printf_char_common.o(.text)
</UL>
<P><STRONG><a name="[42]"></a>_scanf_char_input</STRONG> (Thumb, 12 bytes, Stack size 0 bytes, scanf_char.o(.text))
<BR>[Address Reference Count : 1]<UL><LI> scanf_char.o(.text)
</UL>
<P><STRONG><a name="[1a3]"></a>_locale_name</STRONG> (Thumb, 154 bytes, Stack size 16 bytes, locale_r.o(.text))
<BR><BR>[Stack]<UL><LI>Max Depth = 16<LI>Call Chain = _locale_name
</UL>
<BR>[Calls]<UL><LI><a href="#[4d]">&gt;&gt;</a>&nbsp;&nbsp;&nbsp;__rt_locale
</UL>
<BR>[Called By]<UL><LI><a href="#[196]">&gt;&gt;</a>&nbsp;&nbsp;&nbsp;_setlocale_r
<LI><a href="#[1a4]">&gt;&gt;</a>&nbsp;&nbsp;&nbsp;_set_locale_byname
</UL>

<P><STRONG><a name="[1a4]"></a>_set_locale_byname</STRONG> (Thumb, 154 bytes, Stack size 24 bytes, locale_r.o(.text))
<BR><BR>[Stack]<UL><LI>Max Depth = 40<LI>Call Chain = _set_locale_byname &rArr; _locale_name
</UL>
<BR>[Calls]<UL><LI><a href="#[44]">&gt;&gt;</a>&nbsp;&nbsp;&nbsp;_get_lc_ctype
<LI><a href="#[50]">&gt;&gt;</a>&nbsp;&nbsp;&nbsp;_get_lc_numeric
<LI><a href="#[4d]">&gt;&gt;</a>&nbsp;&nbsp;&nbsp;__rt_locale
<LI><a href="#[1a3]">&gt;&gt;</a>&nbsp;&nbsp;&nbsp;_locale_name
</UL>
<BR>[Called By]<UL><LI><a href="#[196]">&gt;&gt;</a>&nbsp;&nbsp;&nbsp;_setlocale_r
</UL>
<P>
<H3>
Undefined Global Symbols
</H3><HR></body></html>
