Product: MDK-ARM Professional 5.10
Component: ARM Compiler 5.04 update 1 (build 49)
Tool: armlink [5040049]

==============================================================================

Section Cross References

    main.o(.text) refers to drv_wdt.o(.text) for toggle_wd
    main.o(.text) refers to os_task.o(.text) for OSTaskCreateExt
    main.o(.text) refers to rt_memclr_w.o(.text) for __aeabi_memclr4
    main.o(.text) refers to os_sem.o(.text) for OSSemCreate
    main.o(.text) refers to cmd_queue.o(.text) for queue_reset
    main.o(.text) refers to drv_led.o(.text) for led_init
    main.o(.text) refers to hmi_user_uart.o(.text) for UartInit
    main.o(.text) refers to ds18b20.o(.text) for DS18B20_Init
    main.o(.text) refers to myiic.o(.text) for IIC_Init
    main.o(.text) refers to os_core.o(.text) for OSStatInit
    main.o(.text) refers to drv_buzzer.o(.text) for Beeperr
    main.o(.text) refers to misc.o(.text) for SysTick_CLKSourceConfig
    main.o(.text) refers to locale.o(.text) for setlocale
    main.o(.text) refers to main.o(.bss) for TASK1_STACK
    main.o(.text) refers to task_general_control.o(.text) for task_general_ctrl
    main.o(.text) refers to task_touch_ui.o(.text) for task_touch_UI
    main.o(.text) refers to main.o(.data) for devstat_sem
    main.o(.text) refers to system_stm32f10x.o(.data) for SystemCoreClock
    task_general_control.o(.text) refers to drv_wdt.o(.text) for toggle_wd
    task_general_control.o(.text) refers to drv_led.o(.text) for set_led
    task_general_control.o(.text) refers to ds18b20.o(.text) for DS18B20_Get_Temp
    task_general_control.o(.text) refers to adc.o(.text) for Get_Adc_Average
    task_general_control.o(.text) refers to fflt_clz.o(x$fpl$fflt) for __aeabi_i2f
    task_general_control.o(.text) refers to oxygen.o(.text) for Oxygen
    task_general_control.o(.text) refers to os_time.o(.text) for OSTimeDlyHMSM
    task_general_control.o(.text) refers to cmd_process.o(.data) for update_en
    task_general_control.o(.text) refers to task_general_control.o(.data) for temprature
    task_general_control.o(.text) refers to main.o(.bss) for DevStat
    task_touch_ui.o(.text) refers to cmd_queue.o(.text) for queue_find_cmd
    task_touch_ui.o(.text) refers to cmd_process.o(.text) for ProcessMessage
    task_touch_ui.o(.text) refers to os_time.o(.text) for OSTimeDlyHMSM
    task_touch_ui.o(.text) refers to cmd_process.o(.bss) for cmd_buffer
    task_touch_ui.o(.text) refers to cmd_process.o(.data) for update_en
    delay.o(.text) refers to os_core.o(.text) for OSSchedLock
    delay.o(.text) refers to os_time.o(.text) for OSTimeDly
    delay.o(.text) refers to delay.o(.data) for fac_us
    delay.o(.text) refers to os_core.o(.data) for OSRunning
    system_stm32f10x.o(.text) refers to system_stm32f10x.o(.data) for SystemCoreClock
    drv_led.o(.text) refers to stm32f10x_gpio.o(.text) for GPIO_ResetBits
    drv_led.o(.text) refers to stm32f10x_rcc.o(.text) for RCC_APB2PeriphClockCmd
    drv_led.o(.text) refers to drv_delay.o(.text) for SleepMs
    drv_delay.o(.text) refers to drv_wdt.o(.text) for toggle_wd
    drv_delay.o(.text) refers to os_time.o(.text) for OSTimeDlyHMSM
    drv_spi1.o(.text) refers to stm32f10x_spi.o(.text) for SPI_I2S_GetFlagStatus
    drv_spi1.o(.text) refers to stm32f10x_rcc.o(.text) for RCC_APB2PeriphClockCmd
    drv_spi1.o(.text) refers to stm32f10x_gpio.o(.text) for GPIO_Init
    adc.o(.text) refers to drv_wdt.o(.text) for toggle_wd
    adc.o(.text) refers to myiic.o(.text) for IIC_Start
    adc.o(.text) refers to delay.o(.text) for delay_ms
    ds18b20.o(.text) refers to stm32f10x_rcc.o(.text) for RCC_APB2PeriphClockCmd
    ds18b20.o(.text) refers to stm32f10x_gpio.o(.text) for GPIO_Init
    ds18b20.o(.text) refers to drv_delay.o(.text) for sleep_us
    ds18b20.o(.text) refers to fflt_clz.o(x$fpl$fflt) for __aeabi_i2f
    ds18b20.o(.text) refers to f2d.o(x$fpl$f2d) for __aeabi_f2d
    ds18b20.o(.text) refers to dmul.o(x$fpl$dmul) for __aeabi_dmul
    ds18b20.o(.text) refers to dfix.o(x$fpl$dfix) for __aeabi_d2iz
    cmd_process.o(.text) refers to _scanf_int.o(.text) for _scanf_int
    cmd_process.o(.text) refers to _printf_pad.o(.text) for _printf_pre_padding
    cmd_process.o(.text) refers to _printf_percent.o(.ARM.Collect$$_printf_percent$$00000000) for _printf_percent
    cmd_process.o(.text) refers to _printf_f.o(.ARM.Collect$$_printf_percent$$00000003) for _printf_f
    cmd_process.o(.text) refers to printf1.o(x$fpl$printf1) for _printf_fp_dec
    cmd_process.o(.text) refers to __0sscanf.o(.text) for __0sscanf
    cmd_process.o(.text) refers to fflt_clz.o(x$fpl$fflt) for __aeabi_i2f
    cmd_process.o(.text) refers to f2d.o(x$fpl$f2d) for __aeabi_f2d
    cmd_process.o(.text) refers to ddiv.o(x$fpl$ddiv) for __aeabi_ddiv
    cmd_process.o(.text) refers to noretval__2sprintf.o(.text) for __2sprintf
[...]
    tenpwrs_x                                0x08008318   Data          60  bigflt0.o(.constdata)
    tenpwrs_i                                0x08008354   Data          64  bigflt0.o(.constdata)
    locale$$data                             0x080083cc   Section       16  null_locale.o(locale$$data)
    locale$$data                             0x080083dc   Section       28  lc_numeric_c.o(locale$$data)
    __lcnum_c_name                           0x080083e0   Data           2  lc_numeric_c.o(locale$$data)
    __lcnum_c_start                          0x080083e8   Data           0  lc_numeric_c.o(locale$$data)
    __lcnum_c_point                          0x080083f4   Data           0  lc_numeric_c.o(locale$$data)
    __lcnum_c_thousands                      0x080083f6   Data           0  lc_numeric_c.o(locale$$data)
    __lcnum_c_grouping                       0x080083f7   Data           0  lc_numeric_c.o(locale$$data)
    locale$$data                             0x080083f8   Section      272  lc_ctype_c.o(locale$$data)
    __lcnum_c_end                            0x080083f8   Data           0  lc_numeric_c.o(locale$$data)
    __lcctype_c_name                         0x080083fc   Data           2  lc_ctype_c.o(locale$$data)
    __lcctype_c_start                        0x08008404   Data           0  lc_ctype_c.o(locale$$data)
    __lcctype_c_end                          0x08008508   Data           0  lc_ctype_c.o(locale$$data)
    .data                                    0x20000000   Section       16  main.o(.data)
    .data                                    0x20000010   Section        8  task_general_control.o(.data)
    .data                                    0x20000018   Section        4  delay.o(.data)
    fac_us                                   0x20000018   Data           1  delay.o(.data)
    fac_ms                                   0x2000001a   Data           2  delay.o(.data)
    .data                                    0x2000001c   Section       20  system_stm32f10x.o(.data)
    .data                                    0x20000030   Section        8  cmd_process.o(.data)
    .data                                    0x20000038   Section        4  cmd_queue.o(.data)
    cmd_state                                0x20000038   Data           1  cmd_queue.o(.data)
    cmd_pos                                  0x2000003a   Data           2  cmd_queue.o(.data)
    .data                                    0x2000003c   Section        2  hmi_driver.o(.data)
    _crc16                                   0x2000003c   Data           2  hmi_driver.o(.data)
    .data                                    0x20000040   Section        4  oxygen.o(.data)
    .data                                    0x20000044   Section       20  stm32f10x_rcc.o(.data)
    APBAHBPrescTable                         0x20000044   Data          16  stm32f10x_rcc.o(.data)
    ADCPrescTable                            0x20000054   Data           4  stm32f10x_rcc.o(.data)
    .data                                    0x20000058   Section       72  os_core.o(.data)
    .bss                                     0x200000a0   Section    14496  main.o(.bss)
    .bss                                     0x20003940   Section       20  cmd_process.o(.bss)
    .bss                                     0x20003954   Section       84  cmd_queue.o(.bss)
    que                                      0x20003954   Data          84  cmd_queue.o(.bss)
    .bss                                     0x200039a8   Section     2688  os_core.o(.bss)
    .bss                                     0x20004428   Section       42  locale.o(.bss)
    mixed_name_buf                           0x20004428   Data          42  locale.o(.bss)
    .bss                                     0x20004454   Section       96  libspace.o(.bss)
    HEAP                                     0x200044b8   Section      512  startup_stm32f10x_md.o(HEAP)
    Heap_Mem                                 0x200044b8   Data         512  startup_stm32f10x_md.o(HEAP)
    STACK                                    0x200046b8   Section     1024  startup_stm32f10x_md.o(STACK)
    Stack_Mem                                0x200046b8   Data        1024  startup_stm32f10x_md.o(STACK)
    __initial_sp                             0x20004ab8   Data           0  startup_stm32f10x_md.o(STACK)

    Global Symbols

    Symbol Name                              Value     Ov Type        Size  Object(Section)

    BuildAttributes$$THM_ISAv4$P$D$K$B$S$PE$A:L22UL41UL21$X:L11$S22US41US21$IEEE1$IW$USESV6$~STKCKD$USESV7$~SHL$OTIME$ROPI$IEEEJ$EBA8$UX$STANDARDLIB$REQ8$PRES8$EABIv2 0x00000000   Number         0  anon$$obj.o ABSOLUTE
    __ARM_use_no_argv                        0x00000000   Number         0  main.o ABSOLUTE
    _printf_flags                            0x00000000   Number         0  printf_stubs.o ABSOLUTE
    _printf_return_value                     0x00000000   Number         0  printf_stubs.o ABSOLUTE
    _printf_sizespec                         0x00000000   Number         0  printf_stubs.o ABSOLUTE
    _printf_widthprec                        0x00000000   Number         0  printf_stubs.o ABSOLUTE
    __ARM_exceptions_init                     - Undefined Weak Reference
    __alloca_initialize                       - Undefined Weak Reference
    __cpp_initialize__aeabi_                  - Undefined Weak Reference
    __cxa_finalize                            - Undefined Weak Reference
    __sigvec_lookup                           - Undefined Weak Reference
    _atexit_init                              - Undefined Weak Reference
    _call_atexit_fns                          - Undefined Weak Reference
    _clock_init                               - Undefined Weak Reference
    _fp_trap_init                             - Undefined Weak Reference
    _fp_trap_shutdown                         - Undefined Weak Reference
    _get_lc_collate                           - Undefined Weak Reference
    _get_lc_monetary                          - Undefined Weak Reference
    _get_lc_time                              - Undefined Weak Reference
    _getenv_init                              - Undefined Weak Reference
    _handle_redirection                       - Undefined Weak Reference
    _init_alloc                               - Undefined Weak Reference
    _init_user_alloc                          - Undefined Weak Reference
    _initio                                   - Undefined Weak Reference
    _rand_init                                - Undefined Weak Reference
    _scanf_longlong                           - Undefined Weak Reference
    _scanf_mbtowc                             - Undefined Weak Reference
    _scanf_real                               - Undefined Weak Reference
    _scanf_string                             - Undefined Weak Reference
    _scanf_wctomb                             - Undefined Weak Reference
    _scanf_wstring                            - Undefined Weak Reference
    _signal_finish                            - Undefined Weak Reference
    _signal_init                              - Undefined Weak Reference
    _terminate_alloc                          - Undefined Weak Reference
    _terminate_user_alloc                     - Undefined Weak Reference
    _terminateio                              - Undefined Weak Reference
    __Vectors_Size                           0x000000ec   Number         0  startup_stm32f10x_md.o ABSOLUTE
    __Vectors                                0x08000000   Data           4  startup_stm32f10x_md.o(RESET)
    __Vectors_End                            0x080000ec   Data           0  startup_stm32f10x_md.o(RESET)
    __main                                   0x080000ed   Thumb Code     8  __main.o(!!!main)
    __scatterload                            0x080000f5   Thumb Code     0  __scatter.o(!!!scatter)
    __scatterload_rt2                        0x080000f5   Thumb Code    44  __scatter.o(!!!scatter)
    __scatterload_rt2_thumb_only             0x080000f5   Thumb Code     0  __scatter.o(!!!scatter)
    __scatterload_null                       0x08000103   Thumb Code     0  __scatter.o(!!!scatter)
    __scatterload_copy                       0x08000129   Thumb Code    26  __scatter_copy.o(!!handler_copy)
    __scatterload_zeroinit                   0x08000145   Thumb Code    28  __scatter_zi.o(!!handler_zi)
    _printf_f                                0x08000161   Thumb Code     0  _printf_f.o(.ARM.Collect$$_printf_percent$$00000003)
    _printf_percent                          0x08000161   Thumb Code     0  _printf_percent.o(.ARM.Collect$$_printf_percent$$00000000)
    _printf_percent_end                      0x08000167   Thumb Code     0  _printf_percent_end.o(.ARM.Collect$$_printf_percent$$00000017)
    __rt_lib_init                            0x0800016b   Thumb Code     0  libinit.o(.ARM.Collect$$libinit$$00000000)
    __rt_lib_init_fp_1                       0x0800016d   Thumb Code     0  libinit2.o(.ARM.Collect$$libinit$$00000002)
    __rt_lib_init_heap_1                     0x0800016d   Thumb Code     0  libinit2.o(.ARM.Collect$$libinit$$00000008)
    __rt_lib_init_lc_common                  0x0800016d   Thumb Code     0  libinit2.o(.ARM.Collect$$libinit$$0000000D)
    __rt_lib_init_rand_1                     0x0800016d   Thumb Code     0  libinit2.o(.ARM.Collect$$libinit$$0000000C)
    __rt_lib_init_user_alloc_1               0x0800016d   Thumb Code     0  libinit2.o(.ARM.Collect$$libinit$$0000000A)
    __rt_lib_init_lc_collate_1               0x08000173   Thumb Code     0  libinit2.o(.ARM.Collect$$libinit$$0000000F)
    __rt_lib_init_lc_ctype_2                 0x08000173   Thumb Code     0  libinit2.o(.ARM.Collect$$libinit$$00000010)
    __rt_lib_init_lc_ctype_1                 0x0800017f   Thumb Code     0  libinit2.o(.ARM.Collect$$libinit$$00000011)
    __rt_lib_init_lc_monetary_1              0x0800017f   Thumb Code     0  libinit2.o(.ARM.Collect$$libinit$$00000013)
    __rt_lib_init_lc_numeric_2               0x0800017f   Thumb Code     0  libinit2.o(.ARM.Collect$$libinit$$00000014)
    __rt_lib_init_alloca_1                   0x08000189   Thumb Code     0  libinit2.o(.ARM.Collect$$libinit$$0000002C)
    __rt_lib_init_argv_1                     0x08000189   Thumb Code     0  libinit2.o(.ARM.Collect$$libinit$$0000002A)
    __rt_lib_init_atexit_1                   0x08000189   Thumb Code     0  libinit2.o(.ARM.Collect$$libinit$$00000019)
    __rt_lib_init_clock_1                    0x08000189   Thumb Code     0  libinit2.o(.ARM.Collect$$libinit$$0000001F)
    __rt_lib_init_cpp_1                      0x08000189   Thumb Code     0  libinit2.o(.ARM.Collect$$libinit$$00000030)
    __rt_lib_init_exceptions_1               0x08000189   Thumb Code     0  libinit2.o(.ARM.Collect$$libinit$$0000002E)
    __rt_lib_init_fp_trap_1                  0x08000189   Thumb Code     0  libinit2.o(.ARM.Collect$$libinit$$0000001D)
    __rt_lib_init_getenv_1                   0x08000189   Thumb Code     0  libinit2.o(.ARM.Collect$$libinit$$00000021)
    __rt_lib_init_lc_numeric_1               0x08000189   Thumb Code     0  libinit2.o(.ARM.Collect$$libinit$$00000015)
    __rt_lib_init_lc_time_1                  0x08000189   Thumb Code     0  libinit2.o(.ARM.Collect$$libinit$$00000017)
    __rt_lib_init_return                     0x08000189   Thumb Code     0  libinit2.o(.ARM.Collect$$libinit$$00000031)
    __rt_lib_init_signal_1                   0x08000189   Thumb Code     0  libinit2.o(.ARM.Collect$$libinit$$0000001B)
    __rt_lib_init_stdio_1                    0x08000189   Thumb Code     0  libinit2.o(.ARM.Collect$$libinit$$00000023)
    __rt_lib_shutdown                        0x0800018b   Thumb Code     0  libshutdown.o(.ARM.Collect$$libshutdown$$00000000)
    __rt_lib_shutdown_fp_trap_1              0x0800018d   Thumb Code     0  libshutdown2.o(.ARM.Collect$$libshutdown$$00000006)
    __rt_lib_shutdown_heap_1                 0x0800018d   Thumb Code     0  libshutdown2.o(.ARM.Collect$$libshutdown$$0000000E)
    __rt_lib_shutdown_return                 0x0800018d   Thumb Code     0  libshutdown2.o(.ARM.Collect$$libshutdown$$0000000F)
    __rt_lib_shutdown_signal_1               0x0800018d   Thumb Code     0  libshutdown2.o(.ARM.Collect$$libshutdown$$00000009)
    __rt_lib_shutdown_stdio_1                0x0800018d   Thumb Code     0  libshutdown2.o(.ARM.Collect$$libshutdown$$00000003)
    __rt_lib_shutdown_user_alloc_1           0x0800018d   Thumb Code     0  libshutdown2.o(.ARM.Collect$$libshutdown$$0000000B)
    __rt_entry                               0x0800018f   Thumb Code     0  rtentry.o(.ARM.Collect$$rtentry$$00000000)
    __rt_entry_presh_1                       0x0800018f   Thumb Code     0  rtentry2.o(.ARM.Collect$$rtentry$$00000002)
    __rt_entry_sh                            0x0800018f   Thumb Code     0  rtentry4.o(.ARM.Collect$$rtentry$$00000004)
    __rt_entry_li                            0x08000195   Thumb Code     0  rtentry2.o(.ARM.Collect$$rtentry$$0000000A)
    __rt_entry_postsh_1                      0x08000195   Thumb Code     0  rtentry2.o(.ARM.Collect$$rtentry$$00000009)
    __rt_entry_main                          0x08000199   Thumb Code     0  rtentry2.o(.ARM.Collect$$rtentry$$0000000D)
    __rt_entry_postli_1                      0x08000199   Thumb Code     0  rtentry2.o(.ARM.Collect$$rtentry$$0000000C)
    __rt_exit                                0x080001a1   Thumb Code     0  rtexit.o(.ARM.Collect$$rtexit$$00000000)
    __rt_exit_ls                             0x080001a3   Thumb Code     0  rtexit2.o(.ARM.Collect$$rtexit$$00000003)
    __rt_exit_prels_1                        0x080001a3   Thumb Code     0  rtexit2.o(.ARM.Collect$$rtexit$$00000002)
    __rt_exit_exit                           0x080001a7   Thumb Code     0  rtexit2.o(.ARM.Collect$$rtexit$$00000004)
    TaskStart_CreateTasks                    0x080001ad   Thumb Code    76  main.o(.text)
    system_check                             0x080001f9   Thumb Code    22  main.o(.text)
    system_init                              0x0800020f   Thumb Code    68  main.o(.text)
    target_init                              0x08000253   Thumb Code    28  main.o(.text)
    task0_start                              0x0800026f   Thumb Code    66  main.o(.text)
    ucosii_timer_init                        0x080002b1   Thumb Code    56  main.o(.text)
    main                                     0x080002e9   Thumb Code    72  main.o(.text)
    SysTick_Handler                          0x08000331   Thumb Code    16  main.o(.text)
    task_general_ctrl                        0x0800037d   Thumb Code   114  task_general_control.o(.text)
    SaveCardInTime                           0x080003ef   Thumb Code    12  task_general_control.o(.text)
    CheckPeriodOfValidity                    0x080003fb   Thumb Code    26  task_general_control.o(.text)
    task_touch_UI                            0x08000425   Thumb Code    70  task_touch_ui.o(.text)
    delay_init                               0x08000475   Thumb Code    82  delay.o(.text)
    delay_us                                 0x080004c7   Thumb Code    86  delay.o(.text)
    delay_ms                                 0x0800051d   Thumb Code    62  delay.o(.text)
    SystemInit                               0x08000647   Thumb Code    78  system_stm32f10x.o(.text)
    SystemCoreClockUpdate                    0x08000695   Thumb Code   142  system_stm32f10x.o(.text)
    SetLight                                 0x08000749   Thumb Code    96  drv_led.o(.text)
    led_init                                 0x080007a9   Thumb Code    94  drv_led.o(.text)
    set_led                                  0x08000807   Thumb Code    62  drv_led.o(.text)
    work_led                                 0x08000845   Thumb Code    36  drv_led.o(.text)
    Sleep10us                                0x0800086d   Thumb Code    28  drv_delay.o(.text)
    SleepMs                                  0x08000889   Thumb Code    26  drv_delay.o(.text)
    SleepMs2                                 0x080008a3   Thumb Code    42  drv_delay.o(.text)
    sleep_ms                                 0x080008cd   Thumb Code    12  drv_delay.o(.text)
    sleep_ms2                                0x080008d9   Thumb Code    12  drv_delay.o(.text)
    sleep_us                                 0x080008e5   Thumb Code    28  drv_delay.o(.text)
    wdt_init                                 0x08000901   Thumb Code     2  drv_wdt.o(.text)
    toggle_wd                                0x08000903   Thumb Code     2  drv_wdt.o(.text)
    Get_Adc                                  0x08000905   Thumb Code     4  adc.o(.text)
    ads1110_read                             0x08000909   Thumb Code    80  adc.o(.text)
    ads1110_init                             0x08000959   Thumb Code    28  adc.o(.text)
    Get_Adc_Average                          0x08000975   Thumb Code    58  adc.o(.text)
    DS18B20_IO_OUT                           0x080009b1   Thumb Code    38  ds18b20.o(.text)
    DS18B20_Rst                              0x080009d7   Thumb Code    36  ds18b20.o(.text)
    DS18B20_IO_IN                            0x080009fb   Thumb Code    32  ds18b20.o(.text)
    DS18B20_Check                            0x08000a1b   Thumb Code    78  ds18b20.o(.text)
    DS18B20_Read_Bit                         0x08000a69   Thumb Code    60  ds18b20.o(.text)
    DS18B20_Read_Byte                        0x08000aa5   Thumb Code    34  ds18b20.o(.text)
    DS18B20_Write_Byte                       0x08000ac7   Thumb Code    84  ds18b20.o(.text)
    DS18B20_Start                            0x08000b1b   Thumb Code    24  ds18b20.o(.text)
    DS18B20_Init                             0x08000b33   Thumb Code    54  ds18b20.o(.text)
    DS18B20_Get_Temp                         0x08000b69   Thumb Code   144  ds18b20.o(.text)
    NotifyTimer                              0x08000c09   Thumb Code     2  cmd_process.o(.text)
    NotifySelector                           0x08000c0b   Thumb Code     2  cmd_process.o(.text)
    NotifyMenu                               0x08000c0d   Thumb Code     2  cmd_process.o(.text)
    NotifyMeter                              0x08000c0f   Thumb Code     2  cmd_process.o(.text)
    NotifySlider                             0x08000c11   Thumb Code    14  cmd_process.o(.text)
    NotifyProgress                           0x08000c1f   Thumb Code     2  cmd_process.o(.text)
    StringToInt32                            0x08000c21   Thumb Code    22  cmd_process.o(.text)
    NotifyText                               0x08000c37   Thumb Code    52  cmd_process.o(.text)
    NotifyButton                             0x08000c6b   Thumb Code    58  cmd_process.o(.text)
    NotifyReadFlash                          0x08000ca5   Thumb Code     2  cmd_process.o(.text)
    NotifyWriteFlash                         0x08000ca7   Thumb Code     2  cmd_process.o(.text)
    NotifyTouchXY                            0x08000ca9   Thumb Code     2  cmd_process.o(.text)
    NotifyScreen                             0x08000cab   Thumb Code     2  cmd_process.o(.text)
    ProcessMessage                           0x08000cad   Thumb Code   320  cmd_process.o(.text)
    SetTextValueInt32                        0x08000ded   Thumb Code    68  cmd_process.o(.text)
    UpdateUI                                 0x08000e31   Thumb Code    72  cmd_process.o(.text)
    queue_reset                              0x08000e9d   Thumb Code    18  cmd_queue.o(.text)
    queue_push                               0x08000eaf   Thumb Code    42  cmd_queue.o(.text)
    queue_find_cmd                           0x08000f1f   Thumb Code   224  cmd_queue.o(.text)
    CheckCRC16                               0x08001051   Thumb Code    58  hmi_driver.o(.text)
    SEND_DATA                                0x0800108b   Thumb Code    22  hmi_driver.o(.text)
    BEGIN_CMD                                0x080010a1   Thumb Code    18  hmi_driver.o(.text)
    END_CMD                                  0x080010b3   Thumb Code    44  hmi_driver.o(.text)
    DelayMS                                  0x080010df   Thumb Code    24  hmi_driver.o(.text)
    SendStrings                              0x080010f7   Thumb Code    22  hmi_driver.o(.text)
    SendNU8                                  0x0800110d   Thumb Code    26  hmi_driver.o(.text)
    SendNU16                                 0x08001127   Thumb Code    38  hmi_driver.o(.text)
    SetHandShake                             0x0800114d   Thumb Code    18  hmi_driver.o(.text)
    SetFcolor                                0x0800115f   Thumb Code    32  hmi_driver.o(.text)
    SetBcolor                                0x0800117f   Thumb Code    32  hmi_driver.o(.text)
    ColorPicker                              0x0800119f   Thumb Code    54  hmi_driver.o(.text)
    GUI_CleanScreen                          0x080011d5   Thumb Code    18  hmi_driver.o(.text)
    SetTextSpace                             0x080011e7   Thumb Code    34  hmi_driver.o(.text)
    SetFont_Region                           0x08001209   Thumb Code    54  hmi_driver.o(.text)
    SetFilterColor                           0x0800123f   Thumb Code    46  hmi_driver.o(.text)
    DisText                                  0x0800126d   Thumb Code    76  hmi_driver.o(.text)
    DisCursor                                0x080012b9   Thumb Code    78  hmi_driver.o(.text)
    DisFull_Image                            0x08001307   Thumb Code    40  hmi_driver.o(.text)
    DisArea_Image                            0x0800132f   Thumb Code    72  hmi_driver.o(.text)
    DisCut_Image                             0x08001377   Thumb Code   142  hmi_driver.o(.text)
    DisFlashImage                            0x08001405   Thumb Code    84  hmi_driver.o(.text)
    GUI_Dot                                  0x08001459   Thumb Code    52  hmi_driver.o(.text)
    GUI_Line                                 0x0800148d   Thumb Code    78  hmi_driver.o(.text)
    GUI_ConDots                              0x080014db   Thumb Code    44  hmi_driver.o(.text)
    GUI_ConSpaceDots                         0x08001507   Thumb Code    62  hmi_driver.o(.text)
    GUI_FcolorConOffsetDots                  0x08001545   Thumb Code    62  hmi_driver.o(.text)
    GUI_BcolorConOffsetDots                  0x08001583   Thumb Code    62  hmi_driver.o(.text)
    SetPowerSaving                           0x080015c1   Thumb Code    54  hmi_driver.o(.text)
    GUI_FcolorConDots                        0x080015f7   Thumb Code    36  hmi_driver.o(.text)
    GUI_BcolorConDots                        0x0800161b   Thumb Code    36  hmi_driver.o(.text)
    GUI_Circle                               0x0800163f   Thumb Code    60  hmi_driver.o(.text)
    GUI_CircleFill                           0x0800167b   Thumb Code    60  hmi_driver.o(.text)
    GUI_Arc                                  0x080016b7   Thumb Code    98  hmi_driver.o(.text)
    GUI_Rectangle                            0x08001719   Thumb Code    78  hmi_driver.o(.text)
    GUI_RectangleFill                        0x08001767   Thumb Code    78  hmi_driver.o(.text)
    GUI_Ellipse                              0x080017b5   Thumb Code    78  hmi_driver.o(.text)
    GUI_EllipseFill                          0x08001803   Thumb Code    78  hmi_driver.o(.text)
    SetBackLight                             0x08001851   Thumb Code    26  hmi_driver.o(.text)
    SetBuzzer                                0x0800186b   Thumb Code    26  hmi_driver.o(.text)
    GUI_AreaInycolor                         0x08001885   Thumb Code    78  hmi_driver.o(.text)
    SetTouchPaneOption                       0x080018d3   Thumb Code    70  hmi_driver.o(.text)
    CalibrateTouchPane                       0x08001919   Thumb Code    18  hmi_driver.o(.text)
    TestTouchPane                            0x0800192b   Thumb Code    18  hmi_driver.o(.text)
    LockDeviceConfig                         0x0800193d   Thumb Code    42  hmi_driver.o(.text)
    UnlockDeviceConfig                       0x08001967   Thumb Code    42  hmi_driver.o(.text)
    SetCommBps                               0x08001991   Thumb Code    26  hmi_driver.o(.text)
    WriteLayer                               0x080019ab   Thumb Code    26  hmi_driver.o(.text)
    DisplyLayer                              0x080019c5   Thumb Code    26  hmi_driver.o(.text)
    CopyLayer                                0x080019df   Thumb Code    34  hmi_driver.o(.text)
    ClearLayer                               0x08001a01   Thumb Code    26  hmi_driver.o(.text)
    GUI_DispRTC                              0x08001a1b   Thumb Code    96  hmi_driver.o(.text)
    WriteUserFlash                           0x08001a7b   Thumb Code    60  hmi_driver.o(.text)
    ReadUserFlash                            0x08001ab7   Thumb Code    62  hmi_driver.o(.text)
    GetScreen                                0x08001af5   Thumb Code    24  hmi_driver.o(.text)
    SetScreen                                0x08001b0d   Thumb Code    38  hmi_driver.o(.text)
    SetScreenUpdateEnable                    0x08001b33   Thumb Code    26  hmi_driver.o(.text)
    SetControlFocus                          0x08001b4d   Thumb Code    60  hmi_driver.o(.text)
    SetControlVisiable                       0x08001b89   Thumb Code    60  hmi_driver.o(.text)
    SetControlEnable                         0x08001bc5   Thumb Code    60  hmi_driver.o(.text)
    SetButtonValue                           0x08001c01   Thumb Code    60  hmi_driver.o(.text)
    SetTextValue                             0x08001c3d   Thumb Code    60  hmi_driver.o(.text)
    SetProgressValue                         0x08001c79   Thumb Code    82  hmi_driver.o(.text)
    SetMeterValue                            0x08001ccb   Thumb Code   118  hmi_driver.o(.text)
    SetSliderValue                           0x08001d41   Thumb Code    82  hmi_driver.o(.text)
    SetSelectorValue                         0x08001d93   Thumb Code    60  hmi_driver.o(.text)
    GetControlValue                          0x08001dcf   Thumb Code    52  hmi_driver.o(.text)
    AnimationStart                           0x08001e03   Thumb Code    52  hmi_driver.o(.text)
    AnimationStop                            0x08001e37   Thumb Code    52  hmi_driver.o(.text)
    AnimationPause                           0x08001e6b   Thumb Code    52  hmi_driver.o(.text)
    AnimationPlayFrame                       0x08001e9f   Thumb Code    60  hmi_driver.o(.text)
    AnimationPlayPrev                        0x08001edb   Thumb Code    52  hmi_driver.o(.text)
    AnimationPlayNext                        0x08001f0f   Thumb Code    52  hmi_driver.o(.text)
    GraphChannelAdd                          0x08001f43   Thumb Code    78  hmi_driver.o(.text)
    GraphChannelDel                          0x08001f91   Thumb Code    60  hmi_driver.o(.text)
    GraphChannelDataAdd                      0x08001fcd   Thumb Code    88  hmi_driver.o(.text)
    GraphChannelDataClear                    0x08002025   Thumb Code    60  hmi_driver.o(.text)
    GraphSetViewport                         0x08002061   Thumb Code   122  hmi_driver.o(.text)
    BatchBegin                               0x080020db   Thumb Code    34  hmi_driver.o(.text)
    BatchSetButtonValue                      0x080020fd   Thumb Code    38  hmi_driver.o(.text)
    BatchSetProgressValue                    0x08002123   Thumb Code    60  hmi_driver.o(.text)
    BatchSetSliderValue                      0x0800215f   Thumb Code    60  hmi_driver.o(.text)
    BatchSetMeterValue                       0x0800219b   Thumb Code    60  hmi_driver.o(.text)
    GetStringLen                             0x080021d7   Thumb Code    18  hmi_driver.o(.text)
    BatchSetText                             0x080021e9   Thumb Code    56  hmi_driver.o(.text)
    BatchSetFrame                            0x08002221   Thumb Code    44  hmi_driver.o(.text)
    BatchEnd                                 0x0800224d   Thumb Code     8  hmi_driver.o(.text)
    SeTimer                                  0x08002255   Thumb Code    82  hmi_driver.o(.text)
    StartTimer                               0x080022a7   Thumb Code    52  hmi_driver.o(.text)
    StopTimer                                0x080022db   Thumb Code    52  hmi_driver.o(.text)
    PauseTimer                               0x0800230f   Thumb Code    52  hmi_driver.o(.text)
    SetControlBackColor                      0x08002343   Thumb Code    66  hmi_driver.o(.text)
    SetControlForeColor                      0x08002385   Thumb Code    66  hmi_driver.o(.text)
    ShowPopupMenu                            0x080023c7   Thumb Code    78  hmi_driver.o(.text)
    ShowKeyboard                             0x08002415   Thumb Code    86  hmi_driver.o(.text)
    UartInit                                 0x0800246d   Thumb Code   162  hmi_user_uart.o(.text)
    SendChar                                 0x0800250f   Thumb Code    42  hmi_user_uart.o(.text)
    Oxygen                                   0x08002541   Thumb Code    24  oxygen.o(.text)
    DO                                       0x08002559   Thumb Code   100  oxygen.o(.text)
    DOreal                                   0x080025bd   Thumb Code   100  oxygen.o(.text)
    Solid                                    0x08002621   Thumb Code   110  oxygen.o(.text)
    DO_shiji                                 0x0800268f   Thumb Code    70  oxygen.o(.text)
    set_bell                                 0x0800272d   Thumb Code    36  drv_buzzer.o(.text)
    buzzer_init                              0x08002751   Thumb Code    56  drv_buzzer.o(.text)
    Beep                                     0x08002789   Thumb Code    28  drv_buzzer.o(.text)
    Beeperr                                  0x080027a5   Thumb Code    50  drv_buzzer.o(.text)
    IIC_Init                                 0x080027dd   Thumb Code    52  myiic.o(.text)
    SDA_OUT                                  0x08002811   Thumb Code    40  myiic.o(.text)
    IIC_Start                                0x08002839   Thumb Code    50  myiic.o(.text)
    IIC_Stop                                 0x0800286b   Thumb Code    44  myiic.o(.text)
    SDA_IN                                   0x08002897   Thumb Code    40  myiic.o(.text)
    IIC_Wait_Ack                             0x080028bf   Thumb Code    68  myiic.o(.text)
    IIC_Ack                                  0x08002903   Thumb Code    48  myiic.o(.text)
    IIC_NAck                                 0x08002933   Thumb Code    48  myiic.o(.text)
    IIC_Send_Byte                            0x08002963   Thumb Code    72  myiic.o(.text)
    IIC_Read_Byte                            0x080029ab   Thumb Code    80  myiic.o(.text)
    Reset_Handler                            0x08002a09   Thumb Code     8  startup_stm32f10x_md.o(.text)
    ADC1_2_IRQHandler                        0x08002a23   Thumb Code     0  startup_stm32f10x_md.o(.text)
    CAN1_RX1_IRQHandler                      0x08002a23   Thumb Code     0  startup_stm32f10x_md.o(.text)
    CAN1_SCE_IRQHandler                      0x08002a23   Thumb Code     0  startup_stm32f10x_md.o(.text)
    DMA1_Channel1_IRQHandler                 0x08002a23   Thumb Code     0  startup_stm32f10x_md.o(.text)
    DMA1_Channel2_IRQHandler                 0x08002a23   Thumb Code     0  startup_stm32f10x_md.o(.text)
    DMA1_Channel3_IRQHandler                 0x08002a23   Thumb Code     0  startup_stm32f10x_md.o(.text)
    DMA1_Channel4_IRQHandler                 0x08002a23   Thumb Code     0  startup_stm32f10x_md.o(.text)
    DMA1_Channel5_IRQHandler                 0x08002a23   Thumb Code     0  startup_stm32f10x_md.o(.text)
    DMA1_Channel6_IRQHandler                 0x08002a23   Thumb Code     0  startup_stm32f10x_md.o(.text)
    DMA1_Channel7_IRQHandler                 0x08002a23   Thumb Code     0  startup_stm32f10x_md.o(.text)
    EXTI0_IRQHandler                         0x08002a23   Thumb Code     0  startup_stm32f10x_md.o(.text)
    EXTI15_10_IRQHandler                     0x08002a23   Thumb Code     0  startup_stm32f10x_md.o(.text)
    EXTI1_IRQHandler                         0x08002a23   Thumb Code     0  startup_stm32f10x_md.o(.text)
    EXTI2_IRQHandler                         0x08002a23   Thumb Code     0  startup_stm32f10x_md.o(.text)
    EXTI3_IRQHandler                         0x08002a23   Thumb Code     0  startup_stm32f10x_md.o(.text)
    EXTI4_IRQHandler                         0x08002a23   Thumb Code     0  startup_stm32f10x_md.o(.text)
    EXTI9_5_IRQHandler                       0x08002a23   Thumb Code     0  startup_stm32f10x_md.o(.text)
    FLASH_IRQHandler                         0x08002a23   Thumb Code     0  startup_stm32f10x_md.o(.text)
    I2C1_ER_IRQHandler                       0x08002a23   Thumb Code     0  startup_stm32f10x_md.o(.text)
    I2C1_EV_IRQHandler                       0x08002a23   Thumb Code     0  startup_stm32f10x_md.o(.text)
    I2C2_ER_IRQHandler                       0x08002a23   Thumb Code     0  startup_stm32f10x_md.o(.text)
    I2C2_EV_IRQHandler                       0x08002a23   Thumb Code     0  startup_stm32f10x_md.o(.text)
    PVD_IRQHandler                           0x08002a23   Thumb Code     0  startup_stm32f10x_md.o(.text)
    RCC_IRQHandler                           0x08002a23   Thumb Code     0  startup_stm32f10x_md.o(.text)
    RTCAlarm_IRQHandler                      0x08002a23   Thumb Code     0  startup_stm32f10x_md.o(.text)
    RTC_IRQHandler                           0x08002a23   Thumb Code     0  startup_stm32f10x_md.o(.text)
    SPI1_IRQHandler                          0x08002a23   Thumb Code     0  startup_stm32f10x_md.o(.text)
    SPI2_IRQHandler                          0x08002a23   Thumb Code     0  startup_stm32f10x_md.o(.text)
    TAMPER_IRQHandler                        0x08002a23   Thumb Code     0  startup_stm32f10x_md.o(.text)
    TIM1_BRK_IRQHandler                      0x08002a23   Thumb Code     0  startup_stm32f10x_md.o(.text)
    TIM1_CC_IRQHandler                       0x08002a23   Thumb Code     0  startup_stm32f10x_md.o(.text)
    TIM1_TRG_COM_IRQHandler                  0x08002a23   Thumb Code     0  startup_stm32f10x_md.o(.text)
    TIM1_UP_IRQHandler                       0x08002a23   Thumb Code     0  startup_stm32f10x_md.o(.text)
    TIM2_IRQHandler                          0x08002a23   Thumb Code     0  startup_stm32f10x_md.o(.text)
    TIM3_IRQHandler                          0x08002a23   Thumb Code     0  startup_stm32f10x_md.o(.text)
    TIM4_IRQHandler                          0x08002a23   Thumb Code     0  startup_stm32f10x_md.o(.text)
    USART2_IRQHandler                        0x08002a23   Thumb Code     0  startup_stm32f10x_md.o(.text)
    USART3_IRQHandler                        0x08002a23   Thumb Code     0  startup_stm32f10x_md.o(.text)
    USBWakeUp_IRQHandler                     0x08002a23   Thumb Code     0  startup_stm32f10x_md.o(.text)
    USB_HP_CAN1_TX_IRQHandler                0x08002a23   Thumb Code     0  startup_stm32f10x_md.o(.text)
    USB_LP_CAN1_RX0_IRQHandler               0x08002a23   Thumb Code     0  startup_stm32f10x_md.o(.text)
    WWDG_IRQHandler                          0x08002a23   Thumb Code     0  startup_stm32f10x_md.o(.text)
    __user_initial_stackheap                 0x08002a25   Thumb Code     0  startup_stm32f10x_md.o(.text)
    NVIC_PriorityGroupConfig                 0x08002a49   Thumb Code    10  misc.o(.text)
    NVIC_Init                                0x08002a53   Thumb Code   100  misc.o(.text)
    NVIC_SetVectorTable                      0x08002ab7   Thumb Code    14  misc.o(.text)
    NVIC_SystemLPConfig                      0x08002ac5   Thumb Code    34  misc.o(.text)
    SysTick_CLKSourceConfig                  0x08002ae7   Thumb Code    40  misc.o(.text)
    GPIO_DeInit                              0x08002b25   Thumb Code   172  stm32f10x_gpio.o(.text)
    GPIO_AFIODeInit                          0x08002bd1   Thumb Code    20  stm32f10x_gpio.o(.text)
    GPIO_Init                                0x08002be5   Thumb Code   278  stm32f10x_gpio.o(.text)
    GPIO_StructInit                          0x08002cfb   Thumb Code    16  stm32f10x_gpio.o(.text)
    GPIO_ReadInputDataBit                    0x08002d0b   Thumb Code    18  stm32f10x_gpio.o(.text)
    GPIO_ReadInputData                       0x08002d1d   Thumb Code     8  stm32f10x_gpio.o(.text)
    GPIO_ReadOutputDataBit                   0x08002d25   Thumb Code    18  stm32f10x_gpio.o(.text)
    GPIO_ReadOutputData                      0x08002d37   Thumb Code     8  stm32f10x_gpio.o(.text)
    GPIO_SetBits                             0x08002d3f   Thumb Code     4  stm32f10x_gpio.o(.text)
    GPIO_ResetBits                           0x08002d43   Thumb Code     4  stm32f10x_gpio.o(.text)
    GPIO_WriteBit                            0x08002d47   Thumb Code    10  stm32f10x_gpio.o(.text)
    GPIO_Write                               0x08002d51   Thumb Code     4  stm32f10x_gpio.o(.text)
    GPIO_PinLockConfig                       0x08002d55   Thumb Code    18  stm32f10x_gpio.o(.text)
    GPIO_EventOutputConfig                   0x08002d67   Thumb Code    26  stm32f10x_gpio.o(.text)
    GPIO_EventOutputCmd                      0x08002d81   Thumb Code     6  stm32f10x_gpio.o(.text)
    GPIO_PinRemapConfig                      0x08002d87   Thumb Code   138  stm32f10x_gpio.o(.text)
    GPIO_EXTILineConfig                      0x08002e11   Thumb Code    66  stm32f10x_gpio.o(.text)
    GPIO_ETH_MediaInterfaceConfig            0x08002e53   Thumb Code     8  stm32f10x_gpio.o(.text)
    RCC_DeInit                               0x08002e81   Thumb Code    64  stm32f10x_rcc.o(.text)
    RCC_HSEConfig                            0x08002ec1   Thumb Code    70  stm32f10x_rcc.o(.text)
    RCC_GetFlagStatus                        0x08002f07   Thumb Code    56  stm32f10x_rcc.o(.text)
    RCC_WaitForHSEStartUp                    0x08002f3f   Thumb Code    56  stm32f10x_rcc.o(.text)
    RCC_AdjustHSICalibrationValue            0x08002f77   Thumb Code    20  stm32f10x_rcc.o(.text)
    RCC_HSICmd                               0x08002f8b   Thumb Code     6  stm32f10x_rcc.o(.text)
    RCC_PLLConfig                            0x08002f91   Thumb Code    24  stm32f10x_rcc.o(.text)
    RCC_PLLCmd                               0x08002fa9   Thumb Code     6  stm32f10x_rcc.o(.text)
    RCC_SYSCLKConfig                         0x08002faf   Thumb Code    18  stm32f10x_rcc.o(.text)
    RCC_GetSYSCLKSource                      0x08002fc1   Thumb Code    10  stm32f10x_rcc.o(.text)
    RCC_HCLKConfig                           0x08002fcb   Thumb Code    18  stm32f10x_rcc.o(.text)
    RCC_PCLK1Config                          0x08002fdd   Thumb Code    18  stm32f10x_rcc.o(.text)
    RCC_PCLK2Config                          0x08002fef   Thumb Code    20  stm32f10x_rcc.o(.text)
    RCC_ITConfig                             0x08003003   Thumb Code    26  stm32f10x_rcc.o(.text)
    RCC_USBCLKConfig                         0x0800301d   Thumb Code     8  stm32f10x_rcc.o(.text)
    RCC_ADCCLKConfig                         0x08003025   Thumb Code    18  stm32f10x_rcc.o(.text)
    RCC_LSEConfig                            0x08003037   Thumb Code    50  stm32f10x_rcc.o(.text)
    RCC_LSICmd                               0x08003069   Thumb Code     6  stm32f10x_rcc.o(.text)
    RCC_RTCCLKConfig                         0x0800306f   Thumb Code    12  stm32f10x_rcc.o(.text)
    RCC_RTCCLKCmd                            0x0800307b   Thumb Code     8  stm32f10x_rcc.o(.text)
    RCC_GetClocksFreq                        0x08003083   Thumb Code   192  stm32f10x_rcc.o(.text)
    RCC_AHBPeriphClockCmd                    0x08003143   Thumb Code    26  stm32f10x_rcc.o(.text)
    RCC_APB2PeriphClockCmd                   0x0800315d   Thumb Code    26  stm32f10x_rcc.o(.text)
    RCC_APB1PeriphClockCmd                   0x08003177   Thumb Code    26  stm32f10x_rcc.o(.text)
    RCC_APB2PeriphResetCmd                   0x08003191   Thumb Code    26  stm32f10x_rcc.o(.text)
    RCC_APB1PeriphResetCmd                   0x080031ab   Thumb Code    26  stm32f10x_rcc.o(.text)
    RCC_BackupResetCmd                       0x080031c5   Thumb Code     8  stm32f10x_rcc.o(.text)
    RCC_ClockSecuritySystemCmd               0x080031cd   Thumb Code     6  stm32f10x_rcc.o(.text)
    RCC_MCOConfig                            0x080031d3   Thumb Code     6  stm32f10x_rcc.o(.text)
    RCC_ClearFlag                            0x080031d9   Thumb Code    14  stm32f10x_rcc.o(.text)
    RCC_GetITStatus                          0x080031e7   Thumb Code    20  stm32f10x_rcc.o(.text)
    RCC_ClearITPendingBit                    0x080031fb   Thumb Code     6  stm32f10x_rcc.o(.text)
    USART_DeInit                             0x08003225   Thumb Code   134  stm32f10x_usart.o(.text)
    USART_Init                               0x080032ab   Thumb Code   210  stm32f10x_usart.o(.text)
    USART_StructInit                         0x0800337d   Thumb Code    24  stm32f10x_usart.o(.text)
    USART_ClockInit                          0x08003395   Thumb Code    34  stm32f10x_usart.o(.text)
    USART_ClockStructInit                    0x080033b7   Thumb Code    12  stm32f10x_usart.o(.text)
    USART_Cmd                                0x080033c3   Thumb Code    24  stm32f10x_usart.o(.text)
    USART_ITConfig                           0x080033db   Thumb Code    74  stm32f10x_usart.o(.text)
    USART_DMACmd                             0x08003425   Thumb Code    18  stm32f10x_usart.o(.text)
    USART_SetAddress                         0x08003437   Thumb Code    18  stm32f10x_usart.o(.text)
    USART_WakeUpConfig                       0x08003449   Thumb Code    18  stm32f10x_usart.o(.text)
    USART_ReceiverWakeUpCmd                  0x0800345b   Thumb Code    24  stm32f10x_usart.o(.text)
    USART_LINBreakDetectLengthConfig         0x08003473   Thumb Code    18  stm32f10x_usart.o(.text)
    USART_LINCmd                             0x08003485   Thumb Code    24  stm32f10x_usart.o(.text)
    USART_SendData                           0x0800349d   Thumb Code     8  stm32f10x_usart.o(.text)
    USART_ReceiveData                        0x080034a5   Thumb Code    10  stm32f10x_usart.o(.text)
    USART_SendBreak                          0x080034af   Thumb Code    10  stm32f10x_usart.o(.text)
    USART_SetGuardTime                       0x080034b9   Thumb Code    16  stm32f10x_usart.o(.text)
    USART_SetPrescaler                       0x080034c9   Thumb Code    16  stm32f10x_usart.o(.text)
    USART_SmartCardCmd                       0x080034d9   Thumb Code    24  stm32f10x_usart.o(.text)
    USART_SmartCardNACKCmd                   0x080034f1   Thumb Code    24  stm32f10x_usart.o(.text)
    USART_HalfDuplexCmd                      0x08003509   Thumb Code    24  stm32f10x_usart.o(.text)
    USART_OverSampling8Cmd                   0x08003521   Thumb Code    22  stm32f10x_usart.o(.text)
    USART_OneBitMethodCmd                    0x08003537   Thumb Code    24  stm32f10x_usart.o(.text)
    USART_IrDAConfig                         0x0800354f   Thumb Code    18  stm32f10x_usart.o(.text)
    USART_IrDACmd                            0x08003561   Thumb Code    24  stm32f10x_usart.o(.text)
    USART_GetFlagStatus                      0x08003579   Thumb Code    26  stm32f10x_usart.o(.text)
    USART_ClearFlag                          0x08003593   Thumb Code    18  stm32f10x_usart.o(.text)
    USART_GetITStatus                        0x080035a5   Thumb Code    84  stm32f10x_usart.o(.text)
    USART_ClearITPendingBit                  0x080035f9   Thumb Code    52  stm32f10x_usart.o(.text)
    NMI_Handler                              0x0800362d   Thumb Code     2  stm32f10x_it.o(.text)
    HardFault_Handler                        0x0800362f   Thumb Code     4  stm32f10x_it.o(.text)
    MemManage_Handler                        0x08003633   Thumb Code     4  stm32f10x_it.o(.text)
    BusFault_Handler                         0x08003637   Thumb Code     4  stm32f10x_it.o(.text)
    UsageFault_Handler                       0x0800363b   Thumb Code     4  stm32f10x_it.o(.text)
    SVC_Handler                              0x0800363f   Thumb Code     2  stm32f10x_it.o(.text)
    DebugMon_Handler                         0x08003641   Thumb Code     2  stm32f10x_it.o(.text)
    USART1_IRQHandler                        0x08003643   Thumb Code    32  stm32f10x_it.o(.text)
    OS_TaskStatStkChk                        0x08003669   Thumb Code    54  os_core.o(.text)
    OS_TaskStat                              0x0800369f   Thumb Code   116  os_core.o(.text)
    OS_TaskIdle                              0x08003747   Thumb Code    34  os_core.o(.text)
    OS_MemClr                                0x0800379d   Thumb Code    18  os_core.o(.text)
    OSInit                                   0x080038bb   Thumb Code    44  os_core.o(.text)
    OSIntEnter                               0x080038e7   Thumb Code    28  os_core.o(.text)
    OSIntExit                                0x0800391d   Thumb Code   112  os_core.o(.text)
    OSSchedLock                              0x0800398d   Thumb Code    50  os_core.o(.text)
    OS_Sched                                 0x080039bf   Thumb Code    88  os_core.o(.text)
    OSSchedUnlock                            0x08003a17   Thumb Code   238  os_core.o(.text)
    OSStart                                  0x08003b05   Thumb Code    48  os_core.o(.text)
    OSStatInit                               0x08003b35   Thumb Code    62  os_core.o(.text)
    OSTimeTick                               0x08003b73   Thumb Code   210  os_core.o(.text)
    OSVersion                                0x08003c45   Thumb Code     6  os_core.o(.text)
    OS_Dummy                                 0x08003c4b   Thumb Code     2  os_core.o(.text)
    OS_EventTaskRemove                       0x08003c4d   Thumb Code    42  os_core.o(.text)
    OS_EventTaskRdy                          0x08003c77   Thumb Code   114  os_core.o(.text)
    OS_EventTaskWait                         0x08003ce9   Thumb Code   112  os_core.o(.text)
    OS_EventWaitListInit                     0x08003d59   Thumb Code    28  os_core.o(.text)
    OS_MemCopy                               0x08003d75   Thumb Code    20  os_core.o(.text)
    OS_StrLen                                0x08003d89   Thumb Code    20  os_core.o(.text)
    OS_TCBInit                               0x08003d9d   Thumb Code   280  os_core.o(.text)
    OSFlagAccept                             0x08003ef9   Thumb Code   252  os_flag.o(.text)
    OSFlagCreate                             0x08003ff5   Thumb Code    86  os_flag.o(.text)
    OS_FlagUnlink                            0x0800404b   Thumb Code    36  os_flag.o(.text)
    OSFlagDel                                0x080040c1   Thumb Code   214  os_flag.o(.text)
    OSFlagNameGet                            0x08004197   Thumb Code    80  os_flag.o(.text)
    OSFlagNameSet                            0x080041e7   Thumb Code    66  os_flag.o(.text)
    OSFlagPend                               0x080042c1   Thumb Code   614  os_flag.o(.text)
    OSFlagPendGetFlagsRdy                    0x08004527   Thumb Code    26  os_flag.o(.text)
    OSFlagPost                               0x08004541   Thumb Code   312  os_flag.o(.text)
    OSFlagQuery                              0x08004679   Thumb Code    48  os_flag.o(.text)
    OS_FlagInit                              0x080046a9   Thumb Code    78  os_flag.o(.text)
    OSQAccept                                0x08004705   Thumb Code    88  os_q.o(.text)
    OSQCreate                                0x0800475d   Thumb Code   140  os_q.o(.text)
    OSQDel                                   0x080047e9   Thumb Code   236  os_q.o(.text)
    OSQFlush                                 0x080048d5   Thumb Code    36  os_q.o(.text)
    OSQPend                                  0x080048f9   Thumb Code   272  os_q.o(.text)
    OSQPendAbort                             0x08004a09   Thumb Code   128  os_q.o(.text)
    OSQPost                                  0x08004a89   Thumb Code   114  os_q.o(.text)
    OSQPostFront                             0x08004afb   Thumb Code   136  os_q.o(.text)
    OSQPostOpt                               0x08004b83   Thumb Code   182  os_q.o(.text)
    OSQQuery                                 0x08004c39   Thumb Code    98  os_q.o(.text)
    OS_QInit                                 0x08004c9b   Thumb Code    72  os_q.o(.text)
    OSSemAccept                              0x08004ced   Thumb Code    42  os_sem.o(.text)
    OSSemCreate                              0x08004d17   Thumb Code    68  os_sem.o(.text)
    OSSemDel                                 0x08004d5b   Thumb Code   200  os_sem.o(.text)
    OSSemPend                                0x08004e23   Thumb Code   222  os_sem.o(.text)
    OSSemPendAbort                           0x08004f01   Thumb Code   128  os_sem.o(.text)
    OSSemPost                                0x08004f81   Thumb Code    88  os_sem.o(.text)
    OSSemQuery                               0x08004fd9   Thumb Code    76  os_sem.o(.text)
    OSSemSet                                 0x08005025   Thumb Code    66  os_sem.o(.text)
    OSTaskChangePrio                         0x08005079   Thumb Code   308  os_task.o(.text)
    OSTaskCreate                             0x080051ad   Thumb Code   148  os_task.o(.text)
    OS_TaskStkClr                            0x08005241   Thumb Code    26  os_task.o(.text)
    OSTaskCreateExt                          0x0800525b   Thumb Code   170  os_task.o(.text)
    OSTaskDel                                0x08005305   Thumb Code   294  os_task.o(.text)
    OSTaskDelReq                             0x0800542b   Thumb Code   144  os_task.o(.text)
    OSTaskNameGet                            0x080054bb   Thumb Code   114  os_task.o(.text)
    OSTaskNameSet                            0x0800552d   Thumb Code    98  os_task.o(.text)
    OSTaskResume                             0x0800558f   Thumb Code   154  os_task.o(.text)
    OSTaskStkChk                             0x08005629   Thumb Code   132  os_task.o(.text)
    OSTaskSuspend                            0x080056ad   Thumb Code   152  os_task.o(.text)
    OSTaskQuery                              0x08005745   Thumb Code    82  os_task.o(.text)
    OSTaskRegGet                             0x08005797   Thumb Code    60  os_task.o(.text)
    OSTaskRegSet                             0x080057d3   Thumb Code    62  os_task.o(.text)
    OS_TaskReturn                            0x08005811   Thumb Code    18  os_task.o(.text)
    OSTimeDly                                0x0800583d   Thumb Code   100  os_time.o(.text)
    OSTimeDlyHMSM                            0x080058a1   Thumb Code    86  os_time.o(.text)
    OSTimeDlyResume                          0x080058f7   Thumb Code   168  os_time.o(.text)
    OSTimeGet                                0x0800599f   Thumb Code    24  os_time.o(.text)
    OSTimeSet                                0x080059b7   Thumb Code    24  os_time.o(.text)
    OS_CPU_SR_Save                           0x080059ed   Thumb Code     0  os_cpu_a.o(.text)
    OS_CPU_SR_Restore                        0x080059f5   Thumb Code     0  os_cpu_a.o(.text)
    OSStartHighRdy                           0x080059fb   Thumb Code     0  os_cpu_a.o(.text)
    OSCtxSw                                  0x08005a1d   Thumb Code     0  os_cpu_a.o(.text)
    OSIntCtxSw                               0x08005a2b   Thumb Code     0  os_cpu_a.o(.text)
    PendSV_Handler                           0x08005a3b   Thumb Code     0  os_cpu_a.o(.text)
    OSInitHookBegin                          0x08005aa1   Thumb Code     2  os_cpu_c.o(.text)
    OSInitHookEnd                            0x08005aa3   Thumb Code     2  os_cpu_c.o(.text)
    OSTaskCreateHook                         0x08005aa5   Thumb Code     2  os_cpu_c.o(.text)
    OSTaskDelHook                            0x08005aa7   Thumb Code     2  os_cpu_c.o(.text)
    OSTaskIdleHook                           0x08005aa9   Thumb Code     2  os_cpu_c.o(.text)
    OSTaskStatHook                           0x08005aab   Thumb Code     2  os_cpu_c.o(.text)
    OSTaskStkInit                            0x08005aad   Thumb Code   154  os_cpu_c.o(.text)
    OSTaskSwHook                             0x08005b47   Thumb Code     2  os_cpu_c.o(.text)
    OSTCBInitHook                            0x08005b49   Thumb Code     2  os_cpu_c.o(.text)
    OSTimeTickHook                           0x08005b4b   Thumb Code     2  os_cpu_c.o(.text)
    OSTaskReturnHook                         0x08005b4d   Thumb Code     2  os_cpu_c.o(.text)
    __2sprintf                               0x08005b51   Thumb Code    34  noretval__2sprintf.o(.text)
    _printf_pre_padding                      0x08005b79   Thumb Code    44  _printf_pad.o(.text)
    _printf_post_padding                     0x08005ba5   Thumb Code    34  _printf_pad.o(.text)
    __printf                                 0x08005bc7   Thumb Code   270  __printf_wp.o(.text)
    __0sscanf                                0x08005cd5   Thumb Code    52  __0sscanf.o(.text)
    _scanf_int                               0x08005d11   Thumb Code   332  _scanf_int.o(.text)
    setlocale                                0x08005e5d   Thumb Code    10  locale.o(.text)
    __aeabi_memclr4                          0x08005e6d   Thumb Code     0  rt_memclr_w.o(.text)
    __aeabi_memclr8                          0x08005e6d   Thumb Code     0  rt_memclr_w.o(.text)
    __rt_memclr_w                            0x08005e6d   Thumb Code    78  rt_memclr_w.o(.text)
    _memset_w                                0x08005e71   Thumb Code     0  rt_memclr_w.o(.text)
    __use_two_region_memory                  0x08005ebb   Thumb Code     2  heapauxi.o(.text)
    __rt_heap_escrow$2region                 0x08005ebd   Thumb Code     2  heapauxi.o(.text)
    __rt_heap_expand$2region                 0x08005ebf   Thumb Code     2  heapauxi.o(.text)
    __lib_sel_fp_printf                      0x08005ec1   Thumb Code     2  _printf_fp_dec.o(.text)
    _printf_fp_dec_real                      0x0800606f   Thumb Code   616  _printf_fp_dec.o(.text)
    _printf_char_common                      0x080062e3   Thumb Code    32  _printf_char_common.o(.text)
    _sputc                                   0x08006309   Thumb Code    10  _sputc.o(.text)
    _chval                                   0x08006313   Thumb Code    28  _chval.o(.text)
    __vfscanf_char                           0x0800633d   Thumb Code    24  scanf_char.o(.text)
    _sgetc                                   0x0800635d   Thumb Code    30  _sgetc.o(.text)
    _sbackspace                              0x0800637b   Thumb Code    34  _sgetc.o(.text)
    _setlocale_r                             0x08006437   Thumb Code   110  locale_r.o(.text)
    __rt_locale                              0x08006549   Thumb Code     8  rt_locale_intlibspace.o(.text)
    _ll_udiv10                               0x08006551   Thumb Code   138  lludiv10.o(.text)
    isspace                                  0x080065db   Thumb Code    18  isspace.o(.text)
    _printf_fp_infnan                        0x080065ed   Thumb Code   112  _printf_fp_infnan.o(.text)
    __vfscanf                                0x0800666d   Thumb Code   872  _scanf.o(.text)
    _btod_etento                             0x080069d9   Thumb Code   212  bigflt0.o(.text)
    __user_libspace                          0x08006ab1   Thumb Code     8  libspace.o(.text)
    __user_perproc_libspace                  0x08006ab1   Thumb Code     0  libspace.o(.text)
    __user_perthread_libspace                0x08006ab1   Thumb Code     0  libspace.o(.text)
    __user_setup_stackheap                   0x08006ab9   Thumb Code    74  sys_stackheap_outer.o(.text)
    __rt_ctype_table                         0x08006b05   Thumb Code    16  rt_ctype_table.o(.text)
    exit                                     0x08006b15   Thumb Code    12  exit.o(.text)
    strcmp                                   0x08006b21   Thumb Code   128  strcmpv7m.o(.text)
    _sys_exit                                0x08006ba1   Thumb Code     8  sys_exit.o(.text)
    __I$use$semihosting                      0x08006bad   Thumb Code     0  use_no_semi.o(.text)
    __use_no_semihosting_swi                 0x08006bad   Thumb Code     2  use_no_semi.o(.text)
    __semihosting_library_function           0x08006baf   Thumb Code     0  indicate_semi.o(.text)
    _btod_d2e                                0x08006baf   Thumb Code    62  btod.o(CL$$btod_d2e)
    _d2e_denorm_low                          0x08006bed   Thumb Code    70  btod.o(CL$$btod_d2e_denorm_low)
    _d2e_norm_op1                            0x08006c33   Thumb Code    96  btod.o(CL$$btod_d2e_norm_op1)
    __btod_div_common                        0x08006c93   Thumb Code   696  btod.o(CL$$btod_div_common)
    _e2e                                     0x08006fcb   Thumb Code   198  btod.o(CL$$btod_e2e)
    _btod_ediv                               0x08007091   Thumb Code    40  btod.o(CL$$btod_ediv)
    _btod_emul                               0x080070b9   Thumb Code    40  btod.o(CL$$btod_emul)
    __btod_mult_common                       0x080070e1   Thumb Code   580  btod.o(CL$$btod_mult_common)
    __ARM_fpclassify                         0x08007325   Thumb Code    40  fpclassify.o(i.__ARM_fpclassify)
    _is_digit                                0x0800734d   Thumb Code    14  __printf_wp.o(i._is_digit)
    _get_lc_numeric                          0x0800735d   Thumb Code    44  lc_numeric_c.o(locale$$code)
    _get_lc_ctype                            0x08007389   Thumb Code    44  lc_ctype_c.o(locale$$code)
    __aeabi_d2f                              0x080073b5   Thumb Code     0  d2f.o(x$fpl$d2f)
    _d2f                                     0x080073b5   Thumb Code    98  d2f.o(x$fpl$d2f)
    __aeabi_dadd                             0x08007419   Thumb Code     0  daddsub_clz.o(x$fpl$dadd)
    _dadd                                    0x08007419   Thumb Code   332  daddsub_clz.o(x$fpl$dadd)
    __aeabi_ddiv                             0x08007569   Thumb Code     0  ddiv.o(x$fpl$ddiv)
    _ddiv                                    0x08007569   Thumb Code   552  ddiv.o(x$fpl$ddiv)
    __aeabi_d2iz                             0x08007819   Thumb Code     0  dfix.o(x$fpl$dfix)
    _dfix                                    0x08007819   Thumb Code    94  dfix.o(x$fpl$dfix)
    __aeabi_dmul                             0x08007879   Thumb Code     0  dmul.o(x$fpl$dmul)
    _dmul                                    0x08007879   Thumb Code   332  dmul.o(x$fpl$dmul)
    __fpl_dnaninf                            0x080079cd   Thumb Code   156  dnaninf.o(x$fpl$dnaninf)
    __fpl_dretinf                            0x08007a69   Thumb Code    12  dretinf.o(x$fpl$dretinf)
    __aeabi_dsub                             0x08007a75   Thumb Code     0  daddsub_clz.o(x$fpl$dsub)
    _dsub                                    0x08007a75   Thumb Code   464  daddsub_clz.o(x$fpl$dsub)
    __aeabi_f2d                              0x08007c49   Thumb Code     0  f2d.o(x$fpl$f2d)
    _f2d                                     0x08007c49   Thumb Code    86  f2d.o(x$fpl$f2d)
    __aeabi_fadd                             0x08007ca1   Thumb Code     0  faddsub_clz.o(x$fpl$fadd)
    _fadd                                    0x08007ca1   Thumb Code   196  faddsub_clz.o(x$fpl$fadd)
    __aeabi_fdiv                             0x08007d65   Thumb Code     0  fdiv.o(x$fpl$fdiv)
    _fdiv                                    0x08007d65   Thumb Code   384  fdiv.o(x$fpl$fdiv)
    __aeabi_f2iz                             0x08007ee9   Thumb Code     0  ffix.o(x$fpl$ffix)
    _ffix                                    0x08007ee9   Thumb Code    54  ffix.o(x$fpl$ffix)
    __aeabi_f2uiz                            0x08007f21   Thumb Code     0  ffixu.o(x$fpl$ffixu)
    _ffixu                                   0x08007f21   Thumb Code    62  ffixu.o(x$fpl$ffixu)
    __aeabi_i2f                              0x08007f61   Thumb Code     0  fflt_clz.o(x$fpl$fflt)
    _fflt                                    0x08007f61   Thumb Code    48  fflt_clz.o(x$fpl$fflt)
    __aeabi_fmul                             0x08007f91   Thumb Code     0  fmul.o(x$fpl$fmul)
    _fmul                                    0x08007f91   Thumb Code   258  fmul.o(x$fpl$fmul)
    __fpl_fnaninf                            0x08008093   Thumb Code   140  fnaninf.o(x$fpl$fnaninf)
    __fpl_fretinf                            0x0800811f   Thumb Code    10  fretinf.o(x$fpl$fretinf)
    __aeabi_fsub                             0x08008129   Thumb Code     0  faddsub_clz.o(x$fpl$fsub)
    _fsub                                    0x08008129   Thumb Code   234  faddsub_clz.o(x$fpl$fsub)
    _printf_fp_dec                           0x08008213   Thumb Code     4  printf1.o(x$fpl$printf1)
    OSUnMapTbl                               0x08008216   Data         256  os_core.o(.constdata)
    __I$use$fp                               0x08008216   Number         0  usenofp.o(x$fpl$usenofp)
    Region$$Table$$Base                      0x080083ac   Number         0  anon$$obj.o(Region$$Table)
    Region$$Table$$Limit                     0x080083cc   Number         0  anon$$obj.o(Region$$Table)
    __lcnull_start                           0x080083d8   Data           4  null_locale.o(locale$$data)
    __ctype                                  0x08008405   Data           0  lc_ctype_c.o(locale$$data)
    devstat_sem                              0x20000000   Data           4  main.o(.data)
    com_shell_send_sem                       0x20000004   Data           4  main.o(.data)
    com_shell_cmd_sem                        0x20000008   Data           4  main.o(.data)
    log_buf_sem                              0x2000000c   Data           4  main.o(.data)
    temprature                               0x20000010   Data           2  task_general_control.o(.data)
    do_real_I                                0x20000014   Data           4  task_general_control.o(.data)
    SystemCoreClock                          0x2000001c   Data           4  system_stm32f10x.o(.data)
    AHBPrescTable                            0x20000020   Data          16  system_stm32f10x.o(.data)
    update_en                                0x20000030   Data           1  cmd_process.o(.data)
    test_value                               0x20000034   Data           4  cmd_process.o(.data)
    do_oxygen                                0x20000040   Data           4  oxygen.o(.data)
    OSCtxSwCtr                               0x20000058   Data           4  os_core.o(.data)
    OSEventFreeList                          0x2000005c   Data           4  os_core.o(.data)
    OSFlagFreeList                           0x20000060   Data           4  os_core.o(.data)
    OSCPUUsage                               0x20000064   Data           1  os_core.o(.data)
    OSIdleCtrMax                             0x20000068   Data           4  os_core.o(.data)
    OSIdleCtrRun                             0x2000006c   Data           4  os_core.o(.data)
    OSStatRdy                                0x20000070   Data           1  os_core.o(.data)
    OSIntNesting                             0x20000071   Data           1  os_core.o(.data)
    OSLockNesting                            0x20000072   Data           1  os_core.o(.data)
    OSPrioCur                                0x20000073   Data           1  os_core.o(.data)
    OSPrioHighRdy                            0x20000074   Data           1  os_core.o(.data)
    OSRdyGrp                                 0x20000075   Data           1  os_core.o(.data)
    OSRdyTbl                                 0x20000076   Data           8  os_core.o(.data)
    OSRunning                                0x2000007e   Data           1  os_core.o(.data)
    OSTaskCtr                                0x2000007f   Data           1  os_core.o(.data)
    OSIdleCtr                                0x20000080   Data           4  os_core.o(.data)
    OSTCBCur                                 0x20000084   Data           4  os_core.o(.data)
    OSTCBFreeList                            0x20000088   Data           4  os_core.o(.data)
    OSTCBHighRdy                             0x2000008c   Data           4  os_core.o(.data)
    OSTCBList                                0x20000090   Data           4  os_core.o(.data)
    OSTickStepState                          0x20000094   Data           1  os_core.o(.data)
    OSQFreeList                              0x20000098   Data           4  os_core.o(.data)
    OSTime                                   0x2000009c   Data           4  os_core.o(.data)
    TASK0_STACK                              0x200000a0   Data        2048  main.o(.bss)
    TASK1_STACK                              0x200008a0   Data        4096  main.o(.bss)
    TASK2_STACK                              0x200018a0   Data        4096  main.o(.bss)
    TASK3_STACK                              0x200028a0   Data        4096  main.o(.bss)
    DevStat                                  0x200038a0   Data         160  main.o(.bss)
    cmd_buffer                               0x20003940   Data          20  cmd_process.o(.bss)
    OSEventTbl                               0x200039a8   Data         200  os_core.o(.bss)
    OSFlagTbl                                0x20003a70   Data          80  os_core.o(.bss)
    OSTaskStatStk                            0x20003ac0   Data         512  os_core.o(.bss)
    OSTaskIdleStk                            0x20003cc0   Data         512  os_core.o(.bss)
    OSTCBPrioTbl                             0x20003ec0   Data         256  os_core.o(.bss)
    OSTCBTbl                                 0x20003fc0   Data        1008  os_core.o(.bss)
    OSQTbl                                   0x200043b0   Data         120  os_core.o(.bss)
    __libspace_start                         0x20004454   Data          96  libspace.o(.bss)
    __temporary_stack_top$libspace           0x200044b4   Data           0  libspace.o(.bss)



==============================================================================

Memory Map of the image

  Image Entry point : 0x080000ed

  Load Region LR_IROM1 (Base: 0x08000000, Size: 0x000085a8, Max: 0x00010000, ABSOLUTE)

    Execution Region ER_IROM1 (Base: 0x08000000, Size: 0x00008508, Max: 0x00010000, ABSOLUTE)

    Base Addr    Size         Type   Attr      Idx    E Section Name        Object

    0x08000000   0x000000ec   Data   RO          565    RESET               startup_stm32f10x_md.o
    0x080000ec   0x00000008   Code   RO         1067  * !!!main             c_w.l(__main.o)
    0x080000f4   0x00000034   Code   RO         1348    !!!scatter          c_w.l(__scatter.o)
    0x08000128   0x0000001a   Code   RO         1350    !!handler_copy      c_w.l(__scatter_copy.o)
    0x08000142   0x00000002   PAD
    0x08000144   0x0000001c   Code   RO         1352    !!handler_zi        c_w.l(__scatter_zi.o)
    0x08000160   0x00000000   Code   RO         1055    .ARM.Collect$$_printf_percent$$00000000  c_w.l(_printf_percent.o)
    0x08000160   0x00000006   Code   RO         1054    .ARM.Collect$$_printf_percent$$00000003  c_w.l(_printf_f.o)
    0x08000166   0x00000004   Code   RO         1124    .ARM.Collect$$_printf_percent$$00000017  c_w.l(_printf_percent_end.o)
    0x0800016a   0x00000002   Code   RO         1221    .ARM.Collect$$libinit$$00000000  c_w.l(libinit.o)
    0x0800016c   0x00000000   Code   RO         1223    .ARM.Collect$$libinit$$00000002  c_w.l(libinit2.o)
    0x0800016c   0x00000000   Code   RO         1226    .ARM.Collect$$libinit$$00000008  c_w.l(libinit2.o)
    0x0800016c   0x00000000   Code   RO         1228    .ARM.Collect$$libinit$$0000000A  c_w.l(libinit2.o)
    0x0800016c   0x00000000   Code   RO         1230    .ARM.Collect$$libinit$$0000000C  c_w.l(libinit2.o)
    0x0800016c   0x00000006   Code   RO         1231    .ARM.Collect$$libinit$$0000000D  c_w.l(libinit2.o)
    0x08000172   0x00000000   Code   RO         1233    .ARM.Collect$$libinit$$0000000F  c_w.l(libinit2.o)
    0x08000172   0x0000000c   Code   RO         1234    .ARM.Collect$$libinit$$00000010  c_w.l(libinit2.o)
    0x0800017e   0x00000000   Code   RO         1235    .ARM.Collect$$libinit$$00000011  c_w.l(libinit2.o)
    0x0800017e   0x00000000   Code   RO         1237    .ARM.Collect$$libinit$$00000013  c_w.l(libinit2.o)
    0x0800017e   0x0000000a   Code   RO         1238    .ARM.Collect$$libinit$$00000014  c_w.l(libinit2.o)
    0x08000188   0x00000000   Code   RO         1239    .ARM.Collect$$libinit$$00000015  c_w.l(libinit2.o)
    0x08000188   0x00000000   Code   RO         1241    .ARM.Collect$$libinit$$00000017  c_w.l(libinit2.o)
    0x08000188   0x00000000   Code   RO         1243    .ARM.Collect$$libinit$$00000019  c_w.l(libinit2.o)
    0x08000188   0x00000000   Code   RO         1245    .ARM.Collect$$libinit$$0000001B  c_w.l(libinit2.o)
    0x08000188   0x00000000   Code   RO         1247    .ARM.Collect$$libinit$$0000001D  c_w.l(libinit2.o)
    0x08000188   0x00000000   Code   RO         1249    .ARM.Collect$$libinit$$0000001F  c_w.l(libinit2.o)
    0x08000188   0x00000000   Code   RO         1251    .ARM.Collect$$libinit$$00000021  c_w.l(libinit2.o)
    0x08000188   0x00000000   Code   RO         1253    .ARM.Collect$$libinit$$00000023  c_w.l(libinit2.o)
    0x08000188   0x00000000   Code   RO         1257    .ARM.Collect$$libinit$$0000002A  c_w.l(libinit2.o)
    0x08000188   0x00000000   Code   RO         1259    .ARM.Collect$$libinit$$0000002C  c_w.l(libinit2.o)
    0x08000188   0x00000000   Code   RO         1261    .ARM.Collect$$libinit$$0000002E  c_w.l(libinit2.o)
    0x08000188   0x00000000   Code   RO         1263    .ARM.Collect$$libinit$$00000030  c_w.l(libinit2.o)
    0x08000188   0x00000002   Code   RO         1264    .ARM.Collect$$libinit$$00000031  c_w.l(libinit2.o)
    0x0800018a   0x00000002   Code   RO         1297    .ARM.Collect$$libshutdown$$00000000  c_w.l(libshutdown.o)
    0x0800018c   0x00000000   Code   RO         1309    .ARM.Collect$$libshutdown$$00000003  c_w.l(libshutdown2.o)
    0x0800018c   0x00000000   Code   RO         1312    .ARM.Collect$$libshutdown$$00000006  c_w.l(libshutdown2.o)
    0x0800018c   0x00000000   Code   RO         1315    .ARM.Collect$$libshutdown$$00000009  c_w.l(libshutdown2.o)
    0x0800018c   0x00000000   Code   RO         1317    .ARM.Collect$$libshutdown$$0000000B  c_w.l(libshutdown2.o)
    0x0800018c   0x00000000   Code   RO         1320    .ARM.Collect$$libshutdown$$0000000E  c_w.l(libshutdown2.o)
    0x0800018c   0x00000002   Code   RO         1321    .ARM.Collect$$libshutdown$$0000000F  c_w.l(libshutdown2.o)
    0x0800018e   0x00000000   Code   RO         1117    .ARM.Collect$$rtentry$$00000000  c_w.l(rtentry.o)
    0x0800018e   0x00000000   Code   RO         1143    .ARM.Collect$$rtentry$$00000002  c_w.l(rtentry2.o)
    0x0800018e   0x00000006   Code   RO         1155    .ARM.Collect$$rtentry$$00000004  c_w.l(rtentry4.o)
    0x08000194   0x00000000   Code   RO         1145    .ARM.Collect$$rtentry$$00000009  c_w.l(rtentry2.o)
    0x08000194   0x00000004   Code   RO         1146    .ARM.Collect$$rtentry$$0000000A  c_w.l(rtentry2.o)
    0x08000198   0x00000000   Code   RO         1148    .ARM.Collect$$rtentry$$0000000C  c_w.l(rtentry2.o)
    0x08000198   0x00000008   Code   RO         1149    .ARM.Collect$$rtentry$$0000000D  c_w.l(rtentry2.o)
    0x080001a0   0x00000002   Code   RO         1265    .ARM.Collect$$rtexit$$00000000  c_w.l(rtexit.o)
    0x080001a2   0x00000000   Code   RO         1275    .ARM.Collect$$rtexit$$00000002  c_w.l(rtexit2.o)
    0x080001a2   0x00000004   Code   RO         1276    .ARM.Collect$$rtexit$$00000003  c_w.l(rtexit2.o)
    0x080001a6   0x00000006   Code   RO         1277    .ARM.Collect$$rtexit$$00000004  c_w.l(rtexit2.o)
    0x080001ac   0x000001d0   Code   RO            1    .text               main.o
    0x0800037c   0x000000a8   Code   RO          226    .text               task_general_control.o
    0x08000424   0x00000050   Code   RO          242    .text               task_touch_ui.o
    0x08000474   0x000000f4   Code   RO          258    .text               delay.o
    0x08000568   0x000001e0   Code   RO          296    .text               system_stm32f10x.o
    0x08000748   0x00000124   Code   RO          336    .text               drv_led.o
    0x0800086c   0x00000094   Code   RO          348    .text               drv_delay.o
    0x08000900   0x00000004   Code   RO          360    .text               drv_wdt.o
    0x08000904   0x000000aa   Code   RO          384    .text               adc.o
    0x080009ae   0x00000002   PAD
    0x080009b0   0x00000258   Code   RO          399    .text               ds18b20.o
    0x08000c08   0x00000294   Code   RO          411    .text               cmd_process.o
    0x08000e9c   0x00000170   Code   RO          428    .text               cmd_queue.o
    0x0800100c   0x0000145e   Code   RO          458    .text               hmi_driver.o
    0x0800246a   0x00000002   PAD
    0x0800246c   0x000000d4   Code   RO          472    .text               hmi_user_uart.o
    0x08002540   0x000001ec   Code   RO          500    .text               oxygen.o
    0x0800272c   0x000000b0   Code   RO          516    .text               drv_buzzer.o
    0x080027dc   0x0000022c   Code   RO          540    .text               myiic.o
    0x08002a08   0x00000040   Code   RO          566    .text               startup_stm32f10x_md.o
    0x08002a48   0x000000dc   Code   RO          570    .text               misc.o
    0x08002b24   0x0000035c   Code   RO          594    .text               stm32f10x_gpio.o
    0x08002e80   0x000003a4   Code   RO          606    .text               stm32f10x_rcc.o
    0x08003224   0x00000408   Code   RO          620    .text               stm32f10x_usart.o
    0x0800362c   0x0000003c   Code   RO          848    .text               stm32f10x_it.o
    0x08003668   0x00000890   Code   RO          863    .text               os_core.o
    0x08003ef8   0x0000080c   Code   RO          890    .text               os_flag.o
    0x08004704   0x000005e8   Code   RO          936    .text               os_q.o
    0x08004cec   0x0000038c   Code   RO          948    .text               os_sem.o
    0x08005078   0x000007c4   Code   RO          960    .text               os_task.o
    0x0800583c   0x000001b0   Code   RO          972    .text               os_time.o
    0x080059ec   0x000000b4   Code   RO          990    .text               os_cpu_a.o
    0x08005aa0   0x000000ae   Code   RO          993    .text               os_cpu_c.o
    0x08005b4e   0x00000002   PAD
    0x08005b50   0x00000028   Code   RO         1028    .text               c_w.l(noretval__2sprintf.o)
    0x08005b78   0x0000004e   Code   RO         1032    .text               c_w.l(_printf_pad.o)
    0x08005bc6   0x0000010e   Code   RO         1042    .text               c_w.l(__printf_wp.o)
    0x08005cd4   0x0000003c   Code   RO         1056    .text               c_w.l(__0sscanf.o)
    0x08005d10   0x0000014c   Code   RO         1058    .text               c_w.l(_scanf_int.o)
    0x08005e5c   0x00000010   Code   RO         1060    .text               c_w.l(locale.o)
    0x08005e6c   0x0000004e   Code   RO         1063    .text               c_w.l(rt_memclr_w.o)
    0x08005eba   0x00000006   Code   RO         1065    .text               c_w.l(heapauxi.o)
    0x08005ec0   0x00000416   Code   RO         1118    .text               c_w.l(_printf_fp_dec.o)
    0x080062d6   0x00000002   PAD
    0x080062d8   0x00000030   Code   RO         1120    .text               c_w.l(_printf_char_common.o)
    0x08006308   0x0000000a   Code   RO         1122    .text               c_w.l(_sputc.o)
    0x08006312   0x0000001c   Code   RO         1125    .text               c_w.l(_chval.o)
    0x0800632e   0x00000002   PAD
    0x08006330   0x0000002c   Code   RO         1127    .text               c_w.l(scanf_char.o)
    0x0800635c   0x00000040   Code   RO         1129    .text               c_w.l(_sgetc.o)
    0x0800639c   0x000001ac   Code   RO         1131    .text               c_w.l(locale_r.o)
    0x08006548   0x00000008   Code   RO         1160    .text               c_w.l(rt_locale_intlibspace.o)
    0x08006550   0x0000008a   Code   RO         1162    .text               c_w.l(lludiv10.o)
    0x080065da   0x00000012   Code   RO         1164    .text               c_w.l(isspace.o)
    0x080065ec   0x00000080   Code   RO         1166    .text               c_w.l(_printf_fp_infnan.o)
    0x0800666c   0x0000036c   Code   RO         1170    .text               c_w.l(_scanf.o)
    0x080069d8   0x000000d8   Code   RO         1172    .text               c_w.l(bigflt0.o)
    0x08006ab0   0x00000008   Code   RO         1205    .text               c_w.l(libspace.o)
    0x08006ab8   0x0000004a   Code   RO         1208    .text               c_w.l(sys_stackheap_outer.o)
    0x08006b02   0x00000002   PAD
    0x08006b04   0x00000010   Code   RO         1210    .text               c_w.l(rt_ctype_table.o)
    0x08006b14   0x0000000c   Code   RO         1212    .text               c_w.l(exit.o)
    0x08006b20   0x00000080   Code   RO         1214    .text               c_w.l(strcmpv7m.o)
    0x08006ba0   0x0000000c   Code   RO         1287    .text               c_w.l(sys_exit.o)
    0x08006bac   0x00000002   Code   RO         1298    .text               c_w.l(use_no_semi.o)
    0x08006bae   0x00000000   Code   RO         1300    .text               c_w.l(indicate_semi.o)
    0x08006bae   0x0000003e   Code   RO         1175    CL$$btod_d2e        c_w.l(btod.o)
    0x08006bec   0x00000046   Code   RO         1177    CL$$btod_d2e_denorm_low  c_w.l(btod.o)
    0x08006c32   0x00000060   Code   RO         1176    CL$$btod_d2e_norm_op1  c_w.l(btod.o)
    0x08006c92   0x00000338   Code   RO         1185    CL$$btod_div_common  c_w.l(btod.o)
    0x08006fca   0x000000c6   Code   RO         1182    CL$$btod_e2e        c_w.l(btod.o)
    0x08007090   0x00000028   Code   RO         1179    CL$$btod_ediv       c_w.l(btod.o)
    0x080070b8   0x00000028   Code   RO         1178    CL$$btod_emul       c_w.l(btod.o)
    0x080070e0   0x00000244   Code   RO         1184    CL$$btod_mult_common  c_w.l(btod.o)
    0x08007324   0x00000028   Code   RO         1203    i.__ARM_fpclassify  m_ws.l(fpclassify.o)
    0x0800734c   0x0000000e   Code   RO         1044    i._is_digit         c_w.l(__printf_wp.o)
    0x0800735a   0x00000002   PAD
    0x0800735c   0x0000002c   Code   RO         1199    locale$$code        c_w.l(lc_numeric_c.o)
    0x08007388   0x0000002c   Code   RO         1268    locale$$code        c_w.l(lc_ctype_c.o)
    0x080073b4   0x00000062   Code   RO         1069    x$fpl$d2f           fz_ws.l(d2f.o)
    0x08007416   0x00000002   PAD
    0x08007418   0x00000150   Code   RO         1071    x$fpl$dadd          fz_ws.l(daddsub_clz.o)
    0x08007568   0x000002b0   Code   RO         1078    x$fpl$ddiv          fz_ws.l(ddiv.o)
    0x08007818   0x0000005e   Code   RO         1081    x$fpl$dfix          fz_ws.l(dfix.o)
    0x08007876   0x00000002   PAD
    0x08007878   0x00000154   Code   RO         1085    x$fpl$dmul          fz_ws.l(dmul.o)
    0x080079cc   0x0000009c   Code   RO         1133    x$fpl$dnaninf       fz_ws.l(dnaninf.o)
    0x08007a68   0x0000000c   Code   RO         1135    x$fpl$dretinf       fz_ws.l(dretinf.o)
    0x08007a74   0x000001d4   Code   RO         1073    x$fpl$dsub          fz_ws.l(daddsub_clz.o)
    0x08007c48   0x00000056   Code   RO         1087    x$fpl$f2d           fz_ws.l(f2d.o)
    0x08007c9e   0x00000002   PAD
    0x08007ca0   0x000000c4   Code   RO         1089    x$fpl$fadd          fz_ws.l(faddsub_clz.o)
    0x08007d64   0x00000184   Code   RO         1096    x$fpl$fdiv          fz_ws.l(fdiv.o)
    0x08007ee8   0x00000036   Code   RO         1099    x$fpl$ffix          fz_ws.l(ffix.o)
    0x08007f1e   0x00000002   PAD
    0x08007f20   0x0000003e   Code   RO         1103    x$fpl$ffixu         fz_ws.l(ffixu.o)
    0x08007f5e   0x00000002   PAD
    0x08007f60   0x00000030   Code   RO         1108    x$fpl$fflt          fz_ws.l(fflt_clz.o)
    0x08007f90   0x00000102   Code   RO         1113    x$fpl$fmul          fz_ws.l(fmul.o)
    0x08008092   0x0000008c   Code   RO         1137    x$fpl$fnaninf       fz_ws.l(fnaninf.o)
    0x0800811e   0x0000000a   Code   RO         1139    x$fpl$fretinf       fz_ws.l(fretinf.o)
    0x08008128   0x000000ea   Code   RO         1091    x$fpl$fsub          fz_ws.l(faddsub_clz.o)
    0x08008212   0x00000004   Code   RO         1115    x$fpl$printf1       fz_ws.l(printf1.o)
    0x08008216   0x00000000   Code   RO         1141    x$fpl$usenofp       fz_ws.l(usenofp.o)
    0x08008216   0x00000100   Data   RO          865    .constdata          os_core.o
    0x08008316   0x00000002   PAD
    0x08008318   0x00000094   Data   RO         1173    .constdata          c_w.l(bigflt0.o)
    0x080083ac   0x00000020   Data   RO         1346    Region$$Table       anon$$obj.o
    0x080083cc   0x00000010   Data   RO         1197    locale$$data        c_w.l(null_locale.o)
    0x080083dc   0x0000001c   Data   RO         1198    locale$$data        c_w.l(lc_numeric_c.o)
    0x080083f8   0x00000110   Data   RO         1267    locale$$data        c_w.l(lc_ctype_c.o)


    Execution Region RW_IRAM1 (Base: 0x20000000, Size: 0x00004ab8, Max: 0x00005000, ABSOLUTE)

    Base Addr    Size         Type   Attr      Idx    E Section Name        Object

    0x20000000   0x00000010   Data   RW            4    .data               main.o
    0x20000010   0x00000008   Data   RW          227    .data               task_general_control.o
    0x20000018   0x00000004   Data   RW          259    .data               delay.o
    0x2000001c   0x00000014   Data   RW          297    .data               system_stm32f10x.o
    0x20000030   0x00000008   Data   RW          413    .data               cmd_process.o
    0x20000038   0x00000004   Data   RW          430    .data               cmd_queue.o
    0x2000003c   0x00000002   Data   RW          459    .data               hmi_driver.o
    0x2000003e   0x00000002   PAD
    0x20000040   0x00000004   Data   RW          501    .data               oxygen.o
    0x20000044   0x00000014   Data   RW          607    .data               stm32f10x_rcc.o
    0x20000058   0x00000048   Data   RW          866    .data               os_core.o
    0x200000a0   0x000038a0   Zero   RW            2    .bss                main.o
    0x20003940   0x00000014   Zero   RW          412    .bss                cmd_process.o
    0x20003954   0x00000054   Zero   RW          429    .bss                cmd_queue.o
    0x200039a8   0x00000a80   Zero   RW          864    .bss                os_core.o
    0x20004428   0x0000002a   Zero   RW         1061    .bss                c_w.l(locale.o)
    0x20004452   0x00000002   PAD
    0x20004454   0x00000060   Zero   RW         1206    .bss                c_w.l(libspace.o)
    0x200044b4   0x00000004   PAD
    0x200044b8   0x00000200   Zero   RW          564    HEAP                startup_stm32f10x_md.o
    0x200046b8   0x00000400   Zero   RW          563    STACK               startup_stm32f10x_md.o


==============================================================================

Image component sizes


      Code (inc. data)   RO Data    RW Data    ZI Data      Debug   Object Name

       170          0          0          0          0       1748   adc.o
       660         48          0          8         20       4885   cmd_process.o
       368         14          0          4         84       2620   cmd_queue.o
         0          0          0          0          0         32   core_cm3.o
       244         14          0          4          0       4563   delay.o
       176          6          0          0          0       1000   drv_buzzer.o
       148          0          0          0          0       1405   drv_delay.o
       292          4          0          0          0       1093   drv_led.o
         4          0          0          0          0        529   drv_wdt.o
       600         16          0          0          0       2539   ds18b20.o
      5214          6          0          2          0      24121   hmi_driver.o
       212          8          0          0          0        900   hmi_user_uart.o
       464         60          0         16      14496     247486   main.o
       220         22          0          0          0       1881   misc.o
       556         14          0          0          0       2151   myiic.o
      2192        218        256         72       2688      15784   os_core.o
       180         36          0          0          0        340   os_cpu_a.o
       174          0          0          0          0      10550   os_cpu_c.o
      2060         42          0          0          0      14376   os_flag.o
      1512         30          0          0          0       5589   os_q.o
       908         18          0          0          0       3934   os_sem.o
      1988         70          0          0          0       7525   os_task.o
       432         30          0          0          0       1810   os_time.o
       492         88          0          4          0       1610   oxygen.o
        64         26        236          0       1536        808   startup_stm32f10x_md.o
       860         38          0          0          0       5725   stm32f10x_gpio.o
        60          6          0          0          0       1329   stm32f10x_it.o
       932         36          0         20          0       8932   stm32f10x_rcc.o
      1032         22          0          0          0       8448   stm32f10x_usart.o
       480         38          0         20          0       1859   system_stm32f10x.o
       168         16          0          8          0       1916   task_general_control.o
        80         10          0          0          0        556   task_touch_ui.o

    ----------------------------------------------------------------------
     22948        936        526        160      18824     388044   Object Totals
         0          0         32          0          0          0   (incl. Generated)
         6          0          2          2          0          0   (incl. Padding)

    ----------------------------------------------------------------------

      Code (inc. data)   RO Data    RW Data    ZI Data      Debug   Library Member Name

        60          8          0          0          0         84   __0sscanf.o
         8          0          0          0          0         68   __main.o
       284          0          0          0          0        156   __printf_wp.o
        52          8          0          0          0          0   __scatter.o
        26          0          0          0          0          0   __scatter_copy.o
        28          0          0          0          0          0   __scatter_zi.o
        28          0          0          0          0         68   _chval.o
        48          6          0          0          0         96   _printf_char_common.o
         6          0          0          0          0          0   _printf_f.o
      1046          0          0          0          0        216   _printf_fp_dec.o
       128         16          0          0          0         84   _printf_fp_infnan.o
        78          0          0          0          0        108   _printf_pad.o
         0          0          0          0          0          0   _printf_percent.o
         4          0          0          0          0          0   _printf_percent_end.o
       876          4          0          0          0        100   _scanf.o
       332          0          0          0          0         96   _scanf_int.o
        64          0          0          0          0         84   _sgetc.o
        10          0          0          0          0         68   _sputc.o
       216          4        148          0          0         96   bigflt0.o
      1910        128          0          0          0        672   btod.o
        12          0          0          0          0         72   exit.o
         6          0          0          0          0        152   heapauxi.o
         0          0          0          0          0          0   indicate_semi.o
        18          0          0          0          0         76   isspace.o
        44         10        272          0          0         76   lc_ctype_c.o
        44         10         28          0          0         76   lc_numeric_c.o
         2          0          0          0          0          0   libinit.o
        30          0          0          0          0          0   libinit2.o
         2          0          0          0          0          0   libshutdown.o
         2          0          0          0          0          0   libshutdown2.o
         8          4          0          0         96         68   libspace.o
       138          0          0          0          0         80   lludiv10.o
        16          6          0          0         42         68   locale.o
       428         10          0          0          0        188   locale_r.o
        40          6          0          0          0         84   noretval__2sprintf.o
         0          0         16          0          0          0   null_locale.o
        16          4          0          0          0         76   rt_ctype_table.o
         8          4          0          0          0         68   rt_locale_intlibspace.o
        78          0          0          0          0         80   rt_memclr_w.o
         0          0          0          0          0          0   rtentry.o
        12          0          0          0          0          0   rtentry2.o
         6          0          0          0          0          0   rtentry4.o
         2          0          0          0          0          0   rtexit.o
        10          0          0          0          0          0   rtexit2.o
        44          8          0          0          0         84   scanf_char.o
       128          0          0          0          0         68   strcmpv7m.o
        12          4          0          0          0         68   sys_exit.o
        74          0          0          0          0         80   sys_stackheap_outer.o
         2          0          0          0          0         68   use_no_semi.o
        98          4          0          0          0         92   d2f.o
       804         16          0          0          0        272   daddsub_clz.o
       688        140          0          0          0        208   ddiv.o
        94          4          0          0          0         92   dfix.o
       340         12          0          0          0        104   dmul.o
       156          4          0          0          0         92   dnaninf.o
        12          0          0          0          0         68   dretinf.o
        86          4          0          0          0         84   f2d.o
       430          8          0          0          0        168   faddsub_clz.o
       388         76          0          0          0         96   fdiv.o
        54          4          0          0          0         84   ffix.o
        62          4          0          0          0         84   ffixu.o
        48          0          0          0          0         68   fflt_clz.o
       258          4          0          0          0         84   fmul.o
       140          4          0          0          0         84   fnaninf.o
        10          0          0          0          0         68   fretinf.o
         4          0          0          0          0         68   printf1.o
         0          0          0          0          0          0   usenofp.o
        40          0          0          0          0         68   fpclassify.o

    ----------------------------------------------------------------------
     10118        524        464          0        144       5412   Library Totals
        20          0          0          0          6          0   (incl. Padding)

    ----------------------------------------------------------------------

      Code (inc. data)   RO Data    RW Data    ZI Data      Debug   Library Name

      6386        240        464          0        138       3528   c_w.l
      3672        284          0          0          0       1816   fz_ws.l
        40          0          0          0          0         68   m_ws.l

    ----------------------------------------------------------------------
     10118        524        464          0        144       5412   Library Totals

    ----------------------------------------------------------------------

==============================================================================


      Code (inc. data)   RO Data    RW Data    ZI Data      Debug   

     33066       1460        990        160      18968     388096   Grand Totals
     33066       1460        990        160      18968     388096   ELF Image Totals
     33066       1460        990        160          0          0   ROM Totals

==============================================================================

    Total RO  Size (Code + RO Data)                34056 (  33.26kB)
    Total RW  Size (RW Data + ZI Data)             19128 (  18.68kB)
    Total ROM Size (Code + RO Data + RW Data)      34216 (  33.41kB)

==============================================================================

